fsl_smc.c:68:13:SMC_EnterStopRamFunc	0	static
fsl_smc.c:99:6:SMC_PreEnterStopModes	0	static
fsl_smc.c:111:6:SMC_PostExitStopModes	0	static
fsl_smc.c:122:6:SMC_PreEnterWaitModes	0	static
fsl_smc.c:134:6:SMC_PostExitWaitModes	0	static
fsl_smc.c:146:10:SMC_SetPowerModeRun	0	static
fsl_smc.c:186:10:SMC_SetPowerModeWait	0	static
fsl_smc.c:204:10:SMC_SetPowerModeStop	8	static
fsl_smc.c:246:10:SMC_SetPowerModeVlpr	0	static
fsl_smc.c:284:10:SMC_SetPowerModeVlpw	0	static
fsl_smc.c:302:10:SMC_SetPowerModeVlps	8	static
fsl_smc.c:337:10:SMC_SetPowerModeLls	8	static
fsl_smc.c:399:10:SMC_SetPowerModeVlls	8	static
