fsl_uart.c:131:10:UART_GetInstance	0	static
fsl_uart.c:156:8:UART_TransferGetRxRingBufferLength	0	static
fsl_uart.c:216:10:UART_Init	24	static
fsl_uart.c:361:6:UART_Deinit	8	static
fsl_uart.c:400:6:UART_GetDefaultConfig	8	static
fsl_uart.c:440:10:UART_SetBaudRate	12	static
fsl_uart.c:521:6:UART_EnableInterrupts	0	static
fsl_uart.c:549:6:UART_DisableInterrupts	0	static
fsl_uart.c:584:10:UART_GetEnabledInterrupts	0	static
fsl_uart.c:616:10:UART_GetStatusFlags	0	static
fsl_uart.c:1357:6:UART_TransferHandleIRQ	32	static
fsl_uart.c:651:10:UART_ClearStatusFlags	8	static
fsl_uart.c:713:6:UART_WriteBlocking	0	static
fsl_uart.c:758:10:UART_ReadBlocking	32	static
fsl_uart.c:849:6:UART_TransferCreateHandle	24	static
fsl_uart.c:897:6:UART_TransferStartRingBuffer	8	static
fsl_uart.c:927:6:UART_TransferStopRingBuffer	8	static
fsl_uart.c:968:10:UART_TransferSendNonBlocking	8	static
fsl_uart.c:1007:6:UART_TransferAbortSend	8	static
fsl_uart.c:1031:10:UART_TransferGetSendCount	0	static
fsl_uart.c:1072:10:UART_TransferReceiveNonBlocking	32	static
fsl_uart.c:1204:6:UART_TransferAbortReceive	8	static
fsl_uart.c:1238:10:UART_TransferGetReceiveCount	0	static
fsl_uart.c:1269:10:UART_EnableTxFIFO	8	static
fsl_uart.c:1314:10:UART_EnableRxFIFO	8	static
fsl_uart.c:1662:6:UART_TransferHandleErrorIRQ	0	static
fsl_uart.c:1670:6:UART0_DriverIRQHandler	8	static
fsl_uart.c:1680:6:UART0_RX_TX_DriverIRQHandler	8	static
fsl_uart.c:1693:6:UART1_DriverIRQHandler	8	static
fsl_uart.c:1703:6:UART1_RX_TX_DriverIRQHandler	8	static
fsl_uart.c:1715:6:UART2_DriverIRQHandler	8	static
fsl_uart.c:1725:6:UART2_RX_TX_DriverIRQHandler	8	static
fsl_uart.c:1737:6:UART3_DriverIRQHandler	8	static
fsl_uart.c:1747:6:UART3_RX_TX_DriverIRQHandler	8	static
fsl_uart.c:1759:6:UART4_DriverIRQHandler	8	static
fsl_uart.c:1769:6:UART4_RX_TX_DriverIRQHandler	8	static
fsl_uart.c:1781:6:UART5_DriverIRQHandler	8	static
fsl_uart.c:1791:6:UART5_RX_TX_DriverIRQHandler	8	static
