fsl_clock.c:190:13:CLOCK_FllStableDelay	8	static
fsl_clock.c:210:17:CLOCK_GetMcgExtClkFreq	0	static
fsl_clock.c:237:17:CLOCK_GetFllExtRefClkFreq	8	static
fsl_clock.c:286:17:CLOCK_GetInternalRefClkSelectFreq	0	static
fsl_clock.c:353:10:CLOCK_GetOsc0ErClkFreq	0	static
fsl_clock.c:375:10:CLOCK_GetEr32kClkFreq	8	static
fsl_clock.c:548:6:CLOCK_SetSimConfig	8	static
fsl_clock.c:562:6:CLOCK_EnableUsbfs0Clock	12	static
fsl_clock.c:650:10:CLOCK_GetFllFreq	8	static
fsl_clock.c:690:10:CLOCK_GetInternalRefClkFreq	0	static
fsl_clock.c:741:10:CLOCK_GetPll0Freq	8	static
fsl_clock.c:404:10:CLOCK_GetPllFllSelClkFreq	0	static
fsl_clock.c:614:10:CLOCK_GetOutClkFreq	0	static
fsl_clock.c:442:10:CLOCK_GetFlashClkFreq	8	static
fsl_clock.c:452:10:CLOCK_GetFlexBusClkFreq	8	static
fsl_clock.c:462:10:CLOCK_GetBusClkFreq	8	static
fsl_clock.c:472:10:CLOCK_GetCoreSysClkFreq	8	static
fsl_clock.c:432:10:CLOCK_GetPlatClkFreq	0	static
fsl_clock.c:715:10:CLOCK_GetFixedFreqClkFreq	8	static
fsl_clock.c:487:10:CLOCK_GetFreq	8	static
fsl_clock.c:786:10:CLOCK_SetExternalRefClkConfig	8	static
fsl_clock.c:839:10:CLOCK_SetInternalRefClkConfig	16	static
fsl_clock.c:904:10:CLOCK_CalcPllDiv	36	static
fsl_clock.c:1015:6:CLOCK_EnablePll0	0	static
fsl_clock.c:1042:6:CLOCK_SetOsc0MonitorMode	0	static
fsl_clock.c:1072:6:CLOCK_SetRtcOscMonitorMode	0	static
fsl_clock.c:1096:6:CLOCK_SetPll0MonitorMode	0	static
fsl_clock.c:1152:10:CLOCK_GetStatusFlags	0	static
fsl_clock.c:1196:6:CLOCK_ClearStatusFlags	0	static
fsl_clock.c:1222:6:CLOCK_InitOsc0	12	static
fsl_clock.c:1245:6:CLOCK_DeinitOsc0	0	static
fsl_clock.c:1256:6:CLOCK_SetSlowIrcFreq	0	static
fsl_clock.c:1266:6:CLOCK_SetFastIrcFreq	0	static
fsl_clock.c:1289:10:CLOCK_TrimInternalRefClk	20	static
fsl_clock.c:1375:12:CLOCK_GetMode	8	static
fsl_clock.c:1493:10:CLOCK_SetFeiMode	24	static
fsl_clock.c:1569:10:CLOCK_SetFeeMode	24	static
fsl_clock.c:1664:10:CLOCK_SetFbiMode	24	static
fsl_clock.c:1744:10:CLOCK_SetFbeMode	16	static
fsl_clock.c:1837:10:CLOCK_SetBlpiMode	0	static
fsl_clock.c:1861:10:CLOCK_SetBlpeMode	0	static
fsl_clock.c:1895:10:CLOCK_SetPbeMode	16	static
fsl_clock.c:1948:10:CLOCK_SetPeeMode	0	static
fsl_clock.c:1985:10:CLOCK_ExternalModeToFbeModeQuick	0	static
fsl_clock.c:2027:10:CLOCK_InternalModeToFbiModeQuick	0	static
fsl_clock.c:2062:10:CLOCK_BootToFeiMode	0	static
fsl_clock.c:2082:10:CLOCK_BootToFeeMode	24	static
fsl_clock.c:2103:10:CLOCK_BootToBlpiMode	8	static
fsl_clock.c:2131:10:CLOCK_BootToBlpeMode	8	static
fsl_clock.c:2176:10:CLOCK_BootToPeeMode	16	static
fsl_clock.c:2236:10:CLOCK_SetMcgConfig	32	static
