fsl_enet.c:3132:6:ENET_TransmitIRQHandler	24	static
fsl_enet.c:3198:6:ENET_ReceiveIRQHandler	24	static
fsl_enet.c:3243:6:ENET_ErrorIRQHandler	16	static
fsl_enet.c:1495:13:ENET_UpdateReadBuffers.constprop	0	static
fsl_enet.c:310:10:ENET_GetInstance	0	static
fsl_enet.c:342:6:ENET_GetDefaultConfig	8	static
fsl_enet.c:435:6:ENET_Deinit	0	static
fsl_enet.c:458:6:ENET_SetCallback	0	static
fsl_enet.c:940:6:ENET_SetMII	8	static
fsl_enet.c:993:6:ENET_SetMacAddr	0	static
fsl_enet.c:1013:6:ENET_GetMacAddr	0	static
fsl_enet.c:1041:6:ENET_SetSMI	8	static
fsl_enet.c:392:6:ENET_Init	48	static
fsl_enet.c:1070:6:ENET_StartSMIWrite	8	static
fsl_enet.c:1090:6:ENET_StartSMIRead	0	static
fsl_enet.c:1176:6:ENET_GetRxErrBeforeReadFrame	8	static
fsl_enet.c:1267:10:ENET_GetRxFrameSize	12	static
fsl_enet.c:1376:10:ENET_ReadFrame	32	static
fsl_enet.c:1555:10:ENET_SendFrame	40	static
fsl_enet.c:2220:6:ENET_AddMulticastGroup	20	static
fsl_enet.c:2269:6:ENET_LeaveMulticastGroup	20	static
fsl_enet.c:3349:6:ENET_CommonFrame0IRQHandler	16	static
fsl_enet.c:3446:6:ENET_Transmit_IRQHandler	8	static
fsl_enet.c:3456:6:ENET_Receive_IRQHandler	8	static
fsl_enet.c:3466:6:ENET_Error_IRQHandler	8	static
fsl_enet.c:3476:6:ENET_1588_Timer_IRQHandler	8	static
fsl_enet.c:3486:6:ENET_DriverIRQHandler	8	static
