fsl_clock.h:668:20:CLOCK_EnableClock	24	static
fsl_clock.h:679:20:CLOCK_DisableClock	24	static
fsl_clock.h:690:20:CLOCK_SetEr32kClock	16	static
fsl_clock.h:740:20:CLOCK_SetPllFllSelClock	16	static
fsl_clock.h:1166:20:OSC_SetExtRefClkConfig	24	static
fsl_clock.h:1192:20:OSC_SetCapLoad	24	static
fsl_clock.c:190:13:CLOCK_FllStableDelay	16	static
fsl_clock.c:210:17:CLOCK_GetMcgExtClkFreq	16	static
fsl_clock.c:237:17:CLOCK_GetFllExtRefClkFreq	16	static
fsl_clock.c:286:17:CLOCK_GetInternalRefClkSelectFreq	16	static
fsl_clock.c:304:17:CLOCK_GetFllRefClkFreq	16	static
fsl_clock.c:322:17:CLOCK_GetPll0RefFreq	8	static
fsl_clock.c:328:16:CLOCK_GetOscRangeFromFreq	24	static
fsl_clock.c:353:10:CLOCK_GetOsc0ErClkFreq	16	static
fsl_clock.c:375:10:CLOCK_GetEr32kClkFreq	16	static
fsl_clock.c:404:10:CLOCK_GetPllFllSelClkFreq	16	static
fsl_clock.c:432:10:CLOCK_GetPlatClkFreq	8	static
fsl_clock.c:442:10:CLOCK_GetFlashClkFreq	8	static
fsl_clock.c:452:10:CLOCK_GetFlexBusClkFreq	8	static
fsl_clock.c:462:10:CLOCK_GetBusClkFreq	8	static
fsl_clock.c:472:10:CLOCK_GetCoreSysClkFreq	8	static
fsl_clock.c:487:10:CLOCK_GetFreq	24	static
fsl_clock.c:548:6:CLOCK_SetSimConfig	16	static
fsl_clock.c:562:6:CLOCK_EnableUsbfs0Clock	24	static
fsl_clock.c:614:10:CLOCK_GetOutClkFreq	16	static
fsl_clock.c:650:10:CLOCK_GetFllFreq	24	static
fsl_clock.c:690:10:CLOCK_GetInternalRefClkFreq	16	static
fsl_clock.c:715:10:CLOCK_GetFixedFreqClkFreq	16	static
fsl_clock.c:741:10:CLOCK_GetPll0Freq	24	static
fsl_clock.c:786:10:CLOCK_SetExternalRefClkConfig	24	static
fsl_clock.c:839:10:CLOCK_SetInternalRefClkConfig	24	static
fsl_clock.c:904:10:CLOCK_CalcPllDiv	48	static
fsl_clock.c:1015:6:CLOCK_EnablePll0	24	static
fsl_clock.c:1042:6:CLOCK_SetOsc0MonitorMode	16	static
fsl_clock.c:1072:6:CLOCK_SetRtcOscMonitorMode	24	static
fsl_clock.c:1096:6:CLOCK_SetPll0MonitorMode	24	static
fsl_clock.c:1152:10:CLOCK_GetStatusFlags	16	static
fsl_clock.c:1196:6:CLOCK_ClearStatusFlags	24	static
fsl_clock.c:1222:6:CLOCK_InitOsc0	24	static
fsl_clock.c:1245:6:CLOCK_DeinitOsc0	4	static
fsl_clock.c:1256:6:CLOCK_SetSlowIrcFreq	16	static
fsl_clock.c:1266:6:CLOCK_SetFastIrcFreq	16	static
fsl_clock.c:1289:10:CLOCK_TrimInternalRefClk	40	static
fsl_clock.c:1375:12:CLOCK_GetMode	32	static
fsl_clock.c:1493:10:CLOCK_SetFeiMode	24	static
fsl_clock.c:1569:10:CLOCK_SetFeeMode	24	static
fsl_clock.c:1664:10:CLOCK_SetFbiMode	24	static
fsl_clock.c:1744:10:CLOCK_SetFbeMode	24	static
fsl_clock.c:1837:10:CLOCK_SetBlpiMode	4	static
fsl_clock.c:1861:10:CLOCK_SetBlpeMode	4	static
fsl_clock.c:1895:10:CLOCK_SetPbeMode	16	static
fsl_clock.c:1948:10:CLOCK_SetPeeMode	4	static
fsl_clock.c:1985:10:CLOCK_ExternalModeToFbeModeQuick	4	static
fsl_clock.c:2027:10:CLOCK_InternalModeToFbiModeQuick	4	static
fsl_clock.c:2062:10:CLOCK_BootToFeiMode	16	static
fsl_clock.c:2082:10:CLOCK_BootToFeeMode	24	static
fsl_clock.c:2103:10:CLOCK_BootToBlpiMode	16	static
fsl_clock.c:2131:10:CLOCK_BootToBlpeMode	16	static
fsl_clock.c:2176:10:CLOCK_BootToPeeMode	16	static
fsl_clock.c:2236:10:CLOCK_SetMcgConfig	32	static
