startup_mk64f12.c:404:6:data_init	4	static
startup_mk64f12.c:413:6:bss_init	0	static
startup_mk64f12.c:438:6:ResetISR	8	static
startup_mk64f12.c:545:14:NMI_Handler	0	static
startup_mk64f12.c:549:14:HardFault_Handler	0	static
startup_mk64f12.c:553:14:MemManage_Handler	0	static
startup_mk64f12.c:557:14:BusFault_Handler	0	static
startup_mk64f12.c:561:14:UsageFault_Handler	0	static
startup_mk64f12.c:565:14:SVC_Handler	0	static
startup_mk64f12.c:569:14:DebugMon_Handler	0	static
startup_mk64f12.c:573:14:PendSV_Handler	0	static
startup_mk64f12.c:577:14:SysTick_Handler	0	static
startup_mk64f12.c:585:14:IntDefaultHandler	0	static
startup_mk64f12.c:595:11:DMA0_IRQHandler	8	static
startup_mk64f12.c:599:11:DMA1_IRQHandler	8	static
startup_mk64f12.c:603:11:DMA2_IRQHandler	8	static
startup_mk64f12.c:607:11:DMA3_IRQHandler	8	static
startup_mk64f12.c:611:11:DMA4_IRQHandler	8	static
startup_mk64f12.c:615:11:DMA5_IRQHandler	8	static
startup_mk64f12.c:619:11:DMA6_IRQHandler	8	static
startup_mk64f12.c:623:11:DMA7_IRQHandler	8	static
startup_mk64f12.c:627:11:DMA8_IRQHandler	8	static
startup_mk64f12.c:631:11:DMA9_IRQHandler	8	static
startup_mk64f12.c:635:11:DMA10_IRQHandler	8	static
startup_mk64f12.c:639:11:DMA11_IRQHandler	8	static
startup_mk64f12.c:643:11:DMA12_IRQHandler	8	static
startup_mk64f12.c:647:11:DMA13_IRQHandler	8	static
startup_mk64f12.c:651:11:DMA14_IRQHandler	8	static
startup_mk64f12.c:655:11:DMA15_IRQHandler	8	static
startup_mk64f12.c:659:11:DMA_Error_IRQHandler	8	static
startup_mk64f12.c:663:11:MCM_IRQHandler	8	static
startup_mk64f12.c:667:11:FTFE_IRQHandler	8	static
startup_mk64f12.c:671:11:Read_Collision_IRQHandler	8	static
startup_mk64f12.c:675:11:LVD_LVW_IRQHandler	8	static
startup_mk64f12.c:679:11:LLWU_IRQHandler	8	static
startup_mk64f12.c:683:11:WDOG_EWM_IRQHandler	8	static
startup_mk64f12.c:687:11:RNG_IRQHandler	8	static
startup_mk64f12.c:691:11:I2C0_IRQHandler	8	static
startup_mk64f12.c:695:11:I2C1_IRQHandler	8	static
startup_mk64f12.c:699:11:SPI0_IRQHandler	8	static
startup_mk64f12.c:703:11:SPI1_IRQHandler	8	static
startup_mk64f12.c:707:11:I2S0_Tx_IRQHandler	8	static
startup_mk64f12.c:711:11:I2S0_Rx_IRQHandler	8	static
startup_mk64f12.c:715:11:UART0_LON_IRQHandler	8	static
startup_mk64f12.c:719:11:UART0_RX_TX_IRQHandler	8	static
startup_mk64f12.c:723:11:UART0_ERR_IRQHandler	8	static
startup_mk64f12.c:727:11:UART1_RX_TX_IRQHandler	8	static
startup_mk64f12.c:731:11:UART1_ERR_IRQHandler	8	static
startup_mk64f12.c:735:11:UART2_RX_TX_IRQHandler	8	static
startup_mk64f12.c:739:11:UART2_ERR_IRQHandler	8	static
startup_mk64f12.c:743:11:UART3_RX_TX_IRQHandler	8	static
startup_mk64f12.c:747:11:UART3_ERR_IRQHandler	8	static
startup_mk64f12.c:751:11:ADC0_IRQHandler	8	static
startup_mk64f12.c:755:11:CMP0_IRQHandler	8	static
startup_mk64f12.c:759:11:CMP1_IRQHandler	8	static
startup_mk64f12.c:763:11:FTM0_IRQHandler	8	static
startup_mk64f12.c:767:11:FTM1_IRQHandler	8	static
startup_mk64f12.c:771:11:FTM2_IRQHandler	8	static
startup_mk64f12.c:775:11:CMT_IRQHandler	8	static
startup_mk64f12.c:779:11:RTC_IRQHandler	8	static
startup_mk64f12.c:783:11:RTC_Seconds_IRQHandler	8	static
startup_mk64f12.c:787:11:PIT0_IRQHandler	8	static
startup_mk64f12.c:791:11:PIT1_IRQHandler	8	static
startup_mk64f12.c:795:11:PIT2_IRQHandler	8	static
startup_mk64f12.c:799:11:PIT3_IRQHandler	8	static
startup_mk64f12.c:803:11:PDB0_IRQHandler	8	static
startup_mk64f12.c:807:11:USB0_IRQHandler	8	static
startup_mk64f12.c:811:11:USBDCD_IRQHandler	8	static
startup_mk64f12.c:815:11:Reserved71_IRQHandler	8	static
startup_mk64f12.c:819:11:DAC0_IRQHandler	8	static
startup_mk64f12.c:823:11:MCG_IRQHandler	8	static
startup_mk64f12.c:827:11:LPTMR0_IRQHandler	8	static
startup_mk64f12.c:831:11:PORTA_IRQHandler	8	static
startup_mk64f12.c:835:11:PORTB_IRQHandler	8	static
startup_mk64f12.c:839:11:PORTC_IRQHandler	8	static
startup_mk64f12.c:843:11:PORTD_IRQHandler	8	static
startup_mk64f12.c:847:11:PORTE_IRQHandler	8	static
startup_mk64f12.c:851:11:SWI_IRQHandler	8	static
startup_mk64f12.c:855:11:SPI2_IRQHandler	8	static
startup_mk64f12.c:859:11:UART4_RX_TX_IRQHandler	8	static
startup_mk64f12.c:863:11:UART4_ERR_IRQHandler	8	static
startup_mk64f12.c:867:11:UART5_RX_TX_IRQHandler	8	static
startup_mk64f12.c:871:11:UART5_ERR_IRQHandler	8	static
startup_mk64f12.c:875:11:CMP2_IRQHandler	8	static
startup_mk64f12.c:879:11:FTM3_IRQHandler	8	static
startup_mk64f12.c:883:11:DAC1_IRQHandler	8	static
startup_mk64f12.c:887:11:ADC1_IRQHandler	8	static
startup_mk64f12.c:891:11:I2C2_IRQHandler	8	static
startup_mk64f12.c:895:11:CAN0_ORed_Message_buffer_IRQHandler	8	static
startup_mk64f12.c:899:11:CAN0_Bus_Off_IRQHandler	8	static
startup_mk64f12.c:903:11:CAN0_Error_IRQHandler	8	static
startup_mk64f12.c:907:11:CAN0_Tx_Warning_IRQHandler	8	static
startup_mk64f12.c:911:11:CAN0_Rx_Warning_IRQHandler	8	static
startup_mk64f12.c:915:11:CAN0_Wake_Up_IRQHandler	8	static
startup_mk64f12.c:919:11:SDHC_IRQHandler	8	static
startup_mk64f12.c:923:11:ENET_1588_Timer_IRQHandler	8	static
startup_mk64f12.c:927:11:ENET_Transmit_IRQHandler	8	static
startup_mk64f12.c:931:11:ENET_Receive_IRQHandler	8	static
startup_mk64f12.c:935:11:ENET_Error_IRQHandler	8	static
