generic_list.c:52:6:LIST_Init	0	static
generic_list.c:75:15:LIST_GetList	0	static
generic_list.c:96:15:LIST_AddTail	8	static
generic_list.c:146:15:LIST_AddHead	12	static
generic_list.c:195:23:LIST_RemoveHead	12	static
generic_list.c:239:23:LIST_GetHead	0	static
generic_list.c:259:23:LIST_GetNext	0	static
generic_list.c:279:23:LIST_GetPrev	0	static
generic_list.c:299:15:LIST_RemoveElement	8	static
generic_list.c:349:15:LIST_AddPrevElement	12	static
generic_list.c:401:10:LIST_GetSize	0	static
generic_list.c:420:10:LIST_GetAvailableSize	0	static
