Archive member included to satisfy reference by file (symbol)

/usr/local/mcuxpressoide-11.3.1_5262/ide/plugins/com.nxp.mcuxpresso.tools.linux_11.3.0.202011031536/tools/bin/../lib/gcc/arm-none-eabi/9.3.1/../../../../arm-none-eabi/lib/thumb/v7e-m+fp/hard/libcr_semihost_nf.a(_cr__main.o)
                              ./startup/startup_mk64f12.o (__main)
/usr/local/mcuxpressoide-11.3.1_5262/ide/plugins/com.nxp.mcuxpresso.tools.linux_11.3.0.202011031536/tools/bin/../lib/gcc/arm-none-eabi/9.3.1/../../../../arm-none-eabi/lib/thumb/v7e-m+fp/hard/libcr_c.a(memset.o)
                              ./drivers/fsl_uart.o (memset)
/usr/local/mcuxpressoide-11.3.1_5262/ide/plugins/com.nxp.mcuxpresso.tools.linux_11.3.0.202011031536/tools/bin/../lib/gcc/arm-none-eabi/9.3.1/../../../../arm-none-eabi/lib/thumb/v7e-m+fp/hard/libcr_c.a(alloc.o)
                              ./drivers/fsl_common.o (malloc)
/usr/local/mcuxpressoide-11.3.1_5262/ide/plugins/com.nxp.mcuxpresso.tools.linux_11.3.0.202011031536/tools/bin/../lib/gcc/arm-none-eabi/9.3.1/../../../../arm-none-eabi/lib/thumb/v7e-m+fp/hard/libcr_c.a(initio.o)
                              /usr/local/mcuxpressoide-11.3.1_5262/ide/plugins/com.nxp.mcuxpresso.tools.linux_11.3.0.202011031536/tools/bin/../lib/gcc/arm-none-eabi/9.3.1/../../../../arm-none-eabi/lib/thumb/v7e-m+fp/hard/libcr_semihost_nf.a(_cr__main.o) (_initio)
/usr/local/mcuxpressoide-11.3.1_5262/ide/plugins/com.nxp.mcuxpresso.tools.linux_11.3.0.202011031536/tools/bin/../lib/gcc/arm-none-eabi/9.3.1/../../../../arm-none-eabi/lib/thumb/v7e-m+fp/hard/libcr_c.a(printf.o)
                              ./utilities/fsl_assert.o (_printf)
/usr/local/mcuxpressoide-11.3.1_5262/ide/plugins/com.nxp.mcuxpresso.tools.linux_11.3.0.202011031536/tools/bin/../lib/gcc/arm-none-eabi/9.3.1/../../../../arm-none-eabi/lib/thumb/v7e-m+fp/hard/libcr_c.a(setvbuf.o)
                              /usr/local/mcuxpressoide-11.3.1_5262/ide/plugins/com.nxp.mcuxpresso.tools.linux_11.3.0.202011031536/tools/bin/../lib/gcc/arm-none-eabi/9.3.1/../../../../arm-none-eabi/lib/thumb/v7e-m+fp/hard/libcr_c.a(initio.o) (setvbuf)
/usr/local/mcuxpressoide-11.3.1_5262/ide/plugins/com.nxp.mcuxpresso.tools.linux_11.3.0.202011031536/tools/bin/../lib/gcc/arm-none-eabi/9.3.1/../../../../arm-none-eabi/lib/thumb/v7e-m+fp/hard/libcr_c.a(strlen.o)
                              ./utilities/fsl_str.o (strlen)
/usr/local/mcuxpressoide-11.3.1_5262/ide/plugins/com.nxp.mcuxpresso.tools.linux_11.3.0.202011031536/tools/bin/../lib/gcc/arm-none-eabi/9.3.1/../../../../arm-none-eabi/lib/thumb/v7e-m+fp/hard/libcr_c.a(memcpy.o)
                              /usr/local/mcuxpressoide-11.3.1_5262/ide/plugins/com.nxp.mcuxpresso.tools.linux_11.3.0.202011031536/tools/bin/../lib/gcc/arm-none-eabi/9.3.1/../../../../arm-none-eabi/lib/thumb/v7e-m+fp/hard/libcr_c.a(alloc.o) (memcpy)
/usr/local/mcuxpressoide-11.3.1_5262/ide/plugins/com.nxp.mcuxpresso.tools.linux_11.3.0.202011031536/tools/bin/../lib/gcc/arm-none-eabi/9.3.1/../../../../arm-none-eabi/lib/thumb/v7e-m+fp/hard/libcr_c.a(__init_alloc.o)
                              /usr/local/mcuxpressoide-11.3.1_5262/ide/plugins/com.nxp.mcuxpresso.tools.linux_11.3.0.202011031536/tools/bin/../lib/gcc/arm-none-eabi/9.3.1/../../../../arm-none-eabi/lib/thumb/v7e-m+fp/hard/libcr_c.a(alloc.o) (__heaps)
/usr/local/mcuxpressoide-11.3.1_5262/ide/plugins/com.nxp.mcuxpresso.tools.linux_11.3.0.202011031536/tools/bin/../lib/gcc/arm-none-eabi/9.3.1/../../../../arm-none-eabi/lib/thumb/v7e-m+fp/hard/libcr_c.a(_cr_sbrk.o)
                              /usr/local/mcuxpressoide-11.3.1_5262/ide/plugins/com.nxp.mcuxpresso.tools.linux_11.3.0.202011031536/tools/bin/../lib/gcc/arm-none-eabi/9.3.1/../../../../arm-none-eabi/lib/thumb/v7e-m+fp/hard/libcr_c.a(alloc.o) (_sbrk)
/usr/local/mcuxpressoide-11.3.1_5262/ide/plugins/com.nxp.mcuxpresso.tools.linux_11.3.0.202011031536/tools/bin/../lib/gcc/arm-none-eabi/9.3.1/../../../../arm-none-eabi/lib/thumb/v7e-m+fp/hard/libcr_c.a(_deferredlazyseek.o)
                              /usr/local/mcuxpressoide-11.3.1_5262/ide/plugins/com.nxp.mcuxpresso.tools.linux_11.3.0.202011031536/tools/bin/../lib/gcc/arm-none-eabi/9.3.1/../../../../arm-none-eabi/lib/thumb/v7e-m+fp/hard/libcr_c.a(printf.o) (__flsbuf)
/usr/local/mcuxpressoide-11.3.1_5262/ide/plugins/com.nxp.mcuxpresso.tools.linux_11.3.0.202011031536/tools/bin/../lib/gcc/arm-none-eabi/9.3.1/../../../../arm-none-eabi/lib/thumb/v7e-m+fp/hard/libcr_c.a(_fdopen.o)
                              /usr/local/mcuxpressoide-11.3.1_5262/ide/plugins/com.nxp.mcuxpresso.tools.linux_11.3.0.202011031536/tools/bin/../lib/gcc/arm-none-eabi/9.3.1/../../../../arm-none-eabi/lib/thumb/v7e-m+fp/hard/libcr_c.a(initio.o) (_fdopen)
/usr/local/mcuxpressoide-11.3.1_5262/ide/plugins/com.nxp.mcuxpresso.tools.linux_11.3.0.202011031536/tools/bin/../lib/gcc/arm-none-eabi/9.3.1/../../../../arm-none-eabi/lib/thumb/v7e-m+fp/hard/libcr_c.a(_fflush.o)
[...]
Memory Configuration

Name             Origin             Length             Attributes
PROGRAM_FLASH    0x0000000000000000 0x0000000000100000 xr
SRAM_UPPER       0x0000000020000000 0x0000000000030000 xrw
SRAM_LOWER       0x000000001fff0000 0x0000000000010000 xrw
FLEX_RAM         0x0000000014000000 0x0000000000001000 xrw
*default*        0x0000000000000000 0xffffffffffffffff

Linker script and memory map

LOAD ./utilities/fsl_assert.o
LOAD ./utilities/fsl_debug_console.o
LOAD ./utilities/fsl_str.o
LOAD ./startup/startup_mk64f12.o
LOAD ./source/semihost_hardfault.o
LOAD ./source/uart_polling.o
LOAD ./drivers/fsl_clock.o
LOAD ./drivers/fsl_common.o
LOAD ./drivers/fsl_gpio.o
LOAD ./drivers/fsl_smc.o
LOAD ./drivers/fsl_uart.o
LOAD ./device/system_MK64F12.o
LOAD ./component/uart/uart_adapter.o
LOAD ./component/serial_manager/serial_manager.o
LOAD ./component/serial_manager/serial_port_uart.o
LOAD ./component/lists/generic_list.o
LOAD ./board/board.o
LOAD ./board/clock_config.o
LOAD ./board/pin_mux.o
START GROUP
LOAD /usr/local/mcuxpressoide-11.3.1_5262/ide/plugins/com.nxp.mcuxpresso.tools.linux_11.3.0.202011031536/tools/bin/../lib/gcc/arm-none-eabi/9.3.1/../../../../arm-none-eabi/lib/thumb/v7e-m+fp/hard/libcr_semihost_nf.a
LOAD /usr/local/mcuxpressoide-11.3.1_5262/ide/plugins/com.nxp.mcuxpresso.tools.linux_11.3.0.202011031536/tools/bin/../lib/gcc/arm-none-eabi/9.3.1/../../../../arm-none-eabi/lib/thumb/v7e-m+fp/hard/libcr_c.a
LOAD /usr/local/mcuxpressoide-11.3.1_5262/ide/plugins/com.nxp.mcuxpresso.tools.linux_11.3.0.202011031536/tools/bin/../lib/gcc/arm-none-eabi/9.3.1/thumb/v7e-m+fp/hard/libcr_eabihelpers.a
LOAD /usr/local/mcuxpressoide-11.3.1_5262/ide/plugins/com.nxp.mcuxpresso.tools.linux_11.3.0.202011031536/tools/bin/../lib/gcc/arm-none-eabi/9.3.1/thumb/v7e-m+fp/hard/libgcc.a
END GROUP
                0x0000000000000000                __base_PROGRAM_FLASH = 0x0
                0x0000000000000000                __base_Flash = 0x0
                0x0000000000100000                __top_PROGRAM_FLASH = 0x100000
                0x0000000000100000                __top_Flash = 0x100000
                0x0000000020000000                __base_SRAM_UPPER = 0x20000000
                0x0000000020000000                __base_RAM = 0x20000000
                0x0000000020030000                __top_SRAM_UPPER = 0x20030000
                0x0000000020030000                __top_RAM = 0x20030000
                0x000000001fff0000                __base_SRAM_LOWER = 0x1fff0000
                0x000000001fff0000                __base_RAM2 = 0x1fff0000
                0x0000000020000000                __top_SRAM_LOWER = 0x20000000
                0x0000000020000000                __top_RAM2 = 0x20000000
                0x0000000014000000                __base_FLEX_RAM = 0x14000000
                0x0000000014000000                __base_RAM3 = 0x14000000
                0x0000000014001000                __top_FLEX_RAM = 0x14001000
                0x0000000014001000                __top_RAM3 = 0x14001000

.text           0x0000000000000000     0x3238
 FILL mask 0xff
                0x0000000000000000                __vectors_start__ = ABSOLUTE (.)
 *(SORT_BY_ALIGNMENT(.isr_vector))
 .isr_vector    0x0000000000000000      0x198 ./startup/startup_mk64f12.o
                0x0000000000000000                __Vectors
                0x0000000000000000                g_pfnVectors
                0x0000000000000198                . = ALIGN (0x4)
                0x0000000000000198                __section_table_start = .
                0x0000000000000198                __data_section_table = .
                0x0000000000000198        0x4 LONG 0x3238 LOADADDR (.data)
                0x000000000000019c        0x4 LONG 0x20000000 ADDR (.data)
                0x00000000000001a0        0x4 LONG 0x10 SIZEOF (.data)
                0x00000000000001a4        0x4 LONG 0x3238 LOADADDR (.data_RAM2)
                0x00000000000001a8        0x4 LONG 0x1fff0000 ADDR (.data_RAM2)
                0x00000000000001ac        0x4 LONG 0x0 SIZEOF (.data_RAM2)
                0x00000000000001b0        0x4 LONG 0x3238 LOADADDR (.data_RAM3)
                0x00000000000001b4        0x4 LONG 0x14000000 ADDR (.data_RAM3)
                0x00000000000001b8        0x4 LONG 0x0 SIZEOF (.data_RAM3)
                0x00000000000001bc                __data_section_table_end = .
                0x00000000000001bc                __bss_section_table = .
                0x00000000000001bc        0x4 LONG 0x200007e8 ADDR (.bss)
                0x00000000000001c0        0x4 LONG 0xe8 SIZEOF (.bss)
                0x00000000000001c4        0x4 LONG 0x1fff0000 ADDR (.bss_RAM2)
                0x00000000000001c8        0x4 LONG 0x0 SIZEOF (.bss_RAM2)
                0x00000000000001cc        0x4 LONG 0x14000000 ADDR (.bss_RAM3)
                0x00000000000001d0        0x4 LONG 0x0 SIZEOF (.bss_RAM3)
                0x00000000000001d4                __bss_section_table_end = .
                0x00000000000001d4                __section_table_end = .
 *(SORT_BY_ALIGNMENT(.after_vectors*))
 .after_vectors.reset
                0x00000000000001d4       0x4c ./startup/startup_mk64f12.o
                0x00000000000001d4                ResetISR
 .after_vectors.init_data
                0x0000000000000220       0x1e ./startup/startup_mk64f12.o
                0x0000000000000220                data_init
 .after_vectors.init_bss
                0x000000000000023e       0x12 ./startup/startup_mk64f12.o
                0x000000000000023e                bss_init
 .after_vectors
                0x0000000000000250       0x14 ./startup/startup_mk64f12.o
                0x0000000000000250                NMI_Handler
                0x0000000000000254                MemManage_Handler
                0x0000000000000256                BusFault_Handler
                0x0000000000000258                UsageFault_Handler
                0x000000000000025a                SVC_Handler
                0x000000000000025c                DebugMon_Handler
                0x000000000000025e                PendSV_Handler
                0x0000000000000260                SysTick_Handler
                0x0000000000000262                DMA0_DriverIRQHandler
                0x0000000000000262                PORTB_DriverIRQHandler
                0x0000000000000262                DMA12_DriverIRQHandler
                0x0000000000000262                SPI1_DriverIRQHandler
                0x0000000000000262                LPTMR0_DriverIRQHandler
                0x0000000000000262                DMA_Error_DriverIRQHandler
                0x0000000000000262                FTM1_DriverIRQHandler
                0x0000000000000262                FTM2_DriverIRQHandler
                0x0000000000000262                PIT2_DriverIRQHandler
                0x0000000000000262                SDHC_DriverIRQHandler
                0x0000000000000262                I2S0_Tx_DriverIRQHandler
                0x0000000000000262                RTC_Seconds_DriverIRQHandler
                0x0000000000000262                DMA6_DriverIRQHandler
                0x0000000000000262                LLWU_DriverIRQHandler
                0x0000000000000262                MCM_DriverIRQHandler
                0x0000000000000262                MCG_DriverIRQHandler
                0x0000000000000262                ENET_1588_Timer_DriverIRQHandler
                0x0000000000000262                I2C2_DriverIRQHandler
                0x0000000000000262                DAC1_DriverIRQHandler
                0x0000000000000262                CMP1_DriverIRQHandler
                0x0000000000000262                FTM0_DriverIRQHandler
                0x0000000000000262                IntDefaultHandler
                0x0000000000000262                USB0_DriverIRQHandler
                0x0000000000000262                UART5_ERR_DriverIRQHandler
                0x0000000000000262                PORTC_DriverIRQHandler
                0x0000000000000262                DMA11_DriverIRQHandler
                0x0000000000000262                DAC0_DriverIRQHandler
                0x0000000000000262                DMA10_DriverIRQHandler
                0x0000000000000262                CMP2_DriverIRQHandler
                0x0000000000000262                UART2_ERR_DriverIRQHandler
                0x0000000000000262                SPI2_DriverIRQHandler
                0x0000000000000262                LVD_LVW_DriverIRQHandler
                0x0000000000000262                PIT0_DriverIRQHandler
                0x0000000000000262                RNG_DriverIRQHandler
                0x0000000000000262                DMA5_DriverIRQHandler
                0x0000000000000262                DMA4_DriverIRQHandler
                0x0000000000000262                USBDCD_DriverIRQHandler
                0x0000000000000262                UART3_ERR_DriverIRQHandler
                0x0000000000000262                DMA3_DriverIRQHandler
                0x0000000000000262                DMA8_DriverIRQHandler
                0x0000000000000262                DMA9_DriverIRQHandler
                0x0000000000000262                UART0_ERR_DriverIRQHandler
                0x0000000000000262                CMT_DriverIRQHandler
                0x0000000000000262                Reserved71_DriverIRQHandler
                0x0000000000000262                ADC1_DriverIRQHandler
                0x0000000000000262                PORTA_DriverIRQHandler
                0x0000000000000262                DMA14_DriverIRQHandler
                0x0000000000000262                PIT3_DriverIRQHandler
                0x0000000000000262                PIT1_DriverIRQHandler
                0x0000000000000262                WDOG_EWM_DriverIRQHandler
                0x0000000000000262                PDB0_DriverIRQHandler
                0x0000000000000262                RTC_DriverIRQHandler
                0x0000000000000262                I2S0_Rx_DriverIRQHandler
                0x0000000000000262                Read_Collision_DriverIRQHandler
                0x0000000000000262                SWI_DriverIRQHandler
                0x0000000000000262                UART4_ERR_DriverIRQHandler
                0x0000000000000262                UART0_LON_DriverIRQHandler
                0x0000000000000262                DMA1_DriverIRQHandler
                0x0000000000000262                I2C1_DriverIRQHandler
                0x0000000000000262                ENET_Receive_DriverIRQHandler
                0x0000000000000262                DMA13_DriverIRQHandler
                0x0000000000000262                ENET_Error_DriverIRQHandler
                0x0000000000000262                DMA15_DriverIRQHandler
                0x0000000000000262                SPI0_DriverIRQHandler
                0x0000000000000262                ADC0_DriverIRQHandler
                0x0000000000000262                CMP0_DriverIRQHandler
                0x0000000000000262                CAN0_DriverIRQHandler
                0x0000000000000262                FTM3_DriverIRQHandler
                0x0000000000000262                UART1_ERR_DriverIRQHandler
                0x0000000000000262                DMA2_DriverIRQHandler
                0x0000000000000262                ENET_Transmit_DriverIRQHandler
                0x0000000000000262                PORTD_DriverIRQHandler
                0x0000000000000262                PORTE_DriverIRQHandler
                0x0000000000000262                FTFE_DriverIRQHandler
                0x0000000000000262                I2C0_DriverIRQHandler
                0x0000000000000262                DMA7_DriverIRQHandler
                0x0000000000000400                . = 0x400
 *fill*         0x0000000000000264      0x19c ff
                0x0000000000000400                PROVIDE (__FLASH_CONFIG_START__ = .)
 *(SORT_BY_ALIGNMENT(.FlashConfig))
 .FlashConfig   0x0000000000000400       0x10 ./startup/startup_mk64f12.o
                0x0000000000000400                Flash_Config
                0x0000000000000410                PROVIDE (__FLASH_CONFIG_END__ = .)
                0x0000000000000001                ASSERT (! ((__FLASH_CONFIG_START__ == __FLASH_CONFIG_END__)), Linker Flash Config Support Enabled, but no .FlashConfig section provided within application)
 *(SORT_BY_ALIGNMENT(.text*))
 .text.__assertion_failed
                0x0000000000000410       0x18 ./utilities/fsl_assert.o
                0x0000000000000410                __assertion_failed
 .text.main     0x0000000000000428       0x60 ./source/uart_polling.o
                0x0000000000000428                main
 .text.CLOCK_SetEr32kClock
                0x0000000000000488       0x30 ./drivers/fsl_clock.o
 .text.CLOCK_SetPllFllSelClock
                0x00000000000004b8       0x3c ./drivers/fsl_clock.o
 .text.CLOCK_GetMcgExtClkFreq
                0x00000000000004f4       0x7c ./drivers/fsl_clock.o
 .text.CLOCK_GetFllExtRefClkFreq
                0x0000000000000570       0xb0 ./drivers/fsl_clock.o
 .text.CLOCK_GetInternalRefClkSelectFreq
                0x0000000000000620       0x4c ./drivers/fsl_clock.o
 .text.CLOCK_GetFllRefClkFreq
                0x000000000000066c       0x34 ./drivers/fsl_clock.o
 .text.CLOCK_GetOscRangeFromFreq
                0x00000000000006a0       0x3c ./drivers/fsl_clock.o
 .text.CLOCK_GetOsc0ErClkFreq
                0x00000000000006dc       0x44 ./drivers/fsl_clock.o
                0x00000000000006dc                CLOCK_GetOsc0ErClkFreq
 .text.CLOCK_GetEr32kClkFreq
                0x0000000000000720       0x74 ./drivers/fsl_clock.o
                0x0000000000000720                CLOCK_GetEr32kClkFreq
 .text.CLOCK_GetPllFllSelClkFreq
                0x0000000000000794       0x58 ./drivers/fsl_clock.o
                0x0000000000000794                CLOCK_GetPllFllSelClkFreq
 .text.CLOCK_GetFreq
                0x00000000000007ec      0x148 ./drivers/fsl_clock.o
                0x00000000000007ec                CLOCK_GetFreq
 .text.CLOCK_SetSimConfig
                0x0000000000000934       0x38 ./drivers/fsl_clock.o
                0x0000000000000934                CLOCK_SetSimConfig
 .text.CLOCK_GetOutClkFreq
                0x000000000000096c       0x64 ./drivers/fsl_clock.o
                0x000000000000096c                CLOCK_GetOutClkFreq
 .text.CLOCK_GetFllFreq
                0x00000000000009d0       0x84 ./drivers/fsl_clock.o
                0x00000000000009d0                CLOCK_GetFllFreq
 .text.CLOCK_GetInternalRefClkFreq
                0x0000000000000a54       0x30 ./drivers/fsl_clock.o
                0x0000000000000a54                CLOCK_GetInternalRefClkFreq
 .text.CLOCK_GetPll0Freq
                0x0000000000000a84       0x78 ./drivers/fsl_clock.o
                0x0000000000000a84                CLOCK_GetPll0Freq
 .text.CLOCK_SetExternalRefClkConfig
                0x0000000000000afc       0x6c ./drivers/fsl_clock.o
                0x0000000000000afc                CLOCK_SetExternalRefClkConfig
 .text.CLOCK_SetInternalRefClkConfig
                0x0000000000000b68      0x104 ./drivers/fsl_clock.o
                0x0000000000000b68                CLOCK_SetInternalRefClkConfig
 .text.CLOCK_EnablePll0
                0x0000000000000c6c       0x88 ./drivers/fsl_clock.o
                0x0000000000000c6c                CLOCK_EnablePll0
 .text.CLOCK_InitOsc0
                0x0000000000000cf4       0x8c ./drivers/fsl_clock.o
                0x0000000000000cf4                CLOCK_InitOsc0
 .text.CLOCK_SetPbeMode
                0x0000000000000d80       0xa8 ./drivers/fsl_clock.o
                0x0000000000000d80                CLOCK_SetPbeMode
 .text.CLOCK_BootToPeeMode
                0x0000000000000e28       0x64 ./drivers/fsl_clock.o
                0x0000000000000e28                CLOCK_BootToPeeMode
 .text.UART_GetInstance
                0x0000000000000e8c       0x54 ./drivers/fsl_uart.o
                0x0000000000000e8c                UART_GetInstance
 .text.UART_Init
                0x0000000000000ee0      0x310 ./drivers/fsl_uart.o
                0x0000000000000ee0                UART_Init
 .text.UART_GetDefaultConfig
                0x00000000000011f0       0x68 ./drivers/fsl_uart.o
                0x00000000000011f0                UART_GetDefaultConfig
 .text.UART0_DriverIRQHandler
                0x0000000000001258       0x28 ./drivers/fsl_uart.o
                0x0000000000001258                UART0_DriverIRQHandler
 .text.UART1_DriverIRQHandler
                0x0000000000001280       0x28 ./drivers/fsl_uart.o
                0x0000000000001280                UART1_DriverIRQHandler
 .text.UART2_DriverIRQHandler
                0x00000000000012a8       0x28 ./drivers/fsl_uart.o
                0x00000000000012a8                UART2_DriverIRQHandler
 .text.UART3_DriverIRQHandler
                0x00000000000012d0       0x28 ./drivers/fsl_uart.o
                0x00000000000012d0                UART3_DriverIRQHandler
 .text.UART4_DriverIRQHandler
                0x00000000000012f8       0x28 ./drivers/fsl_uart.o
                0x00000000000012f8                UART4_DriverIRQHandler
 .text.UART5_DriverIRQHandler
                0x0000000000001320       0x28 ./drivers/fsl_uart.o
                0x0000000000001320                UART5_DriverIRQHandler
 .text.SystemInit
                0x0000000000001348       0x3c ./device/system_MK64F12.o
                0x0000000000001348                SystemInit
 .text.CLOCK_SetSimSafeDivs
                0x0000000000001384       0x20 ./board/clock_config.o
 .text.CLOCK_SetXtal0Freq
                0x00000000000013a4       0x20 ./board/clock_config.o
 .text.CLOCK_CONFIG_SetFllExtRefDiv
                0x00000000000013c4       0x3c ./board/clock_config.o
 .text.BOARD_BootClockRUN
                0x0000000000001400       0x60 ./board/clock_config.o
                0x0000000000001400                BOARD_BootClockRUN
 .text.BOARD_InitPins
                0x0000000000001460       0x48 ./board/pin_mux.o
                0x0000000000001460                BOARD_InitPins
 .text.malloc   0x00000000000014a8       0xc8 /usr/local/mcuxpressoide-11.3.1_5262/ide/plugins/com.nxp.mcuxpresso.tools.linux_11.3.0.202011031536/tools/bin/../lib/gcc/arm-none-eabi/9.3.1/../../../../arm-none-eabi/lib/thumb/v7e-m+fp/hard/libcr_c.a(alloc.o)
                0x00000000000014a8                malloc
 .text._Csys_alloc
                0x0000000000001570       0x20 /usr/local/mcuxpressoide-11.3.1_5262/ide/plugins/com.nxp.mcuxpresso.tools.linux_11.3.0.202011031536/tools/bin/../lib/gcc/arm-none-eabi/9.3.1/../../../../arm-none-eabi/lib/thumb/v7e-m+fp/hard/libcr_c.a(alloc.o)
                0x0000000000001570                _Csys_alloc
 .text._initio  0x0000000000001590       0x78 /usr/local/mcuxpressoide-11.3.1_5262/ide/plugins/com.nxp.mcuxpresso.tools.linux_11.3.0.202011031536/tools/bin/../lib/gcc/arm-none-eabi/9.3.1/../../../../arm-none-eabi/lib/thumb/v7e-m+fp/hard/libcr_c.a(initio.o)
                0x0000000000001590                _initio
 .text.__vfprintf
                0x0000000000001608      0xce8 /usr/local/mcuxpressoide-11.3.1_5262/ide/plugins/com.nxp.mcuxpresso.tools.linux_11.3.0.202011031536/tools/bin/../lib/gcc/arm-none-eabi/9.3.1/../../../../arm-none-eabi/lib/thumb/v7e-m+fp/hard/libcr_c.a(printf.o)
                0x0000000000001608                __vfprintf
 .text._vsnprintf
                0x00000000000022f0       0x68 /usr/local/mcuxpressoide-11.3.1_5262/ide/plugins/com.nxp.mcuxpresso.tools.linux_11.3.0.202011031536/tools/bin/../lib/gcc/arm-none-eabi/9.3.1/../../../../arm-none-eabi/lib/thumb/v7e-m+fp/hard/libcr_c.a(printf.o)
                0x00000000000022f0                _vsnprintf
 .text._printf  0x0000000000002358       0x54 /usr/local/mcuxpressoide-11.3.1_5262/ide/plugins/com.nxp.mcuxpresso.tools.linux_11.3.0.202011031536/tools/bin/../lib/gcc/arm-none-eabi/9.3.1/../../../../arm-none-eabi/lib/thumb/v7e-m+fp/hard/libcr_c.a(printf.o)
                0x0000000000002358                _printf
 .text._sbrk    0x00000000000023ac       0x3c /usr/local/mcuxpressoide-11.3.1_5262/ide/plugins/com.nxp.mcuxpresso.tools.linux_11.3.0.202011031536/tools/bin/../lib/gcc/arm-none-eabi/9.3.1/../../../../arm-none-eabi/lib/thumb/v7e-m+fp/hard/libcr_c.a(_cr_sbrk.o)
                0x00000000000023ac                _sbrk
 .text._Cwritebuf
                0x00000000000023e8       0x6c /usr/local/mcuxpressoide-11.3.1_5262/ide/plugins/com.nxp.mcuxpresso.tools.linux_11.3.0.202011031536/tools/bin/../lib/gcc/arm-none-eabi/9.3.1/../../../../arm-none-eabi/lib/thumb/v7e-m+fp/hard/libcr_c.a(_writebuf.o)
                0x00000000000023e8                _Cwritebuf
 .text.fflush   0x0000000000002454       0x44 /usr/local/mcuxpressoide-11.3.1_5262/ide/plugins/com.nxp.mcuxpresso.tools.linux_11.3.0.202011031536/tools/bin/../lib/gcc/arm-none-eabi/9.3.1/../../../../arm-none-eabi/lib/thumb/v7e-m+fp/hard/libcr_c.a(fflush.o)
                0x0000000000002454                fflush
 .text.fseek    0x0000000000002498      0x100 /usr/local/mcuxpressoide-11.3.1_5262/ide/plugins/com.nxp.mcuxpresso.tools.linux_11.3.0.202011031536/tools/bin/../lib/gcc/arm-none-eabi/9.3.1/../../../../arm-none-eabi/lib/thumb/v7e-m+fp/hard/libcr_c.a(fseek.o)
                0x0000000000002498                fseek
 .text.ftell    0x0000000000002598       0x44 /usr/local/mcuxpressoide-11.3.1_5262/ide/plugins/com.nxp.mcuxpresso.tools.linux_11.3.0.202011031536/tools/bin/../lib/gcc/arm-none-eabi/9.3.1/../../../../arm-none-eabi/lib/thumb/v7e-m+fp/hard/libcr_c.a(ftell.o)
                0x0000000000002598                ftell
 .text.__check_heap_overflow
                0x00000000000025dc       0x18 /usr/local/mcuxpressoide-11.3.1_5262/ide/plugins/com.nxp.mcuxpresso.tools.linux_11.3.0.202011031536/tools/bin/../lib/gcc/arm-none-eabi/9.3.1/../../../../arm-none-eabi/lib/thumb/v7e-m+fp/hard/libcr_c.a(_cr_check_heap.o)
                0x00000000000025dc                __check_heap_overflow
 .text.__sys_appexit
                0x00000000000025f4        0xc /usr/local/mcuxpressoide-11.3.1_5262/ide/plugins/com.nxp.mcuxpresso.tools.linux_11.3.0.202011031536/tools/bin/../lib/gcc/arm-none-eabi/9.3.1/../../../../arm-none-eabi/lib/thumb/v7e-m+fp/hard/libcr_semihost_nf.a(__sys_appexit.o)
                0x00000000000025f4                __exit
                0x00000000000025f4                __sys_appexit
 .text.DMA0_IRQHandler
                0x0000000000002600        0x8 ./startup/startup_mk64f12.o
                0x0000000000002600                DMA0_IRQHandler
 .text.DMA1_IRQHandler
                0x0000000000002608        0x8 ./startup/startup_mk64f12.o
                0x0000000000002608                DMA1_IRQHandler
 .text.DMA2_IRQHandler
                0x0000000000002610        0x8 ./startup/startup_mk64f12.o
                0x0000000000002610                DMA2_IRQHandler
 .text.DMA3_IRQHandler
                0x0000000000002618        0x8 ./startup/startup_mk64f12.o
                0x0000000000002618                DMA3_IRQHandler
 .text.DMA4_IRQHandler
                0x0000000000002620        0x8 ./startup/startup_mk64f12.o
                0x0000000000002620                DMA4_IRQHandler
 .text.DMA5_IRQHandler
                0x0000000000002628        0x8 ./startup/startup_mk64f12.o
                0x0000000000002628                DMA5_IRQHandler
 .text.DMA6_IRQHandler
                0x0000000000002630        0x8 ./startup/startup_mk64f12.o
                0x0000000000002630                DMA6_IRQHandler
 .text.DMA7_IRQHandler
                0x0000000000002638        0x8 ./startup/startup_mk64f12.o
                0x0000000000002638                DMA7_IRQHandler
 .text.DMA8_IRQHandler
                0x0000000000002640        0x8 ./startup/startup_mk64f12.o
                0x0000000000002640                DMA8_IRQHandler
 .text.DMA9_IRQHandler
                0x0000000000002648        0x8 ./startup/startup_mk64f12.o
                0x0000000000002648                DMA9_IRQHandler
 .text.DMA10_IRQHandler
                0x0000000000002650        0x8 ./startup/startup_mk64f12.o
                0x0000000000002650                DMA10_IRQHandler
 .text.DMA11_IRQHandler
                0x0000000000002658        0x8 ./startup/startup_mk64f12.o
                0x0000000000002658                DMA11_IRQHandler
 .text.DMA12_IRQHandler
                0x0000000000002660        0x8 ./startup/startup_mk64f12.o
                0x0000000000002660                DMA12_IRQHandler
 .text.DMA13_IRQHandler
                0x0000000000002668        0x8 ./startup/startup_mk64f12.o
                0x0000000000002668                DMA13_IRQHandler
 .text.DMA14_IRQHandler
                0x0000000000002670        0x8 ./startup/startup_mk64f12.o
                0x0000000000002670                DMA14_IRQHandler
 .text.DMA15_IRQHandler
                0x0000000000002678        0x8 ./startup/startup_mk64f12.o
                0x0000000000002678                DMA15_IRQHandler
 .text.DMA_Error_IRQHandler
                0x0000000000002680        0x8 ./startup/startup_mk64f12.o
                0x0000000000002680                DMA_Error_IRQHandler
 .text.MCM_IRQHandler
                0x0000000000002688        0x8 ./startup/startup_mk64f12.o
                0x0000000000002688                MCM_IRQHandler
 .text.FTFE_IRQHandler
                0x0000000000002690        0x8 ./startup/startup_mk64f12.o
                0x0000000000002690                FTFE_IRQHandler
 .text.Read_Collision_IRQHandler
                0x0000000000002698        0x8 ./startup/startup_mk64f12.o
                0x0000000000002698                Read_Collision_IRQHandler
 .text.LVD_LVW_IRQHandler
                0x00000000000026a0        0x8 ./startup/startup_mk64f12.o
                0x00000000000026a0                LVD_LVW_IRQHandler
 .text.LLWU_IRQHandler
                0x00000000000026a8        0x8 ./startup/startup_mk64f12.o
                0x00000000000026a8                LLWU_IRQHandler
 .text.WDOG_EWM_IRQHandler
                0x00000000000026b0        0x8 ./startup/startup_mk64f12.o
                0x00000000000026b0                WDOG_EWM_IRQHandler
 .text.RNG_IRQHandler
                0x00000000000026b8        0x8 ./startup/startup_mk64f12.o
                0x00000000000026b8                RNG_IRQHandler
 .text.I2C0_IRQHandler
                0x00000000000026c0        0x8 ./startup/startup_mk64f12.o
                0x00000000000026c0                I2C0_IRQHandler
 .text.I2C1_IRQHandler
                0x00000000000026c8        0x8 ./startup/startup_mk64f12.o
                0x00000000000026c8                I2C1_IRQHandler
 .text.SPI0_IRQHandler
                0x00000000000026d0        0x8 ./startup/startup_mk64f12.o
                0x00000000000026d0                SPI0_IRQHandler
 .text.SPI1_IRQHandler
                0x00000000000026d8        0x8 ./startup/startup_mk64f12.o
                0x00000000000026d8                SPI1_IRQHandler
 .text.I2S0_Tx_IRQHandler
                0x00000000000026e0        0x8 ./startup/startup_mk64f12.o
                0x00000000000026e0                I2S0_Tx_IRQHandler
 .text.I2S0_Rx_IRQHandler
                0x00000000000026e8        0x8 ./startup/startup_mk64f12.o
                0x00000000000026e8                I2S0_Rx_IRQHandler
 .text.UART0_LON_IRQHandler
                0x00000000000026f0        0x8 ./startup/startup_mk64f12.o
                0x00000000000026f0                UART0_LON_IRQHandler
 .text.UART0_RX_TX_IRQHandler
                0x00000000000026f8        0x8 ./startup/startup_mk64f12.o
                0x00000000000026f8                UART0_RX_TX_IRQHandler
 .text.UART0_ERR_IRQHandler
                0x0000000000002700        0x8 ./startup/startup_mk64f12.o
                0x0000000000002700                UART0_ERR_IRQHandler
 .text.UART1_RX_TX_IRQHandler
                0x0000000000002708        0x8 ./startup/startup_mk64f12.o
                0x0000000000002708                UART1_RX_TX_IRQHandler
 .text.UART1_ERR_IRQHandler
                0x0000000000002710        0x8 ./startup/startup_mk64f12.o
                0x0000000000002710                UART1_ERR_IRQHandler
 .text.UART2_RX_TX_IRQHandler
                0x0000000000002718        0x8 ./startup/startup_mk64f12.o
                0x0000000000002718                UART2_RX_TX_IRQHandler
 .text.UART2_ERR_IRQHandler
                0x0000000000002720        0x8 ./startup/startup_mk64f12.o
                0x0000000000002720                UART2_ERR_IRQHandler
 .text.UART3_RX_TX_IRQHandler
                0x0000000000002728        0x8 ./startup/startup_mk64f12.o
                0x0000000000002728                UART3_RX_TX_IRQHandler
 .text.UART3_ERR_IRQHandler
                0x0000000000002730        0x8 ./startup/startup_mk64f12.o
                0x0000000000002730                UART3_ERR_IRQHandler
 .text.ADC0_IRQHandler
                0x0000000000002738        0x8 ./startup/startup_mk64f12.o
                0x0000000000002738                ADC0_IRQHandler
 .text.CMP0_IRQHandler
                0x0000000000002740        0x8 ./startup/startup_mk64f12.o
                0x0000000000002740                CMP0_IRQHandler
 .text.CMP1_IRQHandler
                0x0000000000002748        0x8 ./startup/startup_mk64f12.o
                0x0000000000002748                CMP1_IRQHandler
 .text.FTM0_IRQHandler
                0x0000000000002750        0x8 ./startup/startup_mk64f12.o
                0x0000000000002750                FTM0_IRQHandler
 .text.FTM1_IRQHandler
                0x0000000000002758        0x8 ./startup/startup_mk64f12.o
                0x0000000000002758                FTM1_IRQHandler
 .text.FTM2_IRQHandler
                0x0000000000002760        0x8 ./startup/startup_mk64f12.o
                0x0000000000002760                FTM2_IRQHandler
 .text.CMT_IRQHandler
                0x0000000000002768        0x8 ./startup/startup_mk64f12.o
                0x0000000000002768                CMT_IRQHandler
 .text.RTC_IRQHandler
                0x0000000000002770        0x8 ./startup/startup_mk64f12.o
                0x0000000000002770                RTC_IRQHandler
 .text.RTC_Seconds_IRQHandler
                0x0000000000002778        0x8 ./startup/startup_mk64f12.o
                0x0000000000002778                RTC_Seconds_IRQHandler
 .text.PIT0_IRQHandler
                0x0000000000002780        0x8 ./startup/startup_mk64f12.o
                0x0000000000002780                PIT0_IRQHandler
 .text.PIT1_IRQHandler
                0x0000000000002788        0x8 ./startup/startup_mk64f12.o
                0x0000000000002788                PIT1_IRQHandler
 .text.PIT2_IRQHandler
                0x0000000000002790        0x8 ./startup/startup_mk64f12.o
                0x0000000000002790                PIT2_IRQHandler
 .text.PIT3_IRQHandler
                0x0000000000002798        0x8 ./startup/startup_mk64f12.o
                0x0000000000002798                PIT3_IRQHandler
 .text.PDB0_IRQHandler
                0x00000000000027a0        0x8 ./startup/startup_mk64f12.o
                0x00000000000027a0                PDB0_IRQHandler
 .text.USB0_IRQHandler
                0x00000000000027a8        0x8 ./startup/startup_mk64f12.o
                0x00000000000027a8                USB0_IRQHandler
 .text.USBDCD_IRQHandler
                0x00000000000027b0        0x8 ./startup/startup_mk64f12.o
                0x00000000000027b0                USBDCD_IRQHandler
 .text.Reserved71_IRQHandler
                0x00000000000027b8        0x8 ./startup/startup_mk64f12.o
                0x00000000000027b8                Reserved71_IRQHandler
 .text.DAC0_IRQHandler
                0x00000000000027c0        0x8 ./startup/startup_mk64f12.o
                0x00000000000027c0                DAC0_IRQHandler
 .text.MCG_IRQHandler
                0x00000000000027c8        0x8 ./startup/startup_mk64f12.o
                0x00000000000027c8                MCG_IRQHandler
 .text.LPTMR0_IRQHandler
                0x00000000000027d0        0x8 ./startup/startup_mk64f12.o
                0x00000000000027d0                LPTMR0_IRQHandler
 .text.PORTA_IRQHandler
                0x00000000000027d8        0x8 ./startup/startup_mk64f12.o
                0x00000000000027d8                PORTA_IRQHandler
 .text.PORTB_IRQHandler
                0x00000000000027e0        0x8 ./startup/startup_mk64f12.o
                0x00000000000027e0                PORTB_IRQHandler
 .text.PORTC_IRQHandler
                0x00000000000027e8        0x8 ./startup/startup_mk64f12.o
                0x00000000000027e8                PORTC_IRQHandler
 .text.PORTD_IRQHandler
                0x00000000000027f0        0x8 ./startup/startup_mk64f12.o
                0x00000000000027f0                PORTD_IRQHandler
 .text.PORTE_IRQHandler
                0x00000000000027f8        0x8 ./startup/startup_mk64f12.o
                0x00000000000027f8                PORTE_IRQHandler
 .text.SWI_IRQHandler
                0x0000000000002800        0x8 ./startup/startup_mk64f12.o
                0x0000000000002800                SWI_IRQHandler
 .text.SPI2_IRQHandler
                0x0000000000002808        0x8 ./startup/startup_mk64f12.o
                0x0000000000002808                SPI2_IRQHandler
 .text.UART4_RX_TX_IRQHandler
                0x0000000000002810        0x8 ./startup/startup_mk64f12.o
                0x0000000000002810                UART4_RX_TX_IRQHandler
 .text.UART4_ERR_IRQHandler
                0x0000000000002818        0x8 ./startup/startup_mk64f12.o
                0x0000000000002818                UART4_ERR_IRQHandler
 .text.UART5_RX_TX_IRQHandler
                0x0000000000002820        0x8 ./startup/startup_mk64f12.o
                0x0000000000002820                UART5_RX_TX_IRQHandler
 .text.UART5_ERR_IRQHandler
                0x0000000000002828        0x8 ./startup/startup_mk64f12.o
                0x0000000000002828                UART5_ERR_IRQHandler
 .text.CMP2_IRQHandler
                0x0000000000002830        0x8 ./startup/startup_mk64f12.o
                0x0000000000002830                CMP2_IRQHandler
 .text.FTM3_IRQHandler
                0x0000000000002838        0x8 ./startup/startup_mk64f12.o
                0x0000000000002838                FTM3_IRQHandler
 .text.DAC1_IRQHandler
                0x0000000000002840        0x8 ./startup/startup_mk64f12.o
                0x0000000000002840                DAC1_IRQHandler
 .text.ADC1_IRQHandler
                0x0000000000002848        0x8 ./startup/startup_mk64f12.o
                0x0000000000002848                ADC1_IRQHandler
 .text.I2C2_IRQHandler
                0x0000000000002850        0x8 ./startup/startup_mk64f12.o
                0x0000000000002850                I2C2_IRQHandler
 .text.CAN0_ORed_Message_buffer_IRQHandler
                0x0000000000002858        0x8 ./startup/startup_mk64f12.o
                0x0000000000002858                CAN0_ORed_Message_buffer_IRQHandler
 .text.CAN0_Bus_Off_IRQHandler
                0x0000000000002860        0x8 ./startup/startup_mk64f12.o
                0x0000000000002860                CAN0_Bus_Off_IRQHandler
 .text.CAN0_Error_IRQHandler
                0x0000000000002868        0x8 ./startup/startup_mk64f12.o
                0x0000000000002868                CAN0_Error_IRQHandler
 .text.CAN0_Tx_Warning_IRQHandler
                0x0000000000002870        0x8 ./startup/startup_mk64f12.o
                0x0000000000002870                CAN0_Tx_Warning_IRQHandler
 .text.CAN0_Rx_Warning_IRQHandler
                0x0000000000002878        0x8 ./startup/startup_mk64f12.o
                0x0000000000002878                CAN0_Rx_Warning_IRQHandler
 .text.CAN0_Wake_Up_IRQHandler
                0x0000000000002880        0x8 ./startup/startup_mk64f12.o
                0x0000000000002880                CAN0_Wake_Up_IRQHandler
 .text.SDHC_IRQHandler
                0x0000000000002888        0x8 ./startup/startup_mk64f12.o
                0x0000000000002888                SDHC_IRQHandler
 .text.ENET_1588_Timer_IRQHandler
                0x0000000000002890        0x8 ./startup/startup_mk64f12.o
                0x0000000000002890                ENET_1588_Timer_IRQHandler
 .text.ENET_Transmit_IRQHandler
                0x0000000000002898        0x8 ./startup/startup_mk64f12.o
                0x0000000000002898                ENET_Transmit_IRQHandler
 .text.ENET_Receive_IRQHandler
                0x00000000000028a0        0x8 ./startup/startup_mk64f12.o
                0x00000000000028a0                ENET_Receive_IRQHandler
 .text.ENET_Error_IRQHandler
                0x00000000000028a8        0x8 ./startup/startup_mk64f12.o
                0x00000000000028a8                ENET_Error_IRQHandler
 .text.HardFault_Handler
                0x00000000000028b0       0x2c ./source/semihost_hardfault.o
                0x00000000000028b0                HardFault_Handler
 .text.OSC_SetExtRefClkConfig
                0x00000000000028dc       0x34 ./drivers/fsl_clock.o
 .text.OSC_SetCapLoad
                0x0000000000002910       0x34 ./drivers/fsl_clock.o
 .text.CLOCK_GetPll0RefFreq
                0x0000000000002944        0xe ./drivers/fsl_clock.o
 .text.CLOCK_GetFixedFreqClkFreq
                0x0000000000002952       0x34 ./drivers/fsl_clock.o
                0x0000000000002952                CLOCK_GetFixedFreqClkFreq
 .text.CLOCK_EnableClock
                0x0000000000002986       0x34 ./drivers/fsl_uart.o
 .text.UART_WriteBlocking
                0x00000000000029ba       0x50 ./drivers/fsl_uart.o
                0x00000000000029ba                UART_WriteBlocking
 .text.UART0_RX_TX_DriverIRQHandler
                0x0000000000002a0a       0x12 ./drivers/fsl_uart.o
                0x0000000000002a0a                UART0_RX_TX_DriverIRQHandler
 .text.UART1_RX_TX_DriverIRQHandler
                0x0000000000002a1c       0x12 ./drivers/fsl_uart.o
                0x0000000000002a1c                UART1_RX_TX_DriverIRQHandler
 .text.UART2_RX_TX_DriverIRQHandler
                0x0000000000002a2e       0x12 ./drivers/fsl_uart.o
                0x0000000000002a2e                UART2_RX_TX_DriverIRQHandler
 .text.UART3_RX_TX_DriverIRQHandler
                0x0000000000002a40       0x12 ./drivers/fsl_uart.o
                0x0000000000002a40                UART3_RX_TX_DriverIRQHandler
 .text.UART4_RX_TX_DriverIRQHandler
                0x0000000000002a52       0x12 ./drivers/fsl_uart.o
                0x0000000000002a52                UART4_RX_TX_DriverIRQHandler
 .text.UART5_RX_TX_DriverIRQHandler
                0x0000000000002a64       0x12 ./drivers/fsl_uart.o
                0x0000000000002a64                UART5_RX_TX_DriverIRQHandler
 .text.SystemInitHook
                0x0000000000002a76        0xe ./device/system_MK64F12.o
                0x0000000000002a76                SystemInitHook
 .text.CLOCK_EnableClock
                0x0000000000002a84       0x34 ./board/pin_mux.o
 .text.PORT_SetPinMux
                0x0000000000002ab8       0x3a ./board/pin_mux.o
 .text.__main   0x0000000000002af2        0xe /usr/local/mcuxpressoide-11.3.1_5262/ide/plugins/com.nxp.mcuxpresso.tools.linux_11.3.0.202011031536/tools/bin/../lib/gcc/arm-none-eabi/9.3.1/../../../../arm-none-eabi/lib/thumb/v7e-m+fp/hard/libcr_semihost_nf.a(_cr__main.o)
                0x0000000000002af2                __main
                0x0000000000002af2                __CR_SEMIHOST
 .text.memset   0x0000000000002b00        0x4 /usr/local/mcuxpressoide-11.3.1_5262/ide/plugins/com.nxp.mcuxpresso.tools.linux_11.3.0.202011031536/tools/bin/../lib/gcc/arm-none-eabi/9.3.1/../../../../arm-none-eabi/lib/thumb/v7e-m+fp/hard/libcr_c.a(memset.o)
                0x0000000000002b00                memset
 .text.free     0x0000000000002b04       0x30 /usr/local/mcuxpressoide-11.3.1_5262/ide/plugins/com.nxp.mcuxpresso.tools.linux_11.3.0.202011031536/tools/bin/../lib/gcc/arm-none-eabi/9.3.1/../../../../arm-none-eabi/lib/thumb/v7e-m+fp/hard/libcr_c.a(alloc.o)
                0x0000000000002b04                free
 .text.no_fp_display
                0x0000000000002b34        0x4 /usr/local/mcuxpressoide-11.3.1_5262/ide/plugins/com.nxp.mcuxpresso.tools.linux_11.3.0.202011031536/tools/bin/../lib/gcc/arm-none-eabi/9.3.1/../../../../arm-none-eabi/lib/thumb/v7e-m+fp/hard/libcr_c.a(printf.o)
 .text.setvbuf  0x0000000000002b38       0x3e /usr/local/mcuxpressoide-11.3.1_5262/ide/plugins/com.nxp.mcuxpresso.tools.linux_11.3.0.202011031536/tools/bin/../lib/gcc/arm-none-eabi/9.3.1/../../../../arm-none-eabi/lib/thumb/v7e-m+fp/hard/libcr_c.a(setvbuf.o)
                0x0000000000002b38                setvbuf
 .text.strlen   0x0000000000002b76       0x4c /usr/local/mcuxpressoide-11.3.1_5262/ide/plugins/com.nxp.mcuxpresso.tools.linux_11.3.0.202011031536/tools/bin/../lib/gcc/arm-none-eabi/9.3.1/../../../../arm-none-eabi/lib/thumb/v7e-m+fp/hard/libcr_c.a(strlen.o)
                0x0000000000002b76                strlen
 .text._deferredlazyseek
                0x0000000000002bc2       0x40 /usr/local/mcuxpressoide-11.3.1_5262/ide/plugins/com.nxp.mcuxpresso.tools.linux_11.3.0.202011031536/tools/bin/../lib/gcc/arm-none-eabi/9.3.1/../../../../arm-none-eabi/lib/thumb/v7e-m+fp/hard/libcr_c.a(_deferredlazyseek.o)
                0x0000000000002bc2                _deferredlazyseek
 .text.__flsbuf
                0x0000000000002c02      0x140 /usr/local/mcuxpressoide-11.3.1_5262/ide/plugins/com.nxp.mcuxpresso.tools.linux_11.3.0.202011031536/tools/bin/../lib/gcc/arm-none-eabi/9.3.1/../../../../arm-none-eabi/lib/thumb/v7e-m+fp/hard/libcr_c.a(_deferredlazyseek.o)
                0x0000000000002c02                __flsbuf
 .text._fdopen  0x0000000000002d42       0x68 /usr/local/mcuxpressoide-11.3.1_5262/ide/plugins/com.nxp.mcuxpresso.tools.linux_11.3.0.202011031536/tools/bin/../lib/gcc/arm-none-eabi/9.3.1/../../../../arm-none-eabi/lib/thumb/v7e-m+fp/hard/libcr_c.a(_fdopen.o)
                0x0000000000002d42                _fdopen
 .text._fflush  0x0000000000002daa       0x52 /usr/local/mcuxpressoide-11.3.1_5262/ide/plugins/com.nxp.mcuxpresso.tools.linux_11.3.0.202011031536/tools/bin/../lib/gcc/arm-none-eabi/9.3.1/../../../../arm-none-eabi/lib/thumb/v7e-m+fp/hard/libcr_c.a(_fflush.o)
                0x0000000000002daa                _fflush
 .text.fclose   0x0000000000002dfc       0x58 /usr/local/mcuxpressoide-11.3.1_5262/ide/plugins/com.nxp.mcuxpresso.tools.linux_11.3.0.202011031536/tools/bin/../lib/gcc/arm-none-eabi/9.3.1/../../../../arm-none-eabi/lib/thumb/v7e-m+fp/hard/libcr_c.a(fclose.o)
                0x0000000000002dfc                fclose
 .text.remove   0x0000000000002e54       0x14 /usr/local/mcuxpressoide-11.3.1_5262/ide/plugins/com.nxp.mcuxpresso.tools.linux_11.3.0.202011031536/tools/bin/../lib/gcc/arm-none-eabi/9.3.1/../../../../arm-none-eabi/lib/thumb/v7e-m+fp/hard/libcr_c.a(remove.o)
                0x0000000000002e54                remove
 .text._do_fflush
                0x0000000000002e68       0x40 /usr/local/mcuxpressoide-11.3.1_5262/ide/plugins/com.nxp.mcuxpresso.tools.linux_11.3.0.202011031536/tools/bin/../lib/gcc/arm-none-eabi/9.3.1/../../../../arm-none-eabi/lib/thumb/v7e-m+fp/hard/libcr_c.a(_do_fflush.o)
                0x0000000000002e68                _do_fflush
 .text.__aeabi_memset_lowlevel
                0x0000000000002ea8       0x32 /usr/local/mcuxpressoide-11.3.1_5262/ide/plugins/com.nxp.mcuxpresso.tools.linux_11.3.0.202011031536/tools/bin/../lib/gcc/arm-none-eabi/9.3.1/thumb/v7e-m+fp/hard/libcr_eabihelpers.a(memcpy.o)
                0x0000000000002ea8                __aeabi_lowlevel_memset
 .text.__sys_close
                0x0000000000002eda        0xc /usr/local/mcuxpressoide-11.3.1_5262/ide/plugins/com.nxp.mcuxpresso.tools.linux_11.3.0.202011031536/tools/bin/../lib/gcc/arm-none-eabi/9.3.1/../../../../arm-none-eabi/lib/thumb/v7e-m+fp/hard/libcr_semihost_nf.a(__sys_close.o)
                0x0000000000002eda                __sys_close
 .text.__sys_flen
                0x0000000000002ee6        0xc /usr/local/mcuxpressoide-11.3.1_5262/ide/plugins/com.nxp.mcuxpresso.tools.linux_11.3.0.202011031536/tools/bin/../lib/gcc/arm-none-eabi/9.3.1/../../../../arm-none-eabi/lib/thumb/v7e-m+fp/hard/libcr_semihost_nf.a(__sys_flen.o)
                0x0000000000002ee6                __sys_flen
 .text.__sys_istty
                0x0000000000002ef2        0xc /usr/local/mcuxpressoide-11.3.1_5262/ide/plugins/com.nxp.mcuxpresso.tools.linux_11.3.0.202011031536/tools/bin/../lib/gcc/arm-none-eabi/9.3.1/../../../../arm-none-eabi/lib/thumb/v7e-m+fp/hard/libcr_semihost_nf.a(__sys_istty.o)
                0x0000000000002ef2                __sys_istty
 .text.__sys_remove
                0x0000000000002efe        0xc /usr/local/mcuxpressoide-11.3.1_5262/ide/plugins/com.nxp.mcuxpresso.tools.linux_11.3.0.202011031536/tools/bin/../lib/gcc/arm-none-eabi/9.3.1/../../../../arm-none-eabi/lib/thumb/v7e-m+fp/hard/libcr_semihost_nf.a(__sys_remove.o)
                0x0000000000002efe                __sys_remove
 .text.__sys_seek
                0x0000000000002f0a        0xc /usr/local/mcuxpressoide-11.3.1_5262/ide/plugins/com.nxp.mcuxpresso.tools.linux_11.3.0.202011031536/tools/bin/../lib/gcc/arm-none-eabi/9.3.1/../../../../arm-none-eabi/lib/thumb/v7e-m+fp/hard/libcr_semihost_nf.a(__sys_seek.o)
                0x0000000000002f0a                __sys_seek
 .text.__sys_tmpnam
                0x0000000000002f16        0xc /usr/local/mcuxpressoide-11.3.1_5262/ide/plugins/com.nxp.mcuxpresso.tools.linux_11.3.0.202011031536/tools/bin/../lib/gcc/arm-none-eabi/9.3.1/../../../../arm-none-eabi/lib/thumb/v7e-m+fp/hard/libcr_semihost_nf.a(__sys_tmpnam.o)
                0x0000000000002f16                __sys_tmpnam
 .text.__sys_write
                0x0000000000002f22        0xc /usr/local/mcuxpressoide-11.3.1_5262/ide/plugins/com.nxp.mcuxpresso.tools.linux_11.3.0.202011031536/tools/bin/../lib/gcc/arm-none-eabi/9.3.1/../../../../arm-none-eabi/lib/thumb/v7e-m+fp/hard/libcr_semihost_nf.a(__sys_write.o)
                0x0000000000002f22                __sys_write
 *(SORT_BY_ALIGNMENT(.rodata) SORT_BY_ALIGNMENT(.rodata.*) SORT_BY_ALIGNMENT(.constdata) SORT_BY_ALIGNMENT(.constdata.*))
 *fill*         0x0000000000002f2e        0x2 ff
 .rodata.__assertion_failed.str1.4
                0x0000000000002f30       0x14 ./utilities/fsl_assert.o
 .rodata.CLOCK_GetMcgExtClkFreq.str1.4
                0x0000000000002f44       0x4e ./drivers/fsl_clock.o
 *fill*         0x0000000000002f92        0x2 ff
 .rodata.CLOCK_GetOsc0ErClkFreq.str1.4
                0x0000000000002f94       0x1f ./drivers/fsl_clock.o
 *fill*         0x0000000000002fb3        0x1 ff
 .rodata.CLOCK_GetEr32kClkFreq.str1.4
                0x0000000000002fb4       0x20 ./drivers/fsl_clock.o
 .rodata.CLOCK_GetPll0Freq.str1.4
                0x0000000000002fd4       0x1e ./drivers/fsl_clock.o
 *fill*         0x0000000000002ff2        0x2 ff
 .rodata.CLOCK_EnablePll0.str1.4
                0x0000000000002ff4       0x1b ./drivers/fsl_clock.o
 *fill*         0x000000000000300f        0x1 ff
 .rodata.CLOCK_SetPbeMode.str1.4
                0x0000000000003010       0x1b ./drivers/fsl_clock.o
 *fill*         0x000000000000302b        0x1 ff
 .rodata.CLOCK_BootToPeeMode.str1.4
                0x000000000000302c       0x1b ./drivers/fsl_clock.o
 *fill*         0x0000000000003047        0x1 ff
 .rodata.fllFactorTable.7898
                0x0000000000003048       0x10 ./drivers/fsl_clock.o
 .rodata.s_uartBases
                0x0000000000003058       0x18 ./drivers/fsl_uart.o
 .rodata.s_uartClock
                0x0000000000003070       0x18 ./drivers/fsl_uart.o
 .rodata.UART_GetInstance.str1.4
                0x0000000000003088       0x2c ./drivers/fsl_uart.o
 .rodata.UART_Init.str1.4
                0x00000000000030b4       0xf4 ./drivers/fsl_uart.o
 .rodata.UART_GetDefaultConfig.str1.4
                0x00000000000031a8       0x19 ./drivers/fsl_uart.o
 *fill*         0x00000000000031c1        0x3 ff
 .rodata.mcgConfig_BOARD_BootClockRUN
                0x00000000000031c4        0xb ./board/clock_config.o
                0x00000000000031c4                mcgConfig_BOARD_BootClockRUN
 *fill*         0x00000000000031cf        0x1 ff
 .rodata.simConfig_BOARD_BootClockRUN
                0x00000000000031d0        0x8 ./board/clock_config.o
                0x00000000000031d0                simConfig_BOARD_BootClockRUN
 .rodata.oscConfig_BOARD_BootClockRUN
                0x00000000000031d8        0x8 ./board/clock_config.o
                0x00000000000031d8                oscConfig_BOARD_BootClockRUN
 .rodata.__num_Ciob_streams
                0x00000000000031e0        0x4 /usr/local/mcuxpressoide-11.3.1_5262/ide/plugins/com.nxp.mcuxpresso.tools.linux_11.3.0.202011031536/tools/bin/../lib/gcc/arm-none-eabi/9.3.1/../../../../arm-none-eabi/lib/thumb/v7e-m+fp/hard/libcr_semihost_nf.a(__ciob.o)
                0x00000000000031e0                __num_Ciob_streams
 .rodata._Csys_alloc.str1.1
                0x00000000000031e4       0x18 /usr/local/mcuxpressoide-11.3.1_5262/ide/plugins/com.nxp.mcuxpresso.tools.linux_11.3.0.202011031536/tools/bin/../lib/gcc/arm-none-eabi/9.3.1/../../../../arm-none-eabi/lib/thumb/v7e-m+fp/hard/libcr_c.a(alloc.o)
 .rodata._initio.str1.1
                0x00000000000031fc        0x4 /usr/local/mcuxpressoide-11.3.1_5262/ide/plugins/com.nxp.mcuxpresso.tools.linux_11.3.0.202011031536/tools/bin/../lib/gcc/arm-none-eabi/9.3.1/../../../../arm-none-eabi/lib/thumb/v7e-m+fp/hard/libcr_c.a(initio.o)
 .rodata.__vfprintf.str1.1
                0x0000000000003200       0x37 /usr/local/mcuxpressoide-11.3.1_5262/ide/plugins/com.nxp.mcuxpresso.tools.linux_11.3.0.202011031536/tools/bin/../lib/gcc/arm-none-eabi/9.3.1/../../../../arm-none-eabi/lib/thumb/v7e-m+fp/hard/libcr_c.a(printf.o)
                                         0x38 (size before relaxing)
                0x0000000000003238                . = ALIGN (0x8)
 *fill*         0x0000000000003237        0x1 ff

.glue_7         0x0000000000003238        0x0
 .glue_7        0x0000000000003238        0x0 linker stubs

.glue_7t        0x0000000000003238        0x0
 .glue_7t       0x0000000000003238        0x0 linker stubs

.vfp11_veneer   0x0000000000003238        0x0
 .vfp11_veneer  0x0000000000003238        0x0 linker stubs

.v4_bx          0x0000000000003238        0x0
 .v4_bx         0x0000000000003238        0x0 linker stubs

.iplt           0x0000000000003238        0x0
 .iplt          0x0000000000003238        0x0 ./utilities/fsl_assert.o

.rel.dyn        0x0000000000003238        0x0
 .rel.iplt      0x0000000000003238        0x0 ./utilities/fsl_assert.o

.ARM.extab
 *(SORT_BY_ALIGNMENT(.ARM.extab*) SORT_BY_ALIGNMENT(.gnu.linkonce.armextab.*))

.ARM.exidx      0x0000000000003238        0x0
                0x0000000000003238                __exidx_start = .
 *(SORT_BY_ALIGNMENT(.ARM.exidx*) SORT_BY_ALIGNMENT(.gnu.linkonce.armexidx.*))
                0x0000000000003238                __exidx_end = .
                0x0000000000003238                _etext = .

.m_usb_data
 *(SORT_BY_ALIGNMENT(m_usb_bdt))

.data_RAM2      0x000000001fff0000        0x0 load address 0x0000000000003238
 FILL mask 0xff
                [!provide]                        PROVIDE (__start_data_RAM2 = .)
                [!provide]                        PROVIDE (__start_data_SRAM_LOWER = .)
 *(SORT_BY_ALIGNMENT(.ramfunc.$RAM2))
 *(SORT_BY_ALIGNMENT(.ramfunc.$SRAM_LOWER))
 *(SORT_BY_ALIGNMENT(.data.$RAM2))
 *(SORT_BY_ALIGNMENT(.data.$SRAM_LOWER))
 *(SORT_BY_ALIGNMENT(.data.$RAM2.*))
 *(SORT_BY_ALIGNMENT(.data.$SRAM_LOWER.*))
                0x000000001fff0000                . = ALIGN (0x8)
                [!provide]                        PROVIDE (__end_data_RAM2 = .)
                [!provide]                        PROVIDE (__end_data_SRAM_LOWER = .)

.data_RAM3      0x0000000014000000        0x0 load address 0x0000000000003238
 FILL mask 0xff
                [!provide]                        PROVIDE (__start_data_RAM3 = .)
                [!provide]                        PROVIDE (__start_data_FLEX_RAM = .)
 *(SORT_BY_ALIGNMENT(.ramfunc.$RAM3))
 *(SORT_BY_ALIGNMENT(.ramfunc.$FLEX_RAM))
 *(SORT_BY_ALIGNMENT(.data.$RAM3))
 *(SORT_BY_ALIGNMENT(.data.$FLEX_RAM))
 *(SORT_BY_ALIGNMENT(.data.$RAM3.*))
 *(SORT_BY_ALIGNMENT(.data.$FLEX_RAM.*))
                0x0000000014000000                . = ALIGN (0x8)
                [!provide]                        PROVIDE (__end_data_RAM3 = .)
                [!provide]                        PROVIDE (__end_data_FLEX_RAM = .)

.uninit_RESERVED
                0x0000000020000000        0x0
                0x0000000020000000                _start_uninit_RESERVED = .
 *(SORT_BY_ALIGNMENT(.bss.$RESERVED*))
                0x0000000020000000                . = ALIGN (0x8)
                0x0000000020000000                _end_uninit_RESERVED = .

.data           0x0000000020000000       0x10 load address 0x0000000000003238
 FILL mask 0xff
                0x0000000020000000                _data = .
                [!provide]                        PROVIDE (__start_data_RAM = .)
                [!provide]                        PROVIDE (__start_data_SRAM_UPPER = .)
 *(SORT_BY_ALIGNMENT(vtable))
 *(SORT_BY_ALIGNMENT(.ramfunc*))
 *(SORT_BY_ALIGNMENT(CodeQuickAccess))
 *(SORT_BY_ALIGNMENT(DataQuickAccess))
 *(SORT_BY_ALIGNMENT(RamFunction))
 *(SORT_BY_ALIGNMENT(.data*))
 .data.s_slowIrcFreq
                0x0000000020000000        0x4 ./drivers/fsl_clock.o
 .data.s_fastIrcFreq
                0x0000000020000004        0x4 ./drivers/fsl_clock.o
 .data.SystemCoreClock
                0x0000000020000008        0x4 ./device/system_MK64F12.o
                0x0000000020000008                SystemCoreClock
                0x0000000020000010                . = ALIGN (0x8)
 *fill*         0x000000002000000c        0x4 ff
                0x0000000020000010                _edata = .
                [!provide]                        PROVIDE (__end_data_RAM = .)
                [!provide]                        PROVIDE (__end_data_SRAM_UPPER = .)

.igot.plt       0x0000000020000010        0x0 load address 0x0000000000003248
 .igot.plt      0x0000000020000010        0x0 ./utilities/fsl_assert.o

.non_init       0x0000000020000010      0x7d4 load address 0x0000000000003248
 .non_init      0x0000000020000010      0x7d4 ./source/uart_polling.o
                0x0000000020000010                etm_tc_len
                0x0000000020000014                etm_tc

.bss_RAM2       0x000000001fff0000        0x0
                [!provide]                        PROVIDE (__start_bss_RAM2 = .)
                [!provide]                        PROVIDE (__start_bss_SRAM_LOWER = .)
 *(SORT_BY_ALIGNMENT(.bss.$RAM2))
 *(SORT_BY_ALIGNMENT(.bss.$SRAM_LOWER))
 *(SORT_BY_ALIGNMENT(.bss.$RAM2.*))
 *(SORT_BY_ALIGNMENT(.bss.$SRAM_LOWER.*))
                0x000000001fff0000                . = ALIGN ((. != 0x0)?0x8:0x1)
                [!provide]                        PROVIDE (__end_bss_RAM2 = .)
                [!provide]                        PROVIDE (__end_bss_SRAM_LOWER = .)

.bss_RAM3       0x0000000014000000        0x0
                [!provide]                        PROVIDE (__start_bss_RAM3 = .)
                [!provide]                        PROVIDE (__start_bss_FLEX_RAM = .)
 *(SORT_BY_ALIGNMENT(.bss.$RAM3))
 *(SORT_BY_ALIGNMENT(.bss.$FLEX_RAM))
 *(SORT_BY_ALIGNMENT(.bss.$RAM3.*))
 *(SORT_BY_ALIGNMENT(.bss.$FLEX_RAM.*))
                0x0000000014000000                . = ALIGN ((. != 0x0)?0x8:0x1)
                [!provide]                        PROVIDE (__end_bss_RAM3 = .)
                [!provide]                        PROVIDE (__end_bss_FLEX_RAM = .)

.bss            0x00000000200007e8       0xe8
                0x00000000200007e8                _bss = .
                [!provide]                        PROVIDE (__start_bss_RAM = .)
                [!provide]                        PROVIDE (__start_bss_SRAM_UPPER = .)
 *(SORT_BY_ALIGNMENT(.bss*))
 .bss.g_xtal0Freq
                0x00000000200007e8        0x4 ./drivers/fsl_clock.o
                0x00000000200007e8                g_xtal0Freq
 .bss.g_xtal32Freq
                0x00000000200007ec        0x4 ./drivers/fsl_clock.o
                0x00000000200007ec                g_xtal32Freq
 .bss.s_uartHandle
                0x00000000200007f0       0x18 ./drivers/fsl_uart.o
 .bss.s_uartIsr
                0x0000000020000808        0x4 ./drivers/fsl_uart.o
 .bss.__end_of_heap
                0x000000002000080c        0x4 /usr/local/mcuxpressoide-11.3.1_5262/ide/plugins/com.nxp.mcuxpresso.tools.linux_11.3.0.202011031536/tools/bin/../lib/gcc/arm-none-eabi/9.3.1/../../../../arm-none-eabi/lib/thumb/v7e-m+fp/hard/libcr_c.a(__init_alloc.o)
                0x000000002000080c                __end_of_heap
 .bss.__heaps   0x0000000020000810        0x4 /usr/local/mcuxpressoide-11.3.1_5262/ide/plugins/com.nxp.mcuxpresso.tools.linux_11.3.0.202011031536/tools/bin/../lib/gcc/arm-none-eabi/9.3.1/../../../../arm-none-eabi/lib/thumb/v7e-m+fp/hard/libcr_c.a(__init_alloc.o)
                0x0000000020000810                __heaps
 .bss.errno     0x0000000020000814        0x4 /usr/local/mcuxpressoide-11.3.1_5262/ide/plugins/com.nxp.mcuxpresso.tools.linux_11.3.0.202011031536/tools/bin/../lib/gcc/arm-none-eabi/9.3.1/../../../../arm-none-eabi/lib/thumb/v7e-m+fp/hard/libcr_c.a(errno.o)
                0x0000000020000814                errno
 .bss.__Ciob    0x0000000020000818       0xb4 /usr/local/mcuxpressoide-11.3.1_5262/ide/plugins/com.nxp.mcuxpresso.tools.linux_11.3.0.202011031536/tools/bin/../lib/gcc/arm-none-eabi/9.3.1/../../../../arm-none-eabi/lib/thumb/v7e-m+fp/hard/libcr_semihost_nf.a(__ciob.o)
                0x0000000020000818                __Ciob
 *(SORT_BY_ALIGNMENT(COMMON))
                0x00000000200008d0                . = ALIGN (0x8)
 *fill*         0x00000000200008cc        0x4 
                0x00000000200008d0                _ebss = .
                [!provide]                        PROVIDE (__end_bss_RAM = .)
                [!provide]                        PROVIDE (__end_bss_SRAM_UPPER = .)
                [!provide]                        PROVIDE (end = .)

.noinit_RAM2    0x000000001fff0000        0x0
                [!provide]                        PROVIDE (__start_noinit_RAM2 = .)
                [!provide]                        PROVIDE (__start_noinit_SRAM_LOWER = .)
 *(SORT_BY_ALIGNMENT(.noinit.$RAM2))
 *(SORT_BY_ALIGNMENT(.noinit.$SRAM_LOWER))
 *(SORT_BY_ALIGNMENT(.noinit.$RAM2.*))
 *(SORT_BY_ALIGNMENT(.noinit.$SRAM_LOWER.*))
                0x000000001fff0000                . = ALIGN (0x8)
                [!provide]                        PROVIDE (__end_noinit_RAM2 = .)
                [!provide]                        PROVIDE (__end_noinit_SRAM_LOWER = .)

.noinit_RAM3    0x0000000014000000        0x0
                [!provide]                        PROVIDE (__start_noinit_RAM3 = .)
                [!provide]                        PROVIDE (__start_noinit_FLEX_RAM = .)
 *(SORT_BY_ALIGNMENT(.noinit.$RAM3))
 *(SORT_BY_ALIGNMENT(.noinit.$FLEX_RAM))
 *(SORT_BY_ALIGNMENT(.noinit.$RAM3.*))
 *(SORT_BY_ALIGNMENT(.noinit.$FLEX_RAM.*))
                0x0000000014000000                . = ALIGN (0x8)
                [!provide]                        PROVIDE (__end_noinit_RAM3 = .)
                [!provide]                        PROVIDE (__end_noinit_FLEX_RAM = .)

.noinit         0x00000000200008d0        0x0
                0x00000000200008d0                _noinit = .
                [!provide]                        PROVIDE (__start_noinit_RAM = .)
                [!provide]                        PROVIDE (__start_noinit_SRAM_UPPER = .)
 *(SORT_BY_ALIGNMENT(.noinit*))
                0x00000000200008d0                . = ALIGN (0x8)
                0x00000000200008d0                _end_noinit = .
                [!provide]                        PROVIDE (__end_noinit_RAM = .)
                [!provide]                        PROVIDE (__end_noinit_SRAM_UPPER = .)
                0x0000000000001000                _HeapSize = 0x1000

.heap           0x00000000200008d0     0x1000
                0x00000000200008d0                _pvHeapStart = .
                0x00000000200018d0                . = (. + _HeapSize)
 *fill*         0x00000000200008d0     0x1000 
                0x00000000200018d0                . = ALIGN (0x8)
                0x00000000200018d0                _pvHeapLimit = .
                0x0000000000001000                _StackSize = 0x1000

.heap2stackfill
                0x00000000200018d0     0x1000
                0x00000000200028d0                . = (. + _StackSize)
 *fill*         0x00000000200018d0     0x1000 

.stack          0x000000002002f000        0x0
                0x000000002002f000                _vStackBase = .
                0x000000002002f000                . = ALIGN (0x8)
                0x0000000020030000                _vStackTop = (. + _StackSize)
                0x0000000000000000                _image_start = LOADADDR (.text)
                0x0000000000003248                _image_end = (LOADADDR (.data) + SIZEOF (.data))
                0x0000000000003248                _image_size = (_image_end - _image_start)
OUTPUT(twrk64f120m_uart_polling.axf elf32-littlearm)
LOAD linker stubs

.debug_info     0x0000000000000000     0x6e0c
 .debug_info    0x0000000000000000      0x259 ./utilities/fsl_assert.o
 .debug_info    0x0000000000000259      0x92e ./startup/startup_mk64f12.o
 .debug_info    0x0000000000000b87       0x3c ./source/semihost_hardfault.o
 .debug_info    0x0000000000000bc3      0xaed ./source/uart_polling.o
 .debug_info    0x00000000000016b0     0x21b2 ./drivers/fsl_clock.o
 .debug_info    0x0000000000003862     0x1c98 ./drivers/fsl_uart.o
 .debug_info    0x00000000000054fa      0x69f ./device/system_MK64F12.o
 .debug_info    0x0000000000005b99      0xbe5 ./board/clock_config.o
 .debug_info    0x000000000000677e      0x68e ./board/pin_mux.o

.debug_abbrev   0x0000000000000000     0x1068
 .debug_abbrev  0x0000000000000000       0xe9 ./utilities/fsl_assert.o
 .debug_abbrev  0x00000000000000e9      0x17a ./startup/startup_mk64f12.o
 .debug_abbrev  0x0000000000000263       0x31 ./source/semihost_hardfault.o
 .debug_abbrev  0x0000000000000294      0x1bc ./source/uart_polling.o
 .debug_abbrev  0x0000000000000450      0x371 ./drivers/fsl_clock.o
 .debug_abbrev  0x00000000000007c1      0x358 ./drivers/fsl_uart.o
 .debug_abbrev  0x0000000000000b19      0x170 ./device/system_MK64F12.o
 .debug_abbrev  0x0000000000000c89      0x224 ./board/clock_config.o
 .debug_abbrev  0x0000000000000ead      0x1bb ./board/pin_mux.o

.debug_aranges  0x0000000000000000      0x7c0
 .debug_aranges
                0x0000000000000000       0x20 ./utilities/fsl_assert.o
 .debug_aranges
                0x0000000000000020      0x330 ./startup/startup_mk64f12.o
 .debug_aranges
                0x0000000000000350       0x20 ./source/semihost_hardfault.o
 .debug_aranges
                0x0000000000000370       0x20 ./source/uart_polling.o
 .debug_aranges
                0x0000000000000390      0x1f8 ./drivers/fsl_clock.o
 .debug_aranges
                0x0000000000000588      0x180 ./drivers/fsl_uart.o
 .debug_aranges
                0x0000000000000708       0x30 ./device/system_MK64F12.o
 .debug_aranges
                0x0000000000000738       0x58 ./board/clock_config.o
 .debug_aranges
                0x0000000000000790       0x30 ./board/pin_mux.o

.debug_ranges   0x0000000000000000      0x730
 .debug_ranges  0x0000000000000000       0x10 ./utilities/fsl_assert.o
 .debug_ranges  0x0000000000000010      0x320 ./startup/startup_mk64f12.o
 .debug_ranges  0x0000000000000330       0x10 ./source/semihost_hardfault.o
 .debug_ranges  0x0000000000000340       0x10 ./source/uart_polling.o
 .debug_ranges  0x0000000000000350      0x1e8 ./drivers/fsl_clock.o
 .debug_ranges  0x0000000000000538      0x170 ./drivers/fsl_uart.o
 .debug_ranges  0x00000000000006a8       0x20 ./device/system_MK64F12.o
 .debug_ranges  0x00000000000006c8       0x48 ./board/clock_config.o
 .debug_ranges  0x0000000000000710       0x20 ./board/pin_mux.o

.debug_macro    0x0000000000000000    0x12d2e
 .debug_macro   0x0000000000000000      0x13c ./utilities/fsl_assert.o
 .debug_macro   0x000000000000013c      0xae4 ./utilities/fsl_assert.o
 .debug_macro   0x0000000000000c20       0x10 ./utilities/fsl_assert.o
 .debug_macro   0x0000000000000c30       0x1c ./utilities/fsl_assert.o
 .debug_macro   0x0000000000000c4c       0x22 ./utilities/fsl_assert.o
 .debug_macro   0x0000000000000c6e      0x12e ./utilities/fsl_assert.o
 .debug_macro   0x0000000000000d9c      0x5b3 ./utilities/fsl_assert.o
 .debug_macro   0x000000000000134f       0x22 ./utilities/fsl_assert.o
 .debug_macro   0x0000000000001371       0x10 ./utilities/fsl_assert.o
 .debug_macro   0x0000000000001381       0x57 ./utilities/fsl_assert.o
 .debug_macro   0x00000000000013d8       0x1c ./utilities/fsl_assert.o
 .debug_macro   0x00000000000013f4       0x22 ./utilities/fsl_assert.o
 .debug_macro   0x0000000000001416       0xd8 ./utilities/fsl_assert.o
 .debug_macro   0x00000000000014ee      0xeeb ./utilities/fsl_assert.o
 .debug_macro   0x00000000000023d9       0x40 ./utilities/fsl_assert.o
 .debug_macro   0x0000000000002419     0xe977 ./utilities/fsl_assert.o
 .debug_macro   0x0000000000010d90     0x1266 ./utilities/fsl_assert.o
 .debug_macro   0x0000000000011ff6       0xd0 ./utilities/fsl_assert.o
 .debug_macro   0x00000000000120c6      0x174 ./utilities/fsl_assert.o
 .debug_macro   0x000000000001223a       0x2e ./utilities/fsl_assert.o
 .debug_macro   0x0000000000012268       0x28 ./utilities/fsl_assert.o
 .debug_macro   0x0000000000012290       0x32 ./utilities/fsl_assert.o
 .debug_macro   0x00000000000122c2       0x16 ./utilities/fsl_assert.o
 .debug_macro   0x00000000000122d8       0xd2 ./utilities/fsl_assert.o
 .debug_macro   0x00000000000123aa       0x1c ./utilities/fsl_assert.o
 .debug_macro   0x00000000000123c6       0x29 ./startup/startup_mk64f12.o
 .debug_macro   0x00000000000123ef       0x11 ./source/semihost_hardfault.o
 .debug_macro   0x0000000000012400      0x147 ./source/uart_polling.o
 .debug_macro   0x0000000000012547       0x16 ./source/uart_polling.o
 .debug_macro   0x000000000001255d       0x10 ./source/uart_polling.o
 .debug_macro   0x000000000001256d       0x16 ./source/uart_polling.o
 .debug_macro   0x0000000000012583      0x1f7 ./source/uart_polling.o
 .debug_macro   0x000000000001277a       0x10 ./source/uart_polling.o
 .debug_macro   0x000000000001278a      0x1ba ./drivers/fsl_clock.o
 .debug_macro   0x0000000000012944      0x10a ./drivers/fsl_uart.o
 .debug_macro   0x0000000000012a4e       0x98 ./device/system_MK64F12.o
 .debug_macro   0x0000000000012ae6      0x135 ./board/clock_config.o
 .debug_macro   0x0000000000012c1b      0x113 ./board/pin_mux.o

.debug_line     0x0000000000000000     0x450e
 .debug_line    0x0000000000000000      0x427 ./utilities/fsl_assert.o
 .debug_line    0x0000000000000427      0x90e ./startup/startup_mk64f12.o
 .debug_line    0x0000000000000d35       0x59 ./source/semihost_hardfault.o
 .debug_line    0x0000000000000d8e      0x3d3 ./source/uart_polling.o
 .debug_line    0x0000000000001161     0x14ac ./drivers/fsl_clock.o
 .debug_line    0x000000000000260d     0x1342 ./drivers/fsl_uart.o
 .debug_line    0x000000000000394f      0x3e7 ./device/system_MK64F12.o
 .debug_line    0x0000000000003d36      0x436 ./board/clock_config.o
 .debug_line    0x000000000000416c      0x3a2 ./board/pin_mux.o

.debug_str      0x0000000000000000    0x7f012
 .debug_str     0x0000000000000000    0x797ac ./utilities/fsl_assert.o
                                      0x79856 (size before relaxing)
 .debug_str     0x00000000000797ac      0x7fe ./startup/startup_mk64f12.o
                                       0x3725 (size before relaxing)
 .debug_str     0x0000000000079faa       0x1f ./source/semihost_hardfault.o
                                       0x2eb6 (size before relaxing)
 .debug_str     0x0000000000079fc9     0x1f46 ./source/uart_polling.o
                                      0x7b03a (size before relaxing)
 .debug_str     0x000000000007bf0f     0x1a64 ./drivers/fsl_clock.o
                                      0x7b799 (size before relaxing)
 .debug_str     0x000000000007d973     0x10e7 ./drivers/fsl_uart.o
                                      0x7afe4 (size before relaxing)
 .debug_str     0x000000000007ea5a      0x117 ./device/system_MK64F12.o
                                      0x7824a (size before relaxing)
 .debug_str     0x000000000007eb71      0x306 ./board/clock_config.o
                                      0x7a112 (size before relaxing)
 .debug_str     0x000000000007ee77      0x19b ./board/pin_mux.o
                                      0x79630 (size before relaxing)

.comment        0x0000000000000000       0x4c
 .comment       0x0000000000000000       0x4c ./utilities/fsl_assert.o
                                         0x4d (size before relaxing)
 .comment       0x000000000000004c       0x4d ./startup/startup_mk64f12.o
 .comment       0x000000000000004c       0x4d ./source/semihost_hardfault.o
 .comment       0x000000000000004c       0x4d ./source/uart_polling.o
 .comment       0x000000000000004c       0x4d ./drivers/fsl_clock.o
 .comment       0x000000000000004c       0x4d ./drivers/fsl_uart.o
 .comment       0x000000000000004c       0x4d ./device/system_MK64F12.o
 .comment       0x000000000000004c       0x4d ./board/clock_config.o
 .comment       0x000000000000004c       0x4d ./board/pin_mux.o
 .comment       0x000000000000004c       0x4d /usr/local/mcuxpressoide-11.3.1_5262/ide/plugins/com.nxp.mcuxpresso.tools.linux_11.3.0.202011031536/tools/bin/../lib/gcc/arm-none-eabi/9.3.1/../../../../arm-none-eabi/lib/thumb/v7e-m+fp/hard/libcr_semihost_nf.a(_cr__main.o)
 .comment       0x000000000000004c       0x4d /usr/local/mcuxpressoide-11.3.1_5262/ide/plugins/com.nxp.mcuxpresso.tools.linux_11.3.0.202011031536/tools/bin/../lib/gcc/arm-none-eabi/9.3.1/../../../../arm-none-eabi/lib/thumb/v7e-m+fp/hard/libcr_c.a(memset.o)
 .comment       0x000000000000004c       0x4d /usr/local/mcuxpressoide-11.3.1_5262/ide/plugins/com.nxp.mcuxpresso.tools.linux_11.3.0.202011031536/tools/bin/../lib/gcc/arm-none-eabi/9.3.1/../../../../arm-none-eabi/lib/thumb/v7e-m+fp/hard/libcr_c.a(alloc.o)
 .comment       0x000000000000004c       0x4d /usr/local/mcuxpressoide-11.3.1_5262/ide/plugins/com.nxp.mcuxpresso.tools.linux_11.3.0.202011031536/tools/bin/../lib/gcc/arm-none-eabi/9.3.1/../../../../arm-none-eabi/lib/thumb/v7e-m+fp/hard/libcr_c.a(initio.o)
 .comment       0x000000000000004c       0x4d /usr/local/mcuxpressoide-11.3.1_5262/ide/plugins/com.nxp.mcuxpresso.tools.linux_11.3.0.202011031536/tools/bin/../lib/gcc/arm-none-eabi/9.3.1/../../../../arm-none-eabi/lib/thumb/v7e-m+fp/hard/libcr_c.a(printf.o)
 .comment       0x000000000000004c       0x4d /usr/local/mcuxpressoide-11.3.1_5262/ide/plugins/com.nxp.mcuxpresso.tools.linux_11.3.0.202011031536/tools/bin/../lib/gcc/arm-none-eabi/9.3.1/../../../../arm-none-eabi/lib/thumb/v7e-m+fp/hard/libcr_c.a(setvbuf.o)
 .comment       0x000000000000004c       0x4d /usr/local/mcuxpressoide-11.3.1_5262/ide/plugins/com.nxp.mcuxpresso.tools.linux_11.3.0.202011031536/tools/bin/../lib/gcc/arm-none-eabi/9.3.1/../../../../arm-none-eabi/lib/thumb/v7e-m+fp/hard/libcr_c.a(strlen.o)
 .comment       0x000000000000004c       0x4d /usr/local/mcuxpressoide-11.3.1_5262/ide/plugins/com.nxp.mcuxpresso.tools.linux_11.3.0.202011031536/tools/bin/../lib/gcc/arm-none-eabi/9.3.1/../../../../arm-none-eabi/lib/thumb/v7e-m+fp/hard/libcr_c.a(__init_alloc.o)
 .comment       0x000000000000004c       0x4d /usr/local/mcuxpressoide-11.3.1_5262/ide/plugins/com.nxp.mcuxpresso.tools.linux_11.3.0.202011031536/tools/bin/../lib/gcc/arm-none-eabi/9.3.1/../../../../arm-none-eabi/lib/thumb/v7e-m+fp/hard/libcr_c.a(_cr_sbrk.o)
 .comment       0x000000000000004c       0x4d /usr/local/mcuxpressoide-11.3.1_5262/ide/plugins/com.nxp.mcuxpresso.tools.linux_11.3.0.202011031536/tools/bin/../lib/gcc/arm-none-eabi/9.3.1/../../../../arm-none-eabi/lib/thumb/v7e-m+fp/hard/libcr_c.a(_deferredlazyseek.o)
 .comment       0x000000000000004c       0x4d /usr/local/mcuxpressoide-11.3.1_5262/ide/plugins/com.nxp.mcuxpresso.tools.linux_11.3.0.202011031536/tools/bin/../lib/gcc/arm-none-eabi/9.3.1/../../../../arm-none-eabi/lib/thumb/v7e-m+fp/hard/libcr_c.a(_fdopen.o)
 .comment       0x000000000000004c       0x4d /usr/local/mcuxpressoide-11.3.1_5262/ide/plugins/com.nxp.mcuxpresso.tools.linux_11.3.0.202011031536/tools/bin/../lib/gcc/arm-none-eabi/9.3.1/../../../../arm-none-eabi/lib/thumb/v7e-m+fp/hard/libcr_c.a(_fflush.o)
 .comment       0x000000000000004c       0x4d /usr/local/mcuxpressoide-11.3.1_5262/ide/plugins/com.nxp.mcuxpresso.tools.linux_11.3.0.202011031536/tools/bin/../lib/gcc/arm-none-eabi/9.3.1/../../../../arm-none-eabi/lib/thumb/v7e-m+fp/hard/libcr_c.a(_writebuf.o)
 .comment       0x000000000000004c       0x4d /usr/local/mcuxpressoide-11.3.1_5262/ide/plugins/com.nxp.mcuxpresso.tools.linux_11.3.0.202011031536/tools/bin/../lib/gcc/arm-none-eabi/9.3.1/../../../../arm-none-eabi/lib/thumb/v7e-m+fp/hard/libcr_c.a(errno.o)
 .comment       0x000000000000004c       0x4d /usr/local/mcuxpressoide-11.3.1_5262/ide/plugins/com.nxp.mcuxpresso.tools.linux_11.3.0.202011031536/tools/bin/../lib/gcc/arm-none-eabi/9.3.1/../../../../arm-none-eabi/lib/thumb/v7e-m+fp/hard/libcr_c.a(fclose.o)
 .comment       0x000000000000004c       0x4d /usr/local/mcuxpressoide-11.3.1_5262/ide/plugins/com.nxp.mcuxpresso.tools.linux_11.3.0.202011031536/tools/bin/../lib/gcc/arm-none-eabi/9.3.1/../../../../arm-none-eabi/lib/thumb/v7e-m+fp/hard/libcr_c.a(fflush.o)
 .comment       0x000000000000004c       0x4d /usr/local/mcuxpressoide-11.3.1_5262/ide/plugins/com.nxp.mcuxpresso.tools.linux_11.3.0.202011031536/tools/bin/../lib/gcc/arm-none-eabi/9.3.1/../../../../arm-none-eabi/lib/thumb/v7e-m+fp/hard/libcr_c.a(fseek.o)
 .comment       0x000000000000004c       0x4d /usr/local/mcuxpressoide-11.3.1_5262/ide/plugins/com.nxp.mcuxpresso.tools.linux_11.3.0.202011031536/tools/bin/../lib/gcc/arm-none-eabi/9.3.1/../../../../arm-none-eabi/lib/thumb/v7e-m+fp/hard/libcr_c.a(ftell.o)
 .comment       0x000000000000004c       0x4d /usr/local/mcuxpressoide-11.3.1_5262/ide/plugins/com.nxp.mcuxpresso.tools.linux_11.3.0.202011031536/tools/bin/../lib/gcc/arm-none-eabi/9.3.1/../../../../arm-none-eabi/lib/thumb/v7e-m+fp/hard/libcr_c.a(remove.o)
 .comment       0x000000000000004c       0x4d /usr/local/mcuxpressoide-11.3.1_5262/ide/plugins/com.nxp.mcuxpresso.tools.linux_11.3.0.202011031536/tools/bin/../lib/gcc/arm-none-eabi/9.3.1/../../../../arm-none-eabi/lib/thumb/v7e-m+fp/hard/libcr_c.a(_cr_check_heap.o)
 .comment       0x000000000000004c       0x4d /usr/local/mcuxpressoide-11.3.1_5262/ide/plugins/com.nxp.mcuxpresso.tools.linux_11.3.0.202011031536/tools/bin/../lib/gcc/arm-none-eabi/9.3.1/../../../../arm-none-eabi/lib/thumb/v7e-m+fp/hard/libcr_c.a(_do_fflush.o)
 .comment       0x000000000000004c       0x4d /usr/local/mcuxpressoide-11.3.1_5262/ide/plugins/com.nxp.mcuxpresso.tools.linux_11.3.0.202011031536/tools/bin/../lib/gcc/arm-none-eabi/9.3.1/../../../../arm-none-eabi/lib/thumb/v7e-m+fp/hard/libcr_semihost_nf.a(__ciob.o)

.ARM.attributes
                0x0000000000000000       0x32
 .ARM.attributes
                0x0000000000000000       0x34 ./utilities/fsl_assert.o
 .ARM.attributes
                0x0000000000000034       0x34 ./startup/startup_mk64f12.o
 .ARM.attributes
                0x0000000000000068       0x34 ./source/semihost_hardfault.o
 .ARM.attributes
                0x000000000000009c       0x34 ./source/uart_polling.o
 .ARM.attributes
                0x00000000000000d0       0x34 ./drivers/fsl_clock.o
 .ARM.attributes
                0x0000000000000104       0x34 ./drivers/fsl_uart.o
 .ARM.attributes
                0x0000000000000138       0x34 ./device/system_MK64F12.o
 .ARM.attributes
                0x000000000000016c       0x34 ./board/clock_config.o
 .ARM.attributes
                0x00000000000001a0       0x34 ./board/pin_mux.o
 .ARM.attributes
                0x00000000000001d4       0x34 /usr/local/mcuxpressoide-11.3.1_5262/ide/plugins/com.nxp.mcuxpresso.tools.linux_11.3.0.202011031536/tools/bin/../lib/gcc/arm-none-eabi/9.3.1/../../../../arm-none-eabi/lib/thumb/v7e-m+fp/hard/libcr_semihost_nf.a(_cr__main.o)
 .ARM.attributes
                0x0000000000000208       0x34 /usr/local/mcuxpressoide-11.3.1_5262/ide/plugins/com.nxp.mcuxpresso.tools.linux_11.3.0.202011031536/tools/bin/../lib/gcc/arm-none-eabi/9.3.1/../../../../arm-none-eabi/lib/thumb/v7e-m+fp/hard/libcr_c.a(memset.o)
 .ARM.attributes
                0x000000000000023c       0x34 /usr/local/mcuxpressoide-11.3.1_5262/ide/plugins/com.nxp.mcuxpresso.tools.linux_11.3.0.202011031536/tools/bin/../lib/gcc/arm-none-eabi/9.3.1/../../../../arm-none-eabi/lib/thumb/v7e-m+fp/hard/libcr_c.a(alloc.o)
 .ARM.attributes
                0x0000000000000270       0x34 /usr/local/mcuxpressoide-11.3.1_5262/ide/plugins/com.nxp.mcuxpresso.tools.linux_11.3.0.202011031536/tools/bin/../lib/gcc/arm-none-eabi/9.3.1/../../../../arm-none-eabi/lib/thumb/v7e-m+fp/hard/libcr_c.a(initio.o)
 .ARM.attributes
                0x00000000000002a4       0x34 /usr/local/mcuxpressoide-11.3.1_5262/ide/plugins/com.nxp.mcuxpresso.tools.linux_11.3.0.202011031536/tools/bin/../lib/gcc/arm-none-eabi/9.3.1/../../../../arm-none-eabi/lib/thumb/v7e-m+fp/hard/libcr_c.a(printf.o)
 .ARM.attributes
                0x00000000000002d8       0x34 /usr/local/mcuxpressoide-11.3.1_5262/ide/plugins/com.nxp.mcuxpresso.tools.linux_11.3.0.202011031536/tools/bin/../lib/gcc/arm-none-eabi/9.3.1/../../../../arm-none-eabi/lib/thumb/v7e-m+fp/hard/libcr_c.a(setvbuf.o)
 .ARM.attributes
                0x000000000000030c       0x34 /usr/local/mcuxpressoide-11.3.1_5262/ide/plugins/com.nxp.mcuxpresso.tools.linux_11.3.0.202011031536/tools/bin/../lib/gcc/arm-none-eabi/9.3.1/../../../../arm-none-eabi/lib/thumb/v7e-m+fp/hard/libcr_c.a(strlen.o)
 .ARM.attributes
                0x0000000000000340       0x34 /usr/local/mcuxpressoide-11.3.1_5262/ide/plugins/com.nxp.mcuxpresso.tools.linux_11.3.0.202011031536/tools/bin/../lib/gcc/arm-none-eabi/9.3.1/../../../../arm-none-eabi/lib/thumb/v7e-m+fp/hard/libcr_c.a(__init_alloc.o)
 .ARM.attributes
                0x0000000000000374       0x34 /usr/local/mcuxpressoide-11.3.1_5262/ide/plugins/com.nxp.mcuxpresso.tools.linux_11.3.0.202011031536/tools/bin/../lib/gcc/arm-none-eabi/9.3.1/../../../../arm-none-eabi/lib/thumb/v7e-m+fp/hard/libcr_c.a(_cr_sbrk.o)
 .ARM.attributes
                0x00000000000003a8       0x34 /usr/local/mcuxpressoide-11.3.1_5262/ide/plugins/com.nxp.mcuxpresso.tools.linux_11.3.0.202011031536/tools/bin/../lib/gcc/arm-none-eabi/9.3.1/../../../../arm-none-eabi/lib/thumb/v7e-m+fp/hard/libcr_c.a(_deferredlazyseek.o)
 .ARM.attributes
                0x00000000000003dc       0x34 /usr/local/mcuxpressoide-11.3.1_5262/ide/plugins/com.nxp.mcuxpresso.tools.linux_11.3.0.202011031536/tools/bin/../lib/gcc/arm-none-eabi/9.3.1/../../../../arm-none-eabi/lib/thumb/v7e-m+fp/hard/libcr_c.a(_fdopen.o)
 .ARM.attributes
                0x0000000000000410       0x34 /usr/local/mcuxpressoide-11.3.1_5262/ide/plugins/com.nxp.mcuxpresso.tools.linux_11.3.0.202011031536/tools/bin/../lib/gcc/arm-none-eabi/9.3.1/../../../../arm-none-eabi/lib/thumb/v7e-m+fp/hard/libcr_c.a(_fflush.o)
 .ARM.attributes
                0x0000000000000444       0x34 /usr/local/mcuxpressoide-11.3.1_5262/ide/plugins/com.nxp.mcuxpresso.tools.linux_11.3.0.202011031536/tools/bin/../lib/gcc/arm-none-eabi/9.3.1/../../../../arm-none-eabi/lib/thumb/v7e-m+fp/hard/libcr_c.a(_writebuf.o)
 .ARM.attributes
                0x0000000000000478       0x39 /usr/local/mcuxpressoide-11.3.1_5262/ide/plugins/com.nxp.mcuxpresso.tools.linux_11.3.0.202011031536/tools/bin/../lib/gcc/arm-none-eabi/9.3.1/../../../../arm-none-eabi/lib/thumb/v7e-m+fp/hard/libcr_c.a(errno.o)
 .ARM.attributes
                0x00000000000004b1       0x34 /usr/local/mcuxpressoide-11.3.1_5262/ide/plugins/com.nxp.mcuxpresso.tools.linux_11.3.0.202011031536/tools/bin/../lib/gcc/arm-none-eabi/9.3.1/../../../../arm-none-eabi/lib/thumb/v7e-m+fp/hard/libcr_c.a(fclose.o)
 .ARM.attributes
                0x00000000000004e5       0x34 /usr/local/mcuxpressoide-11.3.1_5262/ide/plugins/com.nxp.mcuxpresso.tools.linux_11.3.0.202011031536/tools/bin/../lib/gcc/arm-none-eabi/9.3.1/../../../../arm-none-eabi/lib/thumb/v7e-m+fp/hard/libcr_c.a(fflush.o)
 .ARM.attributes
                0x0000000000000519       0x34 /usr/local/mcuxpressoide-11.3.1_5262/ide/plugins/com.nxp.mcuxpresso.tools.linux_11.3.0.202011031536/tools/bin/../lib/gcc/arm-none-eabi/9.3.1/../../../../arm-none-eabi/lib/thumb/v7e-m+fp/hard/libcr_c.a(fseek.o)
 .ARM.attributes
                0x000000000000054d       0x34 /usr/local/mcuxpressoide-11.3.1_5262/ide/plugins/com.nxp.mcuxpresso.tools.linux_11.3.0.202011031536/tools/bin/../lib/gcc/arm-none-eabi/9.3.1/../../../../arm-none-eabi/lib/thumb/v7e-m+fp/hard/libcr_c.a(ftell.o)
 .ARM.attributes
                0x0000000000000581       0x34 /usr/local/mcuxpressoide-11.3.1_5262/ide/plugins/com.nxp.mcuxpresso.tools.linux_11.3.0.202011031536/tools/bin/../lib/gcc/arm-none-eabi/9.3.1/../../../../arm-none-eabi/lib/thumb/v7e-m+fp/hard/libcr_c.a(remove.o)
 .ARM.attributes
                0x00000000000005b5       0x34 /usr/local/mcuxpressoide-11.3.1_5262/ide/plugins/com.nxp.mcuxpresso.tools.linux_11.3.0.202011031536/tools/bin/../lib/gcc/arm-none-eabi/9.3.1/../../../../arm-none-eabi/lib/thumb/v7e-m+fp/hard/libcr_c.a(_cr_check_heap.o)
 .ARM.attributes
                0x00000000000005e9       0x34 /usr/local/mcuxpressoide-11.3.1_5262/ide/plugins/com.nxp.mcuxpresso.tools.linux_11.3.0.202011031536/tools/bin/../lib/gcc/arm-none-eabi/9.3.1/../../../../arm-none-eabi/lib/thumb/v7e-m+fp/hard/libcr_c.a(_do_fflush.o)
 .ARM.attributes
                0x000000000000061d       0x20 /usr/local/mcuxpressoide-11.3.1_5262/ide/plugins/com.nxp.mcuxpresso.tools.linux_11.3.0.202011031536/tools/bin/../lib/gcc/arm-none-eabi/9.3.1/thumb/v7e-m+fp/hard/libcr_eabihelpers.a(memcpy.o)
 .ARM.attributes
                0x000000000000063d       0x39 /usr/local/mcuxpressoide-11.3.1_5262/ide/plugins/com.nxp.mcuxpresso.tools.linux_11.3.0.202011031536/tools/bin/../lib/gcc/arm-none-eabi/9.3.1/../../../../arm-none-eabi/lib/thumb/v7e-m+fp/hard/libcr_semihost_nf.a(__ciob.o)
 .ARM.attributes
                0x0000000000000676       0x20 /usr/local/mcuxpressoide-11.3.1_5262/ide/plugins/com.nxp.mcuxpresso.tools.linux_11.3.0.202011031536/tools/bin/../lib/gcc/arm-none-eabi/9.3.1/../../../../arm-none-eabi/lib/thumb/v7e-m+fp/hard/libcr_semihost_nf.a(__sys_appexit.o)
 .ARM.attributes
                0x0000000000000696       0x20 /usr/local/mcuxpressoide-11.3.1_5262/ide/plugins/com.nxp.mcuxpresso.tools.linux_11.3.0.202011031536/tools/bin/../lib/gcc/arm-none-eabi/9.3.1/../../../../arm-none-eabi/lib/thumb/v7e-m+fp/hard/libcr_semihost_nf.a(__sys_close.o)
 .ARM.attributes
                0x00000000000006b6       0x20 /usr/local/mcuxpressoide-11.3.1_5262/ide/plugins/com.nxp.mcuxpresso.tools.linux_11.3.0.202011031536/tools/bin/../lib/gcc/arm-none-eabi/9.3.1/../../../../arm-none-eabi/lib/thumb/v7e-m+fp/hard/libcr_semihost_nf.a(__sys_flen.o)
 .ARM.attributes
                0x00000000000006d6       0x20 /usr/local/mcuxpressoide-11.3.1_5262/ide/plugins/com.nxp.mcuxpresso.tools.linux_11.3.0.202011031536/tools/bin/../lib/gcc/arm-none-eabi/9.3.1/../../../../arm-none-eabi/lib/thumb/v7e-m+fp/hard/libcr_semihost_nf.a(__sys_istty.o)
 .ARM.attributes
                0x00000000000006f6       0x20 /usr/local/mcuxpressoide-11.3.1_5262/ide/plugins/com.nxp.mcuxpresso.tools.linux_11.3.0.202011031536/tools/bin/../lib/gcc/arm-none-eabi/9.3.1/../../../../arm-none-eabi/lib/thumb/v7e-m+fp/hard/libcr_semihost_nf.a(__sys_remove.o)
 .ARM.attributes
                0x0000000000000716       0x20 /usr/local/mcuxpressoide-11.3.1_5262/ide/plugins/com.nxp.mcuxpresso.tools.linux_11.3.0.202011031536/tools/bin/../lib/gcc/arm-none-eabi/9.3.1/../../../../arm-none-eabi/lib/thumb/v7e-m+fp/hard/libcr_semihost_nf.a(__sys_seek.o)
 .ARM.attributes
                0x0000000000000736       0x20 /usr/local/mcuxpressoide-11.3.1_5262/ide/plugins/com.nxp.mcuxpresso.tools.linux_11.3.0.202011031536/tools/bin/../lib/gcc/arm-none-eabi/9.3.1/../../../../arm-none-eabi/lib/thumb/v7e-m+fp/hard/libcr_semihost_nf.a(__sys_tmpnam.o)
 .ARM.attributes
                0x0000000000000756       0x20 /usr/local/mcuxpressoide-11.3.1_5262/ide/plugins/com.nxp.mcuxpresso.tools.linux_11.3.0.202011031536/tools/bin/../lib/gcc/arm-none-eabi/9.3.1/../../../../arm-none-eabi/lib/thumb/v7e-m+fp/hard/libcr_semihost_nf.a(__sys_write.o)

.debug_frame    0x0000000000000000     0x1a68
 .debug_frame   0x0000000000000000       0x30 ./utilities/fsl_assert.o
 .debug_frame   0x0000000000000030      0x904 ./startup/startup_mk64f12.o
 .debug_frame   0x0000000000000934       0x20 ./source/semihost_hardfault.o
 .debug_frame   0x0000000000000954       0x34 ./source/uart_polling.o
 .debug_frame   0x0000000000000988      0x890 ./drivers/fsl_clock.o
 .debug_frame   0x0000000000001218      0x63c ./drivers/fsl_uart.o
 .debug_frame   0x0000000000001854       0x74 ./device/system_MK64F12.o
 .debug_frame   0x00000000000018c8      0x124 ./board/clock_config.o
 .debug_frame   0x00000000000019ec       0x7c ./board/pin_mux.o

Cross Reference Table

Symbol                                            File
ADC0_DriverIRQHandler                             ./startup/startup_mk64f12.o
ADC0_IRQHandler                                   ./startup/startup_mk64f12.o
ADC1_DriverIRQHandler                             ./startup/startup_mk64f12.o
ADC1_IRQHandler                                   ./startup/startup_mk64f12.o
BOARD_BootClockRUN                                ./board/clock_config.o
                                                  ./source/uart_polling.o
BOARD_BootClockVLPR                               ./board/clock_config.o
BOARD_InitBootClocks                              ./board/clock_config.o
BOARD_InitDebugConsole                            ./board/board.o
BOARD_InitPins                                    ./board/pin_mux.o
                                                  ./source/uart_polling.o
BusFault_Handler                                  ./startup/startup_mk64f12.o
CAN0_Bus_Off_IRQHandler                           ./startup/startup_mk64f12.o
CAN0_DriverIRQHandler                             ./startup/startup_mk64f12.o
CAN0_Error_IRQHandler                             ./startup/startup_mk64f12.o
CAN0_ORed_Message_buffer_IRQHandler               ./startup/startup_mk64f12.o
CAN0_Rx_Warning_IRQHandler                        ./startup/startup_mk64f12.o
CAN0_Tx_Warning_IRQHandler                        ./startup/startup_mk64f12.o
CAN0_Wake_Up_IRQHandler                           ./startup/startup_mk64f12.o
CLOCK_BootToBlpeMode                              ./drivers/fsl_clock.o
CLOCK_BootToBlpiMode                              ./drivers/fsl_clock.o
                                                  ./board/clock_config.o
CLOCK_BootToFeeMode                               ./drivers/fsl_clock.o
CLOCK_BootToFeiMode                               ./drivers/fsl_clock.o
CLOCK_BootToPeeMode                               ./drivers/fsl_clock.o
                                                  ./board/clock_config.o
CLOCK_CalcPllDiv                                  ./drivers/fsl_clock.o
CLOCK_ClearStatusFlags                            ./drivers/fsl_clock.o
CLOCK_DeinitOsc0                                  ./drivers/fsl_clock.o
CLOCK_EnablePll0                                  ./drivers/fsl_clock.o
CLOCK_EnableUsbfs0Clock                           ./drivers/fsl_clock.o
CLOCK_ExternalModeToFbeModeQuick                  ./drivers/fsl_clock.o
CLOCK_GetBusClkFreq                               ./drivers/fsl_clock.o
CLOCK_GetCoreSysClkFreq                           ./drivers/fsl_clock.o
                                                  ./board/board.o
CLOCK_GetEr32kClkFreq                             ./drivers/fsl_clock.o
CLOCK_GetFixedFreqClkFreq                         ./drivers/fsl_clock.o
CLOCK_GetFlashClkFreq                             ./drivers/fsl_clock.o
CLOCK_GetFlexBusClkFreq                           ./drivers/fsl_clock.o
CLOCK_GetFllFreq                                  ./drivers/fsl_clock.o
CLOCK_GetFreq                                     ./drivers/fsl_clock.o
                                                  ./source/uart_polling.o
CLOCK_GetInternalRefClkFreq                       ./drivers/fsl_clock.o
CLOCK_GetMode                                     ./drivers/fsl_clock.o
CLOCK_GetOsc0ErClkFreq                            ./drivers/fsl_clock.o
CLOCK_GetOutClkFreq                               ./drivers/fsl_clock.o
CLOCK_GetPlatClkFreq                              ./drivers/fsl_clock.o
CLOCK_GetPll0Freq                                 ./drivers/fsl_clock.o
CLOCK_GetPllFllSelClkFreq                         ./drivers/fsl_clock.o
CLOCK_GetStatusFlags                              ./drivers/fsl_clock.o
CLOCK_InitOsc0                                    ./drivers/fsl_clock.o
                                                  ./board/clock_config.o
CLOCK_InternalModeToFbiModeQuick                  ./drivers/fsl_clock.o
CLOCK_SetBlpeMode                                 ./drivers/fsl_clock.o
CLOCK_SetBlpiMode                                 ./drivers/fsl_clock.o
CLOCK_SetExternalRefClkConfig                     ./drivers/fsl_clock.o
CLOCK_SetFastIrcFreq                              ./drivers/fsl_clock.o
CLOCK_SetFbeMode                                  ./drivers/fsl_clock.o
CLOCK_SetFbiMode                                  ./drivers/fsl_clock.o
CLOCK_SetFeeMode                                  ./drivers/fsl_clock.o
CLOCK_SetFeiMode                                  ./drivers/fsl_clock.o
CLOCK_SetInternalRefClkConfig                     ./drivers/fsl_clock.o
                                                  ./board/clock_config.o
CLOCK_SetMcgConfig                                ./drivers/fsl_clock.o
CLOCK_SetOsc0MonitorMode                          ./drivers/fsl_clock.o
CLOCK_SetPbeMode                                  ./drivers/fsl_clock.o
CLOCK_SetPeeMode                                  ./drivers/fsl_clock.o
CLOCK_SetPll0MonitorMode                          ./drivers/fsl_clock.o
CLOCK_SetRtcOscMonitorMode                        ./drivers/fsl_clock.o
CLOCK_SetSimConfig                                ./drivers/fsl_clock.o
                                                  ./board/clock_config.o
CLOCK_SetSlowIrcFreq                              ./drivers/fsl_clock.o
CLOCK_TrimInternalRefClk                          ./drivers/fsl_clock.o
CMP0_DriverIRQHandler                             ./startup/startup_mk64f12.o
CMP0_IRQHandler                                   ./startup/startup_mk64f12.o
CMP1_DriverIRQHandler                             ./startup/startup_mk64f12.o
CMP1_IRQHandler                                   ./startup/startup_mk64f12.o
CMP2_DriverIRQHandler                             ./startup/startup_mk64f12.o
CMP2_IRQHandler                                   ./startup/startup_mk64f12.o
CMT_DriverIRQHandler                              ./startup/startup_mk64f12.o
CMT_IRQHandler                                    ./startup/startup_mk64f12.o
DAC0_DriverIRQHandler                             ./startup/startup_mk64f12.o
DAC0_IRQHandler                                   ./startup/startup_mk64f12.o
DAC1_DriverIRQHandler                             ./startup/startup_mk64f12.o
DAC1_IRQHandler                                   ./startup/startup_mk64f12.o
DMA0_DriverIRQHandler                             ./startup/startup_mk64f12.o
DMA0_IRQHandler                                   ./startup/startup_mk64f12.o
DMA10_DriverIRQHandler                            ./startup/startup_mk64f12.o
DMA10_IRQHandler                                  ./startup/startup_mk64f12.o
DMA11_DriverIRQHandler                            ./startup/startup_mk64f12.o
DMA11_IRQHandler                                  ./startup/startup_mk64f12.o
DMA12_DriverIRQHandler                            ./startup/startup_mk64f12.o
DMA12_IRQHandler                                  ./startup/startup_mk64f12.o
DMA13_DriverIRQHandler                            ./startup/startup_mk64f12.o
DMA13_IRQHandler                                  ./startup/startup_mk64f12.o
DMA14_DriverIRQHandler                            ./startup/startup_mk64f12.o
DMA14_IRQHandler                                  ./startup/startup_mk64f12.o
DMA15_DriverIRQHandler                            ./startup/startup_mk64f12.o
DMA15_IRQHandler                                  ./startup/startup_mk64f12.o
DMA1_DriverIRQHandler                             ./startup/startup_mk64f12.o
DMA1_IRQHandler                                   ./startup/startup_mk64f12.o
DMA2_DriverIRQHandler                             ./startup/startup_mk64f12.o
DMA2_IRQHandler                                   ./startup/startup_mk64f12.o
DMA3_DriverIRQHandler                             ./startup/startup_mk64f12.o
DMA3_IRQHandler                                   ./startup/startup_mk64f12.o
DMA4_DriverIRQHandler                             ./startup/startup_mk64f12.o
DMA4_IRQHandler                                   ./startup/startup_mk64f12.o
DMA5_DriverIRQHandler                             ./startup/startup_mk64f12.o
DMA5_IRQHandler                                   ./startup/startup_mk64f12.o
DMA6_DriverIRQHandler                             ./startup/startup_mk64f12.o
DMA6_IRQHandler                                   ./startup/startup_mk64f12.o
DMA7_DriverIRQHandler                             ./startup/startup_mk64f12.o
DMA7_IRQHandler                                   ./startup/startup_mk64f12.o
DMA8_DriverIRQHandler                             ./startup/startup_mk64f12.o
DMA8_IRQHandler                                   ./startup/startup_mk64f12.o
DMA9_DriverIRQHandler                             ./startup/startup_mk64f12.o
DMA9_IRQHandler                                   ./startup/startup_mk64f12.o
DMA_Error_DriverIRQHandler                        ./startup/startup_mk64f12.o
DMA_Error_IRQHandler                              ./startup/startup_mk64f12.o
DbgConsole_ReadCharacter                          ./utilities/fsl_debug_console.o