Archive member included to satisfy reference by file (symbol)

/usr/local/mcuxpressoide-11.3.1_5262/ide/plugins/com.nxp.mcuxpresso.tools.linux_11.3.0.202011031536/tools/bin/../lib/gcc/arm-none-eabi/9.3.1/../../../../arm-none-eabi/lib/thumb/v7e-m+fp/hard/libcr_semihost_nf.a(_cr__main.o)
                              ./startup/startup_mk64f12.o (__main)
/usr/local/mcuxpressoide-11.3.1_5262/ide/plugins/com.nxp.mcuxpresso.tools.linux_11.3.0.202011031536/tools/bin/../lib/gcc/arm-none-eabi/9.3.1/../../../../arm-none-eabi/lib/thumb/v7e-m+fp/hard/libcr_c.a(memcpy.o)
                              ./source/enet_txrx_transfer.o (memcpy)
/usr/local/mcuxpressoide-11.3.1_5262/ide/plugins/com.nxp.mcuxpresso.tools.linux_11.3.0.202011031536/tools/bin/../lib/gcc/arm-none-eabi/9.3.1/../../../../arm-none-eabi/lib/thumb/v7e-m+fp/hard/libcr_c.a(memset.o)
                              ./drivers/fsl_enet.o (memset)
/usr/local/mcuxpressoide-11.3.1_5262/ide/plugins/com.nxp.mcuxpresso.tools.linux_11.3.0.202011031536/tools/bin/../lib/gcc/arm-none-eabi/9.3.1/../../../../arm-none-eabi/lib/thumb/v7e-m+fp/hard/libcr_c.a(alloc.o)
                              ./source/enet_txrx_transfer.o (malloc)
/usr/local/mcuxpressoide-11.3.1_5262/ide/plugins/com.nxp.mcuxpresso.tools.linux_11.3.0.202011031536/tools/bin/../lib/gcc/arm-none-eabi/9.3.1/../../../../arm-none-eabi/lib/thumb/v7e-m+fp/hard/libcr_c.a(initio.o)
                              /usr/local/mcuxpressoide-11.3.1_5262/ide/plugins/com.nxp.mcuxpresso.tools.linux_11.3.0.202011031536/tools/bin/../lib/gcc/arm-none-eabi/9.3.1/../../../../arm-none-eabi/lib/thumb/v7e-m+fp/hard/libcr_semihost_nf.a(_cr__main.o) (_initio)
/usr/local/mcuxpressoide-11.3.1_5262/ide/plugins/com.nxp.mcuxpresso.tools.linux_11.3.0.202011031536/tools/bin/../lib/gcc/arm-none-eabi/9.3.1/../../../../arm-none-eabi/lib/thumb/v7e-m+fp/hard/libcr_c.a(setvbuf.o)
                              /usr/local/mcuxpressoide-11.3.1_5262/ide/plugins/com.nxp.mcuxpresso.tools.linux_11.3.0.202011031536/tools/bin/../lib/gcc/arm-none-eabi/9.3.1/../../../../arm-none-eabi/lib/thumb/v7e-m+fp/hard/libcr_c.a(initio.o) (setvbuf)
/usr/local/mcuxpressoide-11.3.1_5262/ide/plugins/com.nxp.mcuxpresso.tools.linux_11.3.0.202011031536/tools/bin/../lib/gcc/arm-none-eabi/9.3.1/../../../../arm-none-eabi/lib/thumb/v7e-m+fp/hard/libcr_c.a(strlen.o)
                              ./utilities/fsl_str.o (strlen)
/usr/local/mcuxpressoide-11.3.1_5262/ide/plugins/com.nxp.mcuxpresso.tools.linux_11.3.0.202011031536/tools/bin/../lib/gcc/arm-none-eabi/9.3.1/../../../../arm-none-eabi/lib/thumb/v7e-m+fp/hard/libcr_c.a(__init_alloc.o)
                              /usr/local/mcuxpressoide-11.3.1_5262/ide/plugins/com.nxp.mcuxpresso.tools.linux_11.3.0.202011031536/tools/bin/../lib/gcc/arm-none-eabi/9.3.1/../../../../arm-none-eabi/lib/thumb/v7e-m+fp/hard/libcr_c.a(alloc.o) (__heaps)
/usr/local/mcuxpressoide-11.3.1_5262/ide/plugins/com.nxp.mcuxpresso.tools.linux_11.3.0.202011031536/tools/bin/../lib/gcc/arm-none-eabi/9.3.1/../../../../arm-none-eabi/lib/thumb/v7e-m+fp/hard/libcr_c.a(_cr_sbrk.o)
                              /usr/local/mcuxpressoide-11.3.1_5262/ide/plugins/com.nxp.mcuxpresso.tools.linux_11.3.0.202011031536/tools/bin/../lib/gcc/arm-none-eabi/9.3.1/../../../../arm-none-eabi/lib/thumb/v7e-m+fp/hard/libcr_c.a(alloc.o) (_sbrk)
/usr/local/mcuxpressoide-11.3.1_5262/ide/plugins/com.nxp.mcuxpresso.tools.linux_11.3.0.202011031536/tools/bin/../lib/gcc/arm-none-eabi/9.3.1/../../../../arm-none-eabi/lib/thumb/v7e-m+fp/hard/libcr_c.a(_fdopen.o)
                              /usr/local/mcuxpressoide-11.3.1_5262/ide/plugins/com.nxp.mcuxpresso.tools.linux_11.3.0.202011031536/tools/bin/../lib/gcc/arm-none-eabi/9.3.1/../../../../arm-none-eabi/lib/thumb/v7e-m+fp/hard/libcr_c.a(initio.o) (_fdopen)
/usr/local/mcuxpressoide-11.3.1_5262/ide/plugins/com.nxp.mcuxpresso.tools.linux_11.3.0.202011031536/tools/bin/../lib/gcc/arm-none-eabi/9.3.1/../../../../arm-none-eabi/lib/thumb/v7e-m+fp/hard/libcr_c.a(errno.o)
                              /usr/local/mcuxpressoide-11.3.1_5262/ide/plugins/com.nxp.mcuxpresso.tools.linux_11.3.0.202011031536/tools/bin/../lib/gcc/arm-none-eabi/9.3.1/../../../../arm-none-eabi/lib/thumb/v7e-m+fp/hard/libcr_c.a(_cr_sbrk.o) (errno)
/usr/local/mcuxpressoide-11.3.1_5262/ide/plugins/com.nxp.mcuxpresso.tools.linux_11.3.0.202011031536/tools/bin/../lib/gcc/arm-none-eabi/9.3.1/../../../../arm-none-eabi/lib/thumb/v7e-m+fp/hard/libcr_c.a(fclose.o)
                              /usr/local/mcuxpressoide-11.3.1_5262/ide/plugins/com.nxp.mcuxpresso.tools.linux_11.3.0.202011031536/tools/bin/../lib/gcc/arm-none-eabi/9.3.1/../../../../arm-none-eabi/lib/thumb/v7e-m+fp/hard/libcr_c.a(initio.o) (fclose)
/usr/local/mcuxpressoide-11.3.1_5262/ide/plugins/com.nxp.mcuxpresso.tools.linux_11.3.0.202011031536/tools/bin/../lib/gcc/arm-none-eabi/9.3.1/../../../../arm-none-eabi/lib/thumb/v7e-m+fp/hard/libcr_c.a(fflush.o)
[...]
Memory Configuration

Name             Origin             Length             Attributes
PROGRAM_FLASH    0x0000000000000000 0x0000000000100000 xr
SRAM_UPPER       0x0000000020000000 0x0000000000030000 xrw
SRAM_LOWER       0x000000001fff0000 0x0000000000010000 xrw
FLEX_RAM         0x0000000014000000 0x0000000000001000 xrw
*default*        0x0000000000000000 0xffffffffffffffff

Linker script and memory map

LOAD ./utilities/fsl_assert.o
LOAD ./utilities/fsl_debug_console.o
LOAD ./utilities/fsl_str.o
LOAD ./startup/startup_mk64f12.o
LOAD ./source/enet_txrx_transfer.o
LOAD ./source/semihost_hardfault.o
LOAD ./drivers/fsl_clock.o
LOAD ./drivers/fsl_common.o
LOAD ./drivers/fsl_enet.o
LOAD ./drivers/fsl_gpio.o
LOAD ./drivers/fsl_sim.o
LOAD ./drivers/fsl_smc.o
LOAD ./drivers/fsl_sysmpu.o
LOAD ./drivers/fsl_uart.o
LOAD ./device/system_MK64F12.o
LOAD ./component/uart/uart_adapter.o
LOAD ./component/serial_manager/serial_manager.o
LOAD ./component/serial_manager/serial_port_uart.o
LOAD ./component/lists/generic_list.o
LOAD ./board/board.o
LOAD ./board/clock_config.o
LOAD ./board/fsl_phy.o
LOAD ./board/pin_mux.o
START GROUP
LOAD /usr/local/mcuxpressoide-11.3.1_5262/ide/plugins/com.nxp.mcuxpresso.tools.linux_11.3.0.202011031536/tools/bin/../lib/gcc/arm-none-eabi/9.3.1/../../../../arm-none-eabi/lib/thumb/v7e-m+fp/hard/libcr_semihost_nf.a
LOAD /usr/local/mcuxpressoide-11.3.1_5262/ide/plugins/com.nxp.mcuxpresso.tools.linux_11.3.0.202011031536/tools/bin/../lib/gcc/arm-none-eabi/9.3.1/../../../../arm-none-eabi/lib/thumb/v7e-m+fp/hard/libcr_c.a
LOAD /usr/local/mcuxpressoide-11.3.1_5262/ide/plugins/com.nxp.mcuxpresso.tools.linux_11.3.0.202011031536/tools/bin/../lib/gcc/arm-none-eabi/9.3.1/thumb/v7e-m+fp/hard/libcr_eabihelpers.a
LOAD /usr/local/mcuxpressoide-11.3.1_5262/ide/plugins/com.nxp.mcuxpresso.tools.linux_11.3.0.202011031536/tools/bin/../lib/gcc/arm-none-eabi/9.3.1/thumb/v7e-m+fp/hard/libgcc.a
END GROUP
                0x0000000000000000                __base_PROGRAM_FLASH = 0x0
                0x0000000000000000                __base_Flash = 0x0
                0x0000000000100000                __top_PROGRAM_FLASH = 0x100000
                0x0000000000100000                __top_Flash = 0x100000
                0x0000000020000000                __base_SRAM_UPPER = 0x20000000
                0x0000000020000000                __base_RAM = 0x20000000
                0x0000000020030000                __top_SRAM_UPPER = 0x20030000
                0x0000000020030000                __top_RAM = 0x20030000
                0x000000001fff0000                __base_SRAM_LOWER = 0x1fff0000
                0x000000001fff0000                __base_RAM2 = 0x1fff0000
                0x0000000020000000                __top_SRAM_LOWER = 0x20000000
                0x0000000020000000                __top_RAM2 = 0x20000000
                0x0000000014000000                __base_FLEX_RAM = 0x14000000
                0x0000000014000000                __base_RAM3 = 0x14000000
                0x0000000014001000                __top_FLEX_RAM = 0x14001000
                0x0000000014001000                __top_RAM3 = 0x14001000

.text           0x0000000000000000     0x1ef8
 FILL mask 0xff
                0x0000000000000000                __vectors_start__ = ABSOLUTE (.)
 *(SORT_BY_ALIGNMENT(.isr_vector))
 .isr_vector    0x0000000000000000      0x198 ./startup/startup_mk64f12.o
                0x0000000000000000                __Vectors
                0x0000000000000000                g_pfnVectors
                0x0000000000000198                . = ALIGN (0x4)
                0x0000000000000198                __section_table_start = .
                0x0000000000000198                __data_section_table = .
                0x0000000000000198        0x4 LONG 0x1ef8 LOADADDR (.data)
                0x000000000000019c        0x4 LONG 0x20000000 ADDR (.data)
                0x00000000000001a0        0x4 LONG 0x18 SIZEOF (.data)
                0x00000000000001a4        0x4 LONG 0x1ef8 LOADADDR (.data_RAM2)
                0x00000000000001a8        0x4 LONG 0x1fff0000 ADDR (.data_RAM2)
                0x00000000000001ac        0x4 LONG 0x0 SIZEOF (.data_RAM2)
                0x00000000000001b0        0x4 LONG 0x1ef8 LOADADDR (.data_RAM3)
                0x00000000000001b4        0x4 LONG 0x14000000 ADDR (.data_RAM3)
                0x00000000000001b8        0x4 LONG 0x0 SIZEOF (.data_RAM3)
                0x00000000000001bc                __data_section_table_end = .
                0x00000000000001bc                __bss_section_table = .
                0x00000000000001bc        0x4 LONG 0x200007f0 ADDR (.bss)
                0x00000000000001c0        0x4 LONG 0x30d8 SIZEOF (.bss)
                0x00000000000001c4        0x4 LONG 0x1fff0000 ADDR (.bss_RAM2)
                0x00000000000001c8        0x4 LONG 0x0 SIZEOF (.bss_RAM2)
                0x00000000000001cc        0x4 LONG 0x14000000 ADDR (.bss_RAM3)
                0x00000000000001d0        0x4 LONG 0x0 SIZEOF (.bss_RAM3)
                0x00000000000001d4                __bss_section_table_end = .
                0x00000000000001d4                __section_table_end = .
 *(SORT_BY_ALIGNMENT(.after_vectors*))
 .after_vectors.reset
                0x00000000000001d4       0x48 ./startup/startup_mk64f12.o
                0x00000000000001d4                ResetISR
 .after_vectors
                0x000000000000021c       0x14 ./startup/startup_mk64f12.o
                0x000000000000021c                NMI_Handler
                0x0000000000000220                MemManage_Handler
                0x0000000000000222                BusFault_Handler
                0x0000000000000224                UsageFault_Handler
                0x0000000000000226                SVC_Handler
                0x0000000000000228                DebugMon_Handler
                0x000000000000022a                PendSV_Handler
                0x000000000000022c                SysTick_Handler
                0x000000000000022e                DMA0_DriverIRQHandler
                0x000000000000022e                PORTB_DriverIRQHandler
                0x000000000000022e                DMA12_DriverIRQHandler
                0x000000000000022e                SPI1_DriverIRQHandler
                0x000000000000022e                LPTMR0_DriverIRQHandler
                0x000000000000022e                DMA_Error_DriverIRQHandler
                0x000000000000022e                FTM1_DriverIRQHandler
                0x000000000000022e                FTM2_DriverIRQHandler
                0x000000000000022e                PIT2_DriverIRQHandler
                0x000000000000022e                SDHC_DriverIRQHandler
                0x000000000000022e                I2S0_Tx_DriverIRQHandler
                0x000000000000022e                RTC_Seconds_DriverIRQHandler
                0x000000000000022e                DMA6_DriverIRQHandler
                0x000000000000022e                LLWU_DriverIRQHandler
                0x000000000000022e                MCM_DriverIRQHandler
                0x000000000000022e                MCG_DriverIRQHandler
                0x000000000000022e                ENET_1588_Timer_DriverIRQHandler
                0x000000000000022e                I2C2_DriverIRQHandler
                0x000000000000022e                DAC1_DriverIRQHandler
                0x000000000000022e                CMP1_DriverIRQHandler
                0x000000000000022e                FTM0_DriverIRQHandler
                0x000000000000022e                IntDefaultHandler
                0x000000000000022e                USB0_DriverIRQHandler
                0x000000000000022e                UART5_ERR_DriverIRQHandler
                0x000000000000022e                PORTC_DriverIRQHandler
                0x000000000000022e                DMA11_DriverIRQHandler
                0x000000000000022e                DAC0_DriverIRQHandler
                0x000000000000022e                DMA10_DriverIRQHandler
                0x000000000000022e                CMP2_DriverIRQHandler
                0x000000000000022e                UART2_ERR_DriverIRQHandler
                0x000000000000022e                SPI2_DriverIRQHandler
                0x000000000000022e                LVD_LVW_DriverIRQHandler
                0x000000000000022e                PIT0_DriverIRQHandler
                0x000000000000022e                RNG_DriverIRQHandler
                0x000000000000022e                DMA5_DriverIRQHandler
                0x000000000000022e                DMA4_DriverIRQHandler
                0x000000000000022e                USBDCD_DriverIRQHandler
                0x000000000000022e                UART3_ERR_DriverIRQHandler
                0x000000000000022e                DMA3_DriverIRQHandler
                0x000000000000022e                DMA8_DriverIRQHandler
                0x000000000000022e                DMA9_DriverIRQHandler
                0x000000000000022e                UART0_ERR_DriverIRQHandler
                0x000000000000022e                CMT_DriverIRQHandler
                0x000000000000022e                Reserved71_DriverIRQHandler
                0x000000000000022e                ADC1_DriverIRQHandler
                0x000000000000022e                PORTA_DriverIRQHandler
                0x000000000000022e                DMA14_DriverIRQHandler
                0x000000000000022e                PIT3_DriverIRQHandler
                0x000000000000022e                PIT1_DriverIRQHandler
                0x000000000000022e                WDOG_EWM_DriverIRQHandler
                0x000000000000022e                PDB0_DriverIRQHandler
                0x000000000000022e                RTC_DriverIRQHandler
                0x000000000000022e                I2S0_Rx_DriverIRQHandler
                0x000000000000022e                Read_Collision_DriverIRQHandler
                0x000000000000022e                SWI_DriverIRQHandler
                0x000000000000022e                UART4_ERR_DriverIRQHandler
                0x000000000000022e                UART0_LON_DriverIRQHandler
                0x000000000000022e                DMA1_DriverIRQHandler
                0x000000000000022e                I2C1_DriverIRQHandler
                0x000000000000022e                ENET_Receive_DriverIRQHandler
                0x000000000000022e                DMA13_DriverIRQHandler
                0x000000000000022e                ENET_Error_DriverIRQHandler
                0x000000000000022e                DMA15_DriverIRQHandler
                0x000000000000022e                SPI0_DriverIRQHandler
                0x000000000000022e                ADC0_DriverIRQHandler
                0x000000000000022e                CMP0_DriverIRQHandler
                0x000000000000022e                CAN0_DriverIRQHandler
                0x000000000000022e                FTM3_DriverIRQHandler
                0x000000000000022e                UART1_ERR_DriverIRQHandler
                0x000000000000022e                DMA2_DriverIRQHandler
                0x000000000000022e                ENET_Transmit_DriverIRQHandler
                0x000000000000022e                PORTD_DriverIRQHandler
                0x000000000000022e                PORTE_DriverIRQHandler
                0x000000000000022e                FTFE_DriverIRQHandler
                0x000000000000022e                I2C0_DriverIRQHandler
                0x000000000000022e                DMA7_DriverIRQHandler
 .after_vectors.init_data
                0x0000000000000230       0x12 ./startup/startup_mk64f12.o
                0x0000000000000230                data_init
 .after_vectors.init_bss
                0x0000000000000242       0x10 ./startup/startup_mk64f12.o
                0x0000000000000242                bss_init
                0x0000000000000400                . = 0x400
 *fill*         0x0000000000000252      0x1ae ff
                0x0000000000000400                PROVIDE (__FLASH_CONFIG_START__ = .)
 *(SORT_BY_ALIGNMENT(.FlashConfig))
 .FlashConfig   0x0000000000000400       0x10 ./startup/startup_mk64f12.o
                0x0000000000000400                Flash_Config
                0x0000000000000410                PROVIDE (__FLASH_CONFIG_END__ = .)
                0x0000000000000001                ASSERT (! ((__FLASH_CONFIG_START__ == __FLASH_CONFIG_END__)), Linker Flash Config Support Enabled, but no .FlashConfig section provided within application)
 *(SORT_BY_ALIGNMENT(.text*))
 .text.startup.main
                0x0000000000000410      0x12c ./source/enet_txrx_transfer.o
                0x0000000000000410                main
 .text.CLOCK_GetMcgExtClkFreq
                0x000000000000053c       0x34 ./drivers/fsl_clock.o
 .text.CLOCK_GetFllExtRefClkFreq
                0x0000000000000570       0x44 ./drivers/fsl_clock.o
 .text.CLOCK_GetInternalRefClkSelectFreq
                0x00000000000005b4       0x28 ./drivers/fsl_clock.o
 .text.CLOCK_GetOsc0ErClkFreq
                0x00000000000005dc       0x18 ./drivers/fsl_clock.o
                0x00000000000005dc                CLOCK_GetOsc0ErClkFreq
 .text.CLOCK_GetEr32kClkFreq
                0x00000000000005f4       0x3c ./drivers/fsl_clock.o
                0x00000000000005f4                CLOCK_GetEr32kClkFreq
 .text.CLOCK_SetSimConfig
                0x0000000000000630       0x3c ./drivers/fsl_clock.o
                0x0000000000000630                CLOCK_SetSimConfig
 .text.CLOCK_GetFllFreq
                0x000000000000066c       0x50 ./drivers/fsl_clock.o
                0x000000000000066c                CLOCK_GetFllFreq
 .text.CLOCK_GetInternalRefClkFreq
                0x00000000000006bc       0x14 ./drivers/fsl_clock.o
                0x00000000000006bc                CLOCK_GetInternalRefClkFreq
 .text.CLOCK_GetPll0Freq
                0x00000000000006d0       0x2c ./drivers/fsl_clock.o
                0x00000000000006d0                CLOCK_GetPll0Freq
 .text.CLOCK_GetPllFllSelClkFreq
                0x00000000000006fc       0x30 ./drivers/fsl_clock.o
                0x00000000000006fc                CLOCK_GetPllFllSelClkFreq
 .text.CLOCK_GetOutClkFreq
                0x000000000000072c       0x28 ./drivers/fsl_clock.o
                0x000000000000072c                CLOCK_GetOutClkFreq
 .text.CLOCK_GetCoreSysClkFreq
                0x0000000000000754       0x1c ./drivers/fsl_clock.o
                0x0000000000000754                CLOCK_GetCoreSysClkFreq
 .text.CLOCK_GetFixedFreqClkFreq
                0x0000000000000770       0x30 ./drivers/fsl_clock.o
                0x0000000000000770                CLOCK_GetFixedFreqClkFreq
 .text.CLOCK_GetFreq
                0x00000000000007a0       0xb8 ./drivers/fsl_clock.o
                0x00000000000007a0                CLOCK_GetFreq
 .text.CLOCK_SetExternalRefClkConfig
                0x0000000000000858       0x34 ./drivers/fsl_clock.o
                0x0000000000000858                CLOCK_SetExternalRefClkConfig
 .text.CLOCK_SetInternalRefClkConfig
                0x000000000000088c       0x7c ./drivers/fsl_clock.o
                0x000000000000088c                CLOCK_SetInternalRefClkConfig
 .text.CLOCK_EnablePll0
                0x0000000000000908       0x34 ./drivers/fsl_clock.o
                0x0000000000000908                CLOCK_EnablePll0
 .text.CLOCK_InitOsc0
                0x000000000000093c       0x64 ./drivers/fsl_clock.o
                0x000000000000093c                CLOCK_InitOsc0
 .text.CLOCK_SetPbeMode
                0x00000000000009a0       0x50 ./drivers/fsl_clock.o
                0x00000000000009a0                CLOCK_SetPbeMode
 .text.CLOCK_BootToPeeMode
                0x00000000000009f0       0x30 ./drivers/fsl_clock.o
                0x00000000000009f0                CLOCK_BootToPeeMode
 .text.ENET_GetInstance
                0x0000000000000a20       0x10 ./drivers/fsl_enet.o
                0x0000000000000a20                ENET_GetInstance
 .text.ENET_GetDefaultConfig
                0x0000000000000a30       0x1c ./drivers/fsl_enet.o
                0x0000000000000a30                ENET_GetDefaultConfig
 .text.ENET_SetSMI
                0x0000000000000a4c       0x40 ./drivers/fsl_enet.o
                0x0000000000000a4c                ENET_SetSMI
 .text.ENET_Init
                0x0000000000000a8c      0x314 ./drivers/fsl_enet.o
                0x0000000000000a8c                ENET_Init
 .text.ENET_GetRxFrameSize
                0x0000000000000da0       0x54 ./drivers/fsl_enet.o
                0x0000000000000da0                ENET_GetRxFrameSize
 .text.ENET_Transmit_IRQHandler
                0x0000000000000df4       0x20 ./drivers/fsl_enet.o
                0x0000000000000df4                ENET_Transmit_IRQHandler
 .text.ENET_Receive_IRQHandler
                0x0000000000000e14       0x20 ./drivers/fsl_enet.o
                0x0000000000000e14                ENET_Receive_IRQHandler
 .text.ENET_Error_IRQHandler
                0x0000000000000e34       0x20 ./drivers/fsl_enet.o
                0x0000000000000e34                ENET_Error_IRQHandler
 .text.ENET_1588_Timer_IRQHandler
                0x0000000000000e54       0x1c ./drivers/fsl_enet.o
                0x0000000000000e54                ENET_1588_Timer_IRQHandler
 .text.UART0_DriverIRQHandler
                0x0000000000000e70       0x20 ./drivers/fsl_uart.o
                0x0000000000000e70                UART0_DriverIRQHandler
 .text.UART1_DriverIRQHandler
                0x0000000000000e90       0x20 ./drivers/fsl_uart.o
                0x0000000000000e90                UART1_DriverIRQHandler
 .text.UART2_DriverIRQHandler
                0x0000000000000eb0       0x20 ./drivers/fsl_uart.o
                0x0000000000000eb0                UART2_DriverIRQHandler
 .text.UART3_DriverIRQHandler
                0x0000000000000ed0       0x20 ./drivers/fsl_uart.o
                0x0000000000000ed0                UART3_DriverIRQHandler
 .text.UART4_DriverIRQHandler
                0x0000000000000ef0       0x20 ./drivers/fsl_uart.o
                0x0000000000000ef0                UART4_DriverIRQHandler
 .text.UART5_DriverIRQHandler
                0x0000000000000f10       0x20 ./drivers/fsl_uart.o
                0x0000000000000f10                UART5_DriverIRQHandler
 .text.SystemInit
                0x0000000000000f30       0x34 ./device/system_MK64F12.o
                0x0000000000000f30                SystemInit
 .text.BOARD_BootClockRUN
                0x0000000000000f64       0x6c ./board/clock_config.o
                0x0000000000000f64                BOARD_BootClockRUN
 .text.PHY_Write
                0x0000000000000fd0       0x34 ./board/fsl_phy.o
                0x0000000000000fd0                PHY_Write
 .text.PHY_Read
                0x0000000000001004       0x5c ./board/fsl_phy.o
                0x0000000000001004                PHY_Read
 .text.PHY_Init
                0x0000000000001060       0xb8 ./board/fsl_phy.o
                0x0000000000001060                PHY_Init
 .text.BOARD_InitPins
                0x0000000000001118      0x16c ./board/pin_mux.o
                0x0000000000001118                BOARD_InitPins
 .text.malloc   0x0000000000001284       0xc8 /usr/local/mcuxpressoide-11.3.1_5262/ide/plugins/com.nxp.mcuxpresso.tools.linux_11.3.0.202011031536/tools/bin/../lib/gcc/arm-none-eabi/9.3.1/../../../../arm-none-eabi/lib/thumb/v7e-m+fp/hard/libcr_c.a(alloc.o)
                0x0000000000001284                malloc
 .text._initio  0x000000000000134c       0x78 /usr/local/mcuxpressoide-11.3.1_5262/ide/plugins/com.nxp.mcuxpresso.tools.linux_11.3.0.202011031536/tools/bin/../lib/gcc/arm-none-eabi/9.3.1/../../../../arm-none-eabi/lib/thumb/v7e-m+fp/hard/libcr_c.a(initio.o)
                0x000000000000134c                _initio
 .text._sbrk    0x00000000000013c4       0x3c /usr/local/mcuxpressoide-11.3.1_5262/ide/plugins/com.nxp.mcuxpresso.tools.linux_11.3.0.202011031536/tools/bin/../lib/gcc/arm-none-eabi/9.3.1/../../../../arm-none-eabi/lib/thumb/v7e-m+fp/hard/libcr_c.a(_cr_sbrk.o)
                0x00000000000013c4                _sbrk
 .text.fflush   0x0000000000001400       0x44 /usr/local/mcuxpressoide-11.3.1_5262/ide/plugins/com.nxp.mcuxpresso.tools.linux_11.3.0.202011031536/tools/bin/../lib/gcc/arm-none-eabi/9.3.1/../../../../arm-none-eabi/lib/thumb/v7e-m+fp/hard/libcr_c.a(fflush.o)
                0x0000000000001400                fflush
 .text.fseek    0x0000000000001444      0x100 /usr/local/mcuxpressoide-11.3.1_5262/ide/plugins/com.nxp.mcuxpresso.tools.linux_11.3.0.202011031536/tools/bin/../lib/gcc/arm-none-eabi/9.3.1/../../../../arm-none-eabi/lib/thumb/v7e-m+fp/hard/libcr_c.a(fseek.o)
                0x0000000000001444                fseek
 .text.ftell    0x0000000000001544       0x44 /usr/local/mcuxpressoide-11.3.1_5262/ide/plugins/com.nxp.mcuxpresso.tools.linux_11.3.0.202011031536/tools/bin/../lib/gcc/arm-none-eabi/9.3.1/../../../../arm-none-eabi/lib/thumb/v7e-m+fp/hard/libcr_c.a(ftell.o)
                0x0000000000001544                ftell
 .text.__check_heap_overflow
                0x0000000000001588       0x18 /usr/local/mcuxpressoide-11.3.1_5262/ide/plugins/com.nxp.mcuxpresso.tools.linux_11.3.0.202011031536/tools/bin/../lib/gcc/arm-none-eabi/9.3.1/../../../../arm-none-eabi/lib/thumb/v7e-m+fp/hard/libcr_c.a(_cr_check_heap.o)
                0x0000000000001588                __check_heap_overflow
 .text._Cwritebuf
                0x00000000000015a0       0x6c /usr/local/mcuxpressoide-11.3.1_5262/ide/plugins/com.nxp.mcuxpresso.tools.linux_11.3.0.202011031536/tools/bin/../lib/gcc/arm-none-eabi/9.3.1/../../../../arm-none-eabi/lib/thumb/v7e-m+fp/hard/libcr_c.a(_writebuf.o)
                0x00000000000015a0                _Cwritebuf
 .text.DMA0_IRQHandler
                0x000000000000160c        0x8 ./startup/startup_mk64f12.o
                0x000000000000160c                DMA0_IRQHandler
 .text.DMA1_IRQHandler
                0x0000000000001614        0x8 ./startup/startup_mk64f12.o
                0x0000000000001614                DMA1_IRQHandler
 .text.DMA2_IRQHandler
                0x000000000000161c        0x8 ./startup/startup_mk64f12.o
                0x000000000000161c                DMA2_IRQHandler
 .text.DMA3_IRQHandler
                0x0000000000001624        0x8 ./startup/startup_mk64f12.o
                0x0000000000001624                DMA3_IRQHandler
 .text.DMA4_IRQHandler
                0x000000000000162c        0x8 ./startup/startup_mk64f12.o
                0x000000000000162c                DMA4_IRQHandler
 .text.DMA5_IRQHandler
                0x0000000000001634        0x8 ./startup/startup_mk64f12.o
                0x0000000000001634                DMA5_IRQHandler
 .text.DMA6_IRQHandler
                0x000000000000163c        0x8 ./startup/startup_mk64f12.o
                0x000000000000163c                DMA6_IRQHandler
 .text.DMA7_IRQHandler
                0x0000000000001644        0x8 ./startup/startup_mk64f12.o
                0x0000000000001644                DMA7_IRQHandler
 .text.DMA8_IRQHandler
                0x000000000000164c        0x8 ./startup/startup_mk64f12.o
                0x000000000000164c                DMA8_IRQHandler
 .text.DMA9_IRQHandler
                0x0000000000001654        0x8 ./startup/startup_mk64f12.o
                0x0000000000001654                DMA9_IRQHandler
 .text.DMA10_IRQHandler
                0x000000000000165c        0x8 ./startup/startup_mk64f12.o
                0x000000000000165c                DMA10_IRQHandler
 .text.DMA11_IRQHandler
                0x0000000000001664        0x8 ./startup/startup_mk64f12.o
                0x0000000000001664                DMA11_IRQHandler
 .text.DMA12_IRQHandler
                0x000000000000166c        0x8 ./startup/startup_mk64f12.o
                0x000000000000166c                DMA12_IRQHandler
 .text.DMA13_IRQHandler
                0x0000000000001674        0x8 ./startup/startup_mk64f12.o
                0x0000000000001674                DMA13_IRQHandler
 .text.DMA14_IRQHandler
                0x000000000000167c        0x8 ./startup/startup_mk64f12.o
                0x000000000000167c                DMA14_IRQHandler
 .text.DMA15_IRQHandler
                0x0000000000001684        0x8 ./startup/startup_mk64f12.o
                0x0000000000001684                DMA15_IRQHandler
 .text.DMA_Error_IRQHandler
                0x000000000000168c        0x8 ./startup/startup_mk64f12.o
                0x000000000000168c                DMA_Error_IRQHandler
 .text.MCM_IRQHandler
                0x0000000000001694        0x8 ./startup/startup_mk64f12.o
                0x0000000000001694                MCM_IRQHandler
 .text.FTFE_IRQHandler
                0x000000000000169c        0x8 ./startup/startup_mk64f12.o
                0x000000000000169c                FTFE_IRQHandler
 .text.Read_Collision_IRQHandler
                0x00000000000016a4        0x8 ./startup/startup_mk64f12.o
                0x00000000000016a4                Read_Collision_IRQHandler
 .text.LVD_LVW_IRQHandler
                0x00000000000016ac        0x8 ./startup/startup_mk64f12.o
                0x00000000000016ac                LVD_LVW_IRQHandler
 .text.LLWU_IRQHandler
                0x00000000000016b4        0x8 ./startup/startup_mk64f12.o
                0x00000000000016b4                LLWU_IRQHandler
 .text.WDOG_EWM_IRQHandler
                0x00000000000016bc        0x8 ./startup/startup_mk64f12.o
                0x00000000000016bc                WDOG_EWM_IRQHandler
 .text.RNG_IRQHandler
                0x00000000000016c4        0x8 ./startup/startup_mk64f12.o
                0x00000000000016c4                RNG_IRQHandler
 .text.I2C0_IRQHandler
                0x00000000000016cc        0x8 ./startup/startup_mk64f12.o
                0x00000000000016cc                I2C0_IRQHandler
 .text.I2C1_IRQHandler
                0x00000000000016d4        0x8 ./startup/startup_mk64f12.o
                0x00000000000016d4                I2C1_IRQHandler
 .text.SPI0_IRQHandler
                0x00000000000016dc        0x8 ./startup/startup_mk64f12.o
                0x00000000000016dc                SPI0_IRQHandler
 .text.SPI1_IRQHandler
                0x00000000000016e4        0x8 ./startup/startup_mk64f12.o
                0x00000000000016e4                SPI1_IRQHandler
 .text.I2S0_Tx_IRQHandler
                0x00000000000016ec        0x8 ./startup/startup_mk64f12.o
                0x00000000000016ec                I2S0_Tx_IRQHandler
 .text.I2S0_Rx_IRQHandler
                0x00000000000016f4        0x8 ./startup/startup_mk64f12.o
                0x00000000000016f4                I2S0_Rx_IRQHandler
 .text.UART0_LON_IRQHandler
                0x00000000000016fc        0x8 ./startup/startup_mk64f12.o
                0x00000000000016fc                UART0_LON_IRQHandler
 .text.UART0_RX_TX_IRQHandler
                0x0000000000001704        0x8 ./startup/startup_mk64f12.o
                0x0000000000001704                UART0_RX_TX_IRQHandler
 .text.UART0_ERR_IRQHandler
                0x000000000000170c        0x8 ./startup/startup_mk64f12.o
                0x000000000000170c                UART0_ERR_IRQHandler
 .text.UART1_RX_TX_IRQHandler
                0x0000000000001714        0x8 ./startup/startup_mk64f12.o
                0x0000000000001714                UART1_RX_TX_IRQHandler
 .text.UART1_ERR_IRQHandler
                0x000000000000171c        0x8 ./startup/startup_mk64f12.o
                0x000000000000171c                UART1_ERR_IRQHandler
 .text.UART2_RX_TX_IRQHandler
                0x0000000000001724        0x8 ./startup/startup_mk64f12.o
                0x0000000000001724                UART2_RX_TX_IRQHandler
 .text.UART2_ERR_IRQHandler
                0x000000000000172c        0x8 ./startup/startup_mk64f12.o
                0x000000000000172c                UART2_ERR_IRQHandler
 .text.UART3_RX_TX_IRQHandler
                0x0000000000001734        0x8 ./startup/startup_mk64f12.o
                0x0000000000001734                UART3_RX_TX_IRQHandler
 .text.UART3_ERR_IRQHandler
                0x000000000000173c        0x8 ./startup/startup_mk64f12.o
                0x000000000000173c                UART3_ERR_IRQHandler
 .text.ADC0_IRQHandler
                0x0000000000001744        0x8 ./startup/startup_mk64f12.o
                0x0000000000001744                ADC0_IRQHandler
 .text.CMP0_IRQHandler
                0x000000000000174c        0x8 ./startup/startup_mk64f12.o
                0x000000000000174c                CMP0_IRQHandler
 .text.CMP1_IRQHandler
                0x0000000000001754        0x8 ./startup/startup_mk64f12.o
                0x0000000000001754                CMP1_IRQHandler
 .text.FTM0_IRQHandler
                0x000000000000175c        0x8 ./startup/startup_mk64f12.o
                0x000000000000175c                FTM0_IRQHandler
 .text.FTM1_IRQHandler
                0x0000000000001764        0x8 ./startup/startup_mk64f12.o
                0x0000000000001764                FTM1_IRQHandler
 .text.FTM2_IRQHandler
                0x000000000000176c        0x8 ./startup/startup_mk64f12.o
                0x000000000000176c                FTM2_IRQHandler
 .text.CMT_IRQHandler
                0x0000000000001774        0x8 ./startup/startup_mk64f12.o
                0x0000000000001774                CMT_IRQHandler
 .text.RTC_IRQHandler
                0x000000000000177c        0x8 ./startup/startup_mk64f12.o
                0x000000000000177c                RTC_IRQHandler
 .text.RTC_Seconds_IRQHandler
                0x0000000000001784        0x8 ./startup/startup_mk64f12.o
                0x0000000000001784                RTC_Seconds_IRQHandler
 .text.PIT0_IRQHandler
                0x000000000000178c        0x8 ./startup/startup_mk64f12.o
                0x000000000000178c                PIT0_IRQHandler
 .text.PIT1_IRQHandler
                0x0000000000001794        0x8 ./startup/startup_mk64f12.o
                0x0000000000001794                PIT1_IRQHandler
 .text.PIT2_IRQHandler
                0x000000000000179c        0x8 ./startup/startup_mk64f12.o
                0x000000000000179c                PIT2_IRQHandler
 .text.PIT3_IRQHandler
                0x00000000000017a4        0x8 ./startup/startup_mk64f12.o
                0x00000000000017a4                PIT3_IRQHandler
 .text.PDB0_IRQHandler
                0x00000000000017ac        0x8 ./startup/startup_mk64f12.o
                0x00000000000017ac                PDB0_IRQHandler
 .text.USB0_IRQHandler
                0x00000000000017b4        0x8 ./startup/startup_mk64f12.o
                0x00000000000017b4                USB0_IRQHandler
 .text.USBDCD_IRQHandler
                0x00000000000017bc        0x8 ./startup/startup_mk64f12.o
                0x00000000000017bc                USBDCD_IRQHandler
 .text.Reserved71_IRQHandler
                0x00000000000017c4        0x8 ./startup/startup_mk64f12.o
                0x00000000000017c4                Reserved71_IRQHandler
 .text.DAC0_IRQHandler
                0x00000000000017cc        0x8 ./startup/startup_mk64f12.o
                0x00000000000017cc                DAC0_IRQHandler
 .text.MCG_IRQHandler
                0x00000000000017d4        0x8 ./startup/startup_mk64f12.o
                0x00000000000017d4                MCG_IRQHandler
 .text.LPTMR0_IRQHandler
                0x00000000000017dc        0x8 ./startup/startup_mk64f12.o
                0x00000000000017dc                LPTMR0_IRQHandler
 .text.PORTA_IRQHandler
                0x00000000000017e4        0x8 ./startup/startup_mk64f12.o
                0x00000000000017e4                PORTA_IRQHandler
 .text.PORTB_IRQHandler
                0x00000000000017ec        0x8 ./startup/startup_mk64f12.o
                0x00000000000017ec                PORTB_IRQHandler
 .text.PORTC_IRQHandler
                0x00000000000017f4        0x8 ./startup/startup_mk64f12.o
                0x00000000000017f4                PORTC_IRQHandler
 .text.PORTD_IRQHandler
                0x00000000000017fc        0x8 ./startup/startup_mk64f12.o
                0x00000000000017fc                PORTD_IRQHandler
 .text.PORTE_IRQHandler
                0x0000000000001804        0x8 ./startup/startup_mk64f12.o
                0x0000000000001804                PORTE_IRQHandler
 .text.SWI_IRQHandler
                0x000000000000180c        0x8 ./startup/startup_mk64f12.o
                0x000000000000180c                SWI_IRQHandler
 .text.SPI2_IRQHandler
                0x0000000000001814        0x8 ./startup/startup_mk64f12.o
                0x0000000000001814                SPI2_IRQHandler
 .text.UART4_RX_TX_IRQHandler
                0x000000000000181c        0x8 ./startup/startup_mk64f12.o
                0x000000000000181c                UART4_RX_TX_IRQHandler
 .text.UART4_ERR_IRQHandler
                0x0000000000001824        0x8 ./startup/startup_mk64f12.o
                0x0000000000001824                UART4_ERR_IRQHandler
 .text.UART5_RX_TX_IRQHandler
                0x000000000000182c        0x8 ./startup/startup_mk64f12.o
                0x000000000000182c                UART5_RX_TX_IRQHandler
 .text.UART5_ERR_IRQHandler
                0x0000000000001834        0x8 ./startup/startup_mk64f12.o
                0x0000000000001834                UART5_ERR_IRQHandler
 .text.CMP2_IRQHandler
                0x000000000000183c        0x8 ./startup/startup_mk64f12.o
                0x000000000000183c                CMP2_IRQHandler
 .text.FTM3_IRQHandler
                0x0000000000001844        0x8 ./startup/startup_mk64f12.o
                0x0000000000001844                FTM3_IRQHandler
 .text.DAC1_IRQHandler
                0x000000000000184c        0x8 ./startup/startup_mk64f12.o
                0x000000000000184c                DAC1_IRQHandler
 .text.ADC1_IRQHandler
                0x0000000000001854        0x8 ./startup/startup_mk64f12.o
                0x0000000000001854                ADC1_IRQHandler
 .text.I2C2_IRQHandler
                0x000000000000185c        0x8 ./startup/startup_mk64f12.o
                0x000000000000185c                I2C2_IRQHandler
 .text.CAN0_ORed_Message_buffer_IRQHandler
                0x0000000000001864        0x8 ./startup/startup_mk64f12.o
                0x0000000000001864                CAN0_ORed_Message_buffer_IRQHandler
 .text.CAN0_Wake_Up_IRQHandler
                0x000000000000186c        0x8 ./startup/startup_mk64f12.o
                0x000000000000186c                CAN0_Wake_Up_IRQHandler
 .text.CAN0_Bus_Off_IRQHandler
                0x0000000000001874        0x8 ./startup/startup_mk64f12.o
                0x0000000000001874                CAN0_Bus_Off_IRQHandler
 .text.CAN0_Error_IRQHandler
                0x000000000000187c        0x8 ./startup/startup_mk64f12.o
                0x000000000000187c                CAN0_Error_IRQHandler
 .text.CAN0_Tx_Warning_IRQHandler
                0x0000000000001884        0x8 ./startup/startup_mk64f12.o
                0x0000000000001884                CAN0_Tx_Warning_IRQHandler
 .text.CAN0_Rx_Warning_IRQHandler
                0x000000000000188c        0x8 ./startup/startup_mk64f12.o
                0x000000000000188c                CAN0_Rx_Warning_IRQHandler
 .text.SDHC_IRQHandler
                0x0000000000001894        0x8 ./startup/startup_mk64f12.o
                0x0000000000001894                SDHC_IRQHandler
 .text.HardFault_Handler
                0x000000000000189c       0x2c ./source/semihost_hardfault.o
                0x000000000000189c                HardFault_Handler
 .text.ENET_TransmitIRQHandler
                0x00000000000018c8       0x28 ./drivers/fsl_enet.o
                0x00000000000018c8                ENET_TransmitIRQHandler
 .text.ENET_ReceiveIRQHandler
                0x00000000000018f0       0x28 ./drivers/fsl_enet.o
                0x00000000000018f0                ENET_ReceiveIRQHandler
 .text.ENET_ErrorIRQHandler
                0x0000000000001918       0x40 ./drivers/fsl_enet.o
                0x0000000000001918                ENET_ErrorIRQHandler
 .text.ENET_UpdateReadBuffers.constprop.0
                0x0000000000001958       0x30 ./drivers/fsl_enet.o
 .text.ENET_SetMacAddr
                0x0000000000001988       0x14 ./drivers/fsl_enet.o
                0x0000000000001988                ENET_SetMacAddr
 .text.ENET_StartSMIWrite
                0x000000000000199c       0x2a ./drivers/fsl_enet.o
                0x000000000000199c                ENET_StartSMIWrite
 .text.ENET_StartSMIRead
                0x00000000000019c6       0x22 ./drivers/fsl_enet.o
                0x00000000000019c6                ENET_StartSMIRead
 .text.ENET_GetRxErrBeforeReadFrame
                0x00000000000019e8       0x54 ./drivers/fsl_enet.o
                0x00000000000019e8                ENET_GetRxErrBeforeReadFrame
 .text.ENET_ReadFrame
                0x0000000000001a3c       0x90 ./drivers/fsl_enet.o
                0x0000000000001a3c                ENET_ReadFrame
 .text.UART0_RX_TX_DriverIRQHandler
                0x0000000000001acc        0xc ./drivers/fsl_uart.o
                0x0000000000001acc                UART0_RX_TX_DriverIRQHandler
 .text.UART1_RX_TX_DriverIRQHandler
                0x0000000000001ad8        0xc ./drivers/fsl_uart.o
                0x0000000000001ad8                UART1_RX_TX_DriverIRQHandler
 .text.UART2_RX_TX_DriverIRQHandler
                0x0000000000001ae4        0xc ./drivers/fsl_uart.o
                0x0000000000001ae4                UART2_RX_TX_DriverIRQHandler
 .text.UART3_RX_TX_DriverIRQHandler
                0x0000000000001af0        0xc ./drivers/fsl_uart.o
                0x0000000000001af0                UART3_RX_TX_DriverIRQHandler
 .text.UART4_RX_TX_DriverIRQHandler
                0x0000000000001afc        0xc ./drivers/fsl_uart.o
                0x0000000000001afc                UART4_RX_TX_DriverIRQHandler
 .text.UART5_RX_TX_DriverIRQHandler
                0x0000000000001b08        0xc ./drivers/fsl_uart.o
                0x0000000000001b08                UART5_RX_TX_DriverIRQHandler
 .text.SystemInitHook
                0x0000000000001b14        0x2 ./device/system_MK64F12.o
                0x0000000000001b14                SystemInitHook
 .text.BOARD_InitDebugConsole
                0x0000000000001b16        0x4 ./board/board.o
                0x0000000000001b16                BOARD_InitDebugConsole
 .text.PHY_GetLinkStatus
                0x0000000000001b1a       0x1e ./board/fsl_phy.o
                0x0000000000001b1a                PHY_GetLinkStatus
 .text.PHY_GetLinkSpeedDuplex
                0x0000000000001b38       0x3a ./board/fsl_phy.o
                0x0000000000001b38                PHY_GetLinkSpeedDuplex
 .text.__main   0x0000000000001b72        0xe /usr/local/mcuxpressoide-11.3.1_5262/ide/plugins/com.nxp.mcuxpresso.tools.linux_11.3.0.202011031536/tools/bin/../lib/gcc/arm-none-eabi/9.3.1/../../../../arm-none-eabi/lib/thumb/v7e-m+fp/hard/libcr_semihost_nf.a(_cr__main.o)
                0x0000000000001b72                __main
                0x0000000000001b72                __CR_SEMIHOST
 .text.memcpy   0x0000000000001b80        0x4 /usr/local/mcuxpressoide-11.3.1_5262/ide/plugins/com.nxp.mcuxpresso.tools.linux_11.3.0.202011031536/tools/bin/../lib/gcc/arm-none-eabi/9.3.1/../../../../arm-none-eabi/lib/thumb/v7e-m+fp/hard/libcr_c.a(memcpy.o)
                0x0000000000001b80                memcpy
 .text.memset   0x0000000000001b84        0x4 /usr/local/mcuxpressoide-11.3.1_5262/ide/plugins/com.nxp.mcuxpresso.tools.linux_11.3.0.202011031536/tools/bin/../lib/gcc/arm-none-eabi/9.3.1/../../../../arm-none-eabi/lib/thumb/v7e-m+fp/hard/libcr_c.a(memset.o)
                0x0000000000001b84                memset
 .text.free     0x0000000000001b88       0x30 /usr/local/mcuxpressoide-11.3.1_5262/ide/plugins/com.nxp.mcuxpresso.tools.linux_11.3.0.202011031536/tools/bin/../lib/gcc/arm-none-eabi/9.3.1/../../../../arm-none-eabi/lib/thumb/v7e-m+fp/hard/libcr_c.a(alloc.o)
                0x0000000000001b88                free
 .text.setvbuf  0x0000000000001bb8       0x3e /usr/local/mcuxpressoide-11.3.1_5262/ide/plugins/com.nxp.mcuxpresso.tools.linux_11.3.0.202011031536/tools/bin/../lib/gcc/arm-none-eabi/9.3.1/../../../../arm-none-eabi/lib/thumb/v7e-m+fp/hard/libcr_c.a(setvbuf.o)
                0x0000000000001bb8                setvbuf
 .text.strlen   0x0000000000001bf6       0x4c /usr/local/mcuxpressoide-11.3.1_5262/ide/plugins/com.nxp.mcuxpresso.tools.linux_11.3.0.202011031536/tools/bin/../lib/gcc/arm-none-eabi/9.3.1/../../../../arm-none-eabi/lib/thumb/v7e-m+fp/hard/libcr_c.a(strlen.o)
                0x0000000000001bf6                strlen
 .text._fdopen  0x0000000000001c42       0x68 /usr/local/mcuxpressoide-11.3.1_5262/ide/plugins/com.nxp.mcuxpresso.tools.linux_11.3.0.202011031536/tools/bin/../lib/gcc/arm-none-eabi/9.3.1/../../../../arm-none-eabi/lib/thumb/v7e-m+fp/hard/libcr_c.a(_fdopen.o)
                0x0000000000001c42                _fdopen
 .text.fclose   0x0000000000001caa       0x58 /usr/local/mcuxpressoide-11.3.1_5262/ide/plugins/com.nxp.mcuxpresso.tools.linux_11.3.0.202011031536/tools/bin/../lib/gcc/arm-none-eabi/9.3.1/../../../../arm-none-eabi/lib/thumb/v7e-m+fp/hard/libcr_c.a(fclose.o)
                0x0000000000001caa                fclose
 .text.remove   0x0000000000001d02       0x14 /usr/local/mcuxpressoide-11.3.1_5262/ide/plugins/com.nxp.mcuxpresso.tools.linux_11.3.0.202011031536/tools/bin/../lib/gcc/arm-none-eabi/9.3.1/../../../../arm-none-eabi/lib/thumb/v7e-m+fp/hard/libcr_c.a(remove.o)
                0x0000000000001d02                remove
 .text._do_fflush
                0x0000000000001d16       0x40 /usr/local/mcuxpressoide-11.3.1_5262/ide/plugins/com.nxp.mcuxpresso.tools.linux_11.3.0.202011031536/tools/bin/../lib/gcc/arm-none-eabi/9.3.1/../../../../arm-none-eabi/lib/thumb/v7e-m+fp/hard/libcr_c.a(_do_fflush.o)
                0x0000000000001d16                _do_fflush
 .text._fflush  0x0000000000001d56       0x52 /usr/local/mcuxpressoide-11.3.1_5262/ide/plugins/com.nxp.mcuxpresso.tools.linux_11.3.0.202011031536/tools/bin/../lib/gcc/arm-none-eabi/9.3.1/../../../../arm-none-eabi/lib/thumb/v7e-m+fp/hard/libcr_c.a(_fflush.o)
                0x0000000000001d56                _fflush
 .text._deferredlazyseek
                0x0000000000001da8       0x40 /usr/local/mcuxpressoide-11.3.1_5262/ide/plugins/com.nxp.mcuxpresso.tools.linux_11.3.0.202011031536/tools/bin/../lib/gcc/arm-none-eabi/9.3.1/../../../../arm-none-eabi/lib/thumb/v7e-m+fp/hard/libcr_c.a(_deferredlazyseek.o)
                0x0000000000001da8                _deferredlazyseek
 .text.__aeabi_memcpy
                0x0000000000001de8       0x34 /usr/local/mcuxpressoide-11.3.1_5262/ide/plugins/com.nxp.mcuxpresso.tools.linux_11.3.0.202011031536/tools/bin/../lib/gcc/arm-none-eabi/9.3.1/thumb/v7e-m+fp/hard/libcr_eabihelpers.a(memcpy.o)
                0x0000000000001de8                __aeabi_memcpy
                0x0000000000001df2                __aeabi_memcpy4
                0x0000000000001df2                __aeabi_memcpy8
 .text.__aeabi_memset_lowlevel
                0x0000000000001e1c       0x32 /usr/local/mcuxpressoide-11.3.1_5262/ide/plugins/com.nxp.mcuxpresso.tools.linux_11.3.0.202011031536/tools/bin/../lib/gcc/arm-none-eabi/9.3.1/thumb/v7e-m+fp/hard/libcr_eabihelpers.a(memcpy.o)
                0x0000000000001e1c                __aeabi_lowlevel_memset
 .text.__sys_close
                0x0000000000001e4e        0xc /usr/local/mcuxpressoide-11.3.1_5262/ide/plugins/com.nxp.mcuxpresso.tools.linux_11.3.0.202011031536/tools/bin/../lib/gcc/arm-none-eabi/9.3.1/../../../../arm-none-eabi/lib/thumb/v7e-m+fp/hard/libcr_semihost_nf.a(__sys_close.o)
                0x0000000000001e4e                __sys_close
 .text.__sys_flen
                0x0000000000001e5a        0xc /usr/local/mcuxpressoide-11.3.1_5262/ide/plugins/com.nxp.mcuxpresso.tools.linux_11.3.0.202011031536/tools/bin/../lib/gcc/arm-none-eabi/9.3.1/../../../../arm-none-eabi/lib/thumb/v7e-m+fp/hard/libcr_semihost_nf.a(__sys_flen.o)
                0x0000000000001e5a                __sys_flen
 .text.__sys_istty
                0x0000000000001e66        0xc /usr/local/mcuxpressoide-11.3.1_5262/ide/plugins/com.nxp.mcuxpresso.tools.linux_11.3.0.202011031536/tools/bin/../lib/gcc/arm-none-eabi/9.3.1/../../../../arm-none-eabi/lib/thumb/v7e-m+fp/hard/libcr_semihost_nf.a(__sys_istty.o)
                0x0000000000001e66                __sys_istty
 .text.__sys_remove
                0x0000000000001e72        0xc /usr/local/mcuxpressoide-11.3.1_5262/ide/plugins/com.nxp.mcuxpresso.tools.linux_11.3.0.202011031536/tools/bin/../lib/gcc/arm-none-eabi/9.3.1/../../../../arm-none-eabi/lib/thumb/v7e-m+fp/hard/libcr_semihost_nf.a(__sys_remove.o)
                0x0000000000001e72                __sys_remove
 .text.__sys_seek
                0x0000000000001e7e        0xc /usr/local/mcuxpressoide-11.3.1_5262/ide/plugins/com.nxp.mcuxpresso.tools.linux_11.3.0.202011031536/tools/bin/../lib/gcc/arm-none-eabi/9.3.1/../../../../arm-none-eabi/lib/thumb/v7e-m+fp/hard/libcr_semihost_nf.a(__sys_seek.o)
                0x0000000000001e7e                __sys_seek
 .text.__sys_tmpnam
                0x0000000000001e8a        0xc /usr/local/mcuxpressoide-11.3.1_5262/ide/plugins/com.nxp.mcuxpresso.tools.linux_11.3.0.202011031536/tools/bin/../lib/gcc/arm-none-eabi/9.3.1/../../../../arm-none-eabi/lib/thumb/v7e-m+fp/hard/libcr_semihost_nf.a(__sys_tmpnam.o)
                0x0000000000001e8a                __sys_tmpnam
 .text.__sys_write
                0x0000000000001e96        0xc /usr/local/mcuxpressoide-11.3.1_5262/ide/plugins/com.nxp.mcuxpresso.tools.linux_11.3.0.202011031536/tools/bin/../lib/gcc/arm-none-eabi/9.3.1/../../../../arm-none-eabi/lib/thumb/v7e-m+fp/hard/libcr_semihost_nf.a(__sys_write.o)
                0x0000000000001e96                __sys_write
 *(SORT_BY_ALIGNMENT(.rodata) SORT_BY_ALIGNMENT(.rodata.*) SORT_BY_ALIGNMENT(.constdata) SORT_BY_ALIGNMENT(.constdata.*))
 *fill*         0x0000000000001ea2        0x2 ff
 .rodata        0x0000000000001ea4       0x18 ./source/enet_txrx_transfer.o
 .rodata.s_enetClock
                0x0000000000001ebc        0x4 ./drivers/fsl_enet.o
                0x0000000000001ebc                s_enetClock
 .rodata.oscConfig_BOARD_BootClockRUN
                0x0000000000001ec0        0x8 ./board/clock_config.o
                0x0000000000001ec0                oscConfig_BOARD_BootClockRUN
 .rodata.simConfig_BOARD_BootClockRUN
                0x0000000000001ec8        0x8 ./board/clock_config.o
                0x0000000000001ec8                simConfig_BOARD_BootClockRUN
 .rodata.__num_Ciob_streams
                0x0000000000001ed0        0x4 /usr/local/mcuxpressoide-11.3.1_5262/ide/plugins/com.nxp.mcuxpresso.tools.linux_11.3.0.202011031536/tools/bin/../lib/gcc/arm-none-eabi/9.3.1/../../../../arm-none-eabi/lib/thumb/v7e-m+fp/hard/libcr_semihost_nf.a(__ciob.o)
                0x0000000000001ed0                __num_Ciob_streams
 .rodata.fllFactorTable.7898
                0x0000000000001ed4       0x10 ./drivers/fsl_clock.o
 .rodata.mcgConfig_BOARD_BootClockRUN
                0x0000000000001ee4        0xb ./board/clock_config.o
                0x0000000000001ee4                mcgConfig_BOARD_BootClockRUN
 .rodata._initio.str1.1
                0x0000000000001eef        0x4 /usr/local/mcuxpressoide-11.3.1_5262/ide/plugins/com.nxp.mcuxpresso.tools.linux_11.3.0.202011031536/tools/bin/../lib/gcc/arm-none-eabi/9.3.1/../../../../arm-none-eabi/lib/thumb/v7e-m+fp/hard/libcr_c.a(initio.o)
                0x0000000000001ef8                . = ALIGN (0x8)
 *fill*         0x0000000000001ef3        0x5 ff

.glue_7         0x0000000000001ef8        0x0
 .glue_7        0x0000000000001ef8        0x0 linker stubs

.glue_7t        0x0000000000001ef8        0x0
 .glue_7t       0x0000000000001ef8        0x0 linker stubs

.vfp11_veneer   0x0000000000001ef8        0x0
 .vfp11_veneer  0x0000000000001ef8        0x0 linker stubs

.v4_bx          0x0000000000001ef8        0x0
 .v4_bx         0x0000000000001ef8        0x0 linker stubs

.iplt           0x0000000000001ef8        0x0
 .iplt          0x0000000000001ef8        0x0 ./startup/startup_mk64f12.o

.rel.dyn        0x0000000000001ef8        0x0
 .rel.iplt      0x0000000000001ef8        0x0 ./startup/startup_mk64f12.o

.ARM.extab
 *(SORT_BY_ALIGNMENT(.ARM.extab*) SORT_BY_ALIGNMENT(.gnu.linkonce.armextab.*))

.ARM.exidx      0x0000000000001ef8        0x0
                0x0000000000001ef8                __exidx_start = .
 *(SORT_BY_ALIGNMENT(.ARM.exidx*) SORT_BY_ALIGNMENT(.gnu.linkonce.armexidx.*))
                0x0000000000001ef8                __exidx_end = .
                0x0000000000001ef8                _etext = .

.m_usb_data
 *(SORT_BY_ALIGNMENT(m_usb_bdt))

.data_RAM2      0x000000001fff0000        0x0 load address 0x0000000000001ef8
 FILL mask 0xff
                [!provide]                        PROVIDE (__start_data_RAM2 = .)
                [!provide]                        PROVIDE (__start_data_SRAM_LOWER = .)
 *(SORT_BY_ALIGNMENT(.ramfunc.$RAM2))
 *(SORT_BY_ALIGNMENT(.ramfunc.$SRAM_LOWER))
 *(SORT_BY_ALIGNMENT(.data.$RAM2))
 *(SORT_BY_ALIGNMENT(.data.$SRAM_LOWER))
 *(SORT_BY_ALIGNMENT(.data.$RAM2.*))
 *(SORT_BY_ALIGNMENT(.data.$SRAM_LOWER.*))
                0x000000001fff0000                . = ALIGN (0x8)
                [!provide]                        PROVIDE (__end_data_RAM2 = .)
                [!provide]                        PROVIDE (__end_data_SRAM_LOWER = .)

.data_RAM3      0x0000000014000000        0x0 load address 0x0000000000001ef8
 FILL mask 0xff
                [!provide]                        PROVIDE (__start_data_RAM3 = .)
                [!provide]                        PROVIDE (__start_data_FLEX_RAM = .)
 *(SORT_BY_ALIGNMENT(.ramfunc.$RAM3))
 *(SORT_BY_ALIGNMENT(.ramfunc.$FLEX_RAM))
 *(SORT_BY_ALIGNMENT(.data.$RAM3))
 *(SORT_BY_ALIGNMENT(.data.$FLEX_RAM))
 *(SORT_BY_ALIGNMENT(.data.$RAM3.*))
 *(SORT_BY_ALIGNMENT(.data.$FLEX_RAM.*))
                0x0000000014000000                . = ALIGN (0x8)
                [!provide]                        PROVIDE (__end_data_RAM3 = .)
                [!provide]                        PROVIDE (__end_data_FLEX_RAM = .)

.uninit_RESERVED
                0x0000000020000000        0x0
                0x0000000020000000                _start_uninit_RESERVED = .
 *(SORT_BY_ALIGNMENT(.bss.$RESERVED*))
                0x0000000020000000                . = ALIGN (0x8)
                0x0000000020000000                _end_uninit_RESERVED = .

.data           0x0000000020000000       0x18 load address 0x0000000000001ef8
 FILL mask 0xff
                0x0000000020000000                _data = .
                [!provide]                        PROVIDE (__start_data_RAM = .)
                [!provide]                        PROVIDE (__start_data_SRAM_UPPER = .)
 *(SORT_BY_ALIGNMENT(vtable))
 *(SORT_BY_ALIGNMENT(.ramfunc*))
 *(SORT_BY_ALIGNMENT(CodeQuickAccess))
 *(SORT_BY_ALIGNMENT(DataQuickAccess))
 *(SORT_BY_ALIGNMENT(RamFunction))
 *(SORT_BY_ALIGNMENT(.data*))
 .data.s_fastIrcFreq
                0x0000000020000000        0x4 ./drivers/fsl_clock.o
 .data.s_slowIrcFreq
                0x0000000020000004        0x4 ./drivers/fsl_clock.o
 .data.SystemCoreClock
                0x0000000020000008        0x4 ./device/system_MK64F12.o
                0x0000000020000008                SystemCoreClock
 .data.g_macAddr
                0x000000002000000c        0x6 ./source/enet_txrx_transfer.o
                0x000000002000000c                g_macAddr
                0x0000000020000018                . = ALIGN (0x8)
 *fill*         0x0000000020000012        0x6 ff
                0x0000000020000018                _edata = .
                [!provide]                        PROVIDE (__end_data_RAM = .)
                [!provide]                        PROVIDE (__end_data_SRAM_UPPER = .)

.igot.plt       0x0000000020000018        0x0 load address 0x0000000000001f10
 .igot.plt      0x0000000020000018        0x0 ./startup/startup_mk64f12.o

.non_init       0x0000000020000018      0x7d4 load address 0x0000000000001f10
 .non_init      0x0000000020000018      0x7d4 ./source/enet_txrx_transfer.o
                0x0000000020000018                etm_tc_len
                0x000000002000001c                etm_tc

.bss_RAM2       0x000000001fff0000        0x0
                [!provide]                        PROVIDE (__start_bss_RAM2 = .)
                [!provide]                        PROVIDE (__start_bss_SRAM_LOWER = .)
 *(SORT_BY_ALIGNMENT(.bss.$RAM2))
 *(SORT_BY_ALIGNMENT(.bss.$SRAM_LOWER))
 *(SORT_BY_ALIGNMENT(.bss.$RAM2.*))
 *(SORT_BY_ALIGNMENT(.bss.$SRAM_LOWER.*))
                0x000000001fff0000                . = ALIGN ((. != 0x0)?0x8:0x1)
                [!provide]                        PROVIDE (__end_bss_RAM2 = .)
                [!provide]                        PROVIDE (__end_bss_SRAM_LOWER = .)

.bss_RAM3       0x0000000014000000        0x0
                [!provide]                        PROVIDE (__start_bss_RAM3 = .)
                [!provide]                        PROVIDE (__start_bss_FLEX_RAM = .)
 *(SORT_BY_ALIGNMENT(.bss.$RAM3))
 *(SORT_BY_ALIGNMENT(.bss.$FLEX_RAM))
 *(SORT_BY_ALIGNMENT(.bss.$RAM3.*))
 *(SORT_BY_ALIGNMENT(.bss.$FLEX_RAM.*))
                0x0000000014000000                . = ALIGN ((. != 0x0)?0x8:0x1)
                [!provide]                        PROVIDE (__end_bss_RAM3 = .)
                [!provide]                        PROVIDE (__end_bss_FLEX_RAM = .)

.bss            0x00000000200007f0     0x30d8
                0x00000000200007f0                _bss = .
                [!provide]                        PROVIDE (__start_bss_RAM = .)
                [!provide]                        PROVIDE (__start_bss_SRAM_UPPER = .)
 *(SORT_BY_ALIGNMENT(.bss*))
 .bss.g_rxBuffDescrip
                0x00000000200007f0       0x20 ./source/enet_txrx_transfer.o
                0x00000000200007f0                g_rxBuffDescrip
 .bss.g_rxDataBuff
                0x0000000020000810     0x17c0 ./source/enet_txrx_transfer.o
                0x0000000020000810                g_rxDataBuff
 .bss.g_txBuffDescrip
                0x0000000020001fd0       0x20 ./source/enet_txrx_transfer.o
                0x0000000020001fd0                g_txBuffDescrip
 .bss.g_txDataBuff
                0x0000000020001ff0     0x17c0 ./source/enet_txrx_transfer.o
                0x0000000020001ff0                g_txDataBuff
 .bss.etm_tc_idx
                0x00000000200037b0        0x4 ./source/enet_txrx_transfer.o
                0x00000000200037b0                etm_tc_idx
 .bss.g_handle  0x00000000200037b4       0x20 ./source/enet_txrx_transfer.o
                0x00000000200037b4                g_handle
 .bss.g_xtal0Freq
                0x00000000200037d4        0x4 ./drivers/fsl_clock.o
                0x00000000200037d4                g_xtal0Freq
 .bss.g_xtal32Freq
                0x00000000200037d8        0x4 ./drivers/fsl_clock.o
                0x00000000200037d8                g_xtal32Freq
 .bss.s_ENETHandle
                0x00000000200037dc        0x4 ./drivers/fsl_enet.o
 .bss.s_enetErrIsr
                0x00000000200037e0        0x4 ./drivers/fsl_enet.o
 .bss.s_enetRxIsr
                0x00000000200037e4        0x4 ./drivers/fsl_enet.o
 .bss.s_enetTxIsr
                0x00000000200037e8        0x4 ./drivers/fsl_enet.o
 .bss.s_uartHandle
                0x00000000200037ec       0x18 ./drivers/fsl_uart.o
 .bss.s_uartIsr
                0x0000000020003804        0x4 ./drivers/fsl_uart.o
 .bss.__end_of_heap
                0x0000000020003808        0x4 /usr/local/mcuxpressoide-11.3.1_5262/ide/plugins/com.nxp.mcuxpresso.tools.linux_11.3.0.202011031536/tools/bin/../lib/gcc/arm-none-eabi/9.3.1/../../../../arm-none-eabi/lib/thumb/v7e-m+fp/hard/libcr_c.a(__init_alloc.o)
                0x0000000020003808                __end_of_heap
 .bss.__heaps   0x000000002000380c        0x4 /usr/local/mcuxpressoide-11.3.1_5262/ide/plugins/com.nxp.mcuxpresso.tools.linux_11.3.0.202011031536/tools/bin/../lib/gcc/arm-none-eabi/9.3.1/../../../../arm-none-eabi/lib/thumb/v7e-m+fp/hard/libcr_c.a(__init_alloc.o)
                0x000000002000380c                __heaps
 .bss.errno     0x0000000020003810        0x4 /usr/local/mcuxpressoide-11.3.1_5262/ide/plugins/com.nxp.mcuxpresso.tools.linux_11.3.0.202011031536/tools/bin/../lib/gcc/arm-none-eabi/9.3.1/../../../../arm-none-eabi/lib/thumb/v7e-m+fp/hard/libcr_c.a(errno.o)
                0x0000000020003810                errno
 .bss.__Ciob    0x0000000020003814       0xb4 /usr/local/mcuxpressoide-11.3.1_5262/ide/plugins/com.nxp.mcuxpresso.tools.linux_11.3.0.202011031536/tools/bin/../lib/gcc/arm-none-eabi/9.3.1/../../../../arm-none-eabi/lib/thumb/v7e-m+fp/hard/libcr_semihost_nf.a(__ciob.o)
                0x0000000020003814                __Ciob
 *(SORT_BY_ALIGNMENT(COMMON))
                0x00000000200038c8                . = ALIGN (0x8)
                0x00000000200038c8                _ebss = .
                [!provide]                        PROVIDE (__end_bss_RAM = .)
                [!provide]                        PROVIDE (__end_bss_SRAM_UPPER = .)
                [!provide]                        PROVIDE (end = .)

.noinit_RAM2    0x000000001fff0000        0x0
                [!provide]                        PROVIDE (__start_noinit_RAM2 = .)
                [!provide]                        PROVIDE (__start_noinit_SRAM_LOWER = .)
 *(SORT_BY_ALIGNMENT(.noinit.$RAM2))
 *(SORT_BY_ALIGNMENT(.noinit.$SRAM_LOWER))
 *(SORT_BY_ALIGNMENT(.noinit.$RAM2.*))
 *(SORT_BY_ALIGNMENT(.noinit.$SRAM_LOWER.*))
                0x000000001fff0000                . = ALIGN (0x8)
                [!provide]                        PROVIDE (__end_noinit_RAM2 = .)
                [!provide]                        PROVIDE (__end_noinit_SRAM_LOWER = .)

.noinit_RAM3    0x0000000014000000        0x0
                [!provide]                        PROVIDE (__start_noinit_RAM3 = .)
                [!provide]                        PROVIDE (__start_noinit_FLEX_RAM = .)
 *(SORT_BY_ALIGNMENT(.noinit.$RAM3))
 *(SORT_BY_ALIGNMENT(.noinit.$FLEX_RAM))
 *(SORT_BY_ALIGNMENT(.noinit.$RAM3.*))
 *(SORT_BY_ALIGNMENT(.noinit.$FLEX_RAM.*))
                0x0000000014000000                . = ALIGN (0x8)
                [!provide]                        PROVIDE (__end_noinit_RAM3 = .)
                [!provide]                        PROVIDE (__end_noinit_FLEX_RAM = .)

.noinit         0x00000000200038c8        0x0
                0x00000000200038c8                _noinit = .
                [!provide]                        PROVIDE (__start_noinit_RAM = .)
                [!provide]                        PROVIDE (__start_noinit_SRAM_UPPER = .)
 *(SORT_BY_ALIGNMENT(.noinit*))
                0x00000000200038c8                . = ALIGN (0x8)
                0x00000000200038c8                _end_noinit = .
                [!provide]                        PROVIDE (__end_noinit_RAM = .)
                [!provide]                        PROVIDE (__end_noinit_SRAM_UPPER = .)
                0x0000000000001000                _HeapSize = 0x1000

.heap           0x00000000200038c8     0x1000
                0x00000000200038c8                _pvHeapStart = .
                0x00000000200048c8                . = (. + _HeapSize)
 *fill*         0x00000000200038c8     0x1000 
                0x00000000200048c8                . = ALIGN (0x8)
                0x00000000200048c8                _pvHeapLimit = .
                0x0000000000001000                _StackSize = 0x1000

.heap2stackfill
                0x00000000200048c8     0x1000
                0x00000000200058c8                . = (. + _StackSize)
 *fill*         0x00000000200048c8     0x1000 

.stack          0x000000002002f000        0x0
                0x000000002002f000                _vStackBase = .
                0x000000002002f000                . = ALIGN (0x8)
                0x0000000020030000                _vStackTop = (. + _StackSize)
                0x0000000000000000                _image_start = LOADADDR (.text)
                0x0000000000001f10                _image_end = (LOADADDR (.data) + SIZEOF (.data))
                0x0000000000001f10                _image_size = (_image_end - _image_start)
OUTPUT(twrk64f120m_enet_txrx_transfer.axf elf32-littlearm)
LOAD linker stubs

.debug_info     0x0000000000000000     0xe0f7
 .debug_info    0x0000000000000000      0xccb ./startup/startup_mk64f12.o
 .debug_info    0x0000000000000ccb     0x1b1c ./source/enet_txrx_transfer.o
 .debug_info    0x00000000000027e7       0x38 ./source/semihost_hardfault.o
 .debug_info    0x000000000000281f     0x2872 ./drivers/fsl_clock.o
 .debug_info    0x0000000000005091     0x2ee3 ./drivers/fsl_enet.o
 .debug_info    0x0000000000007f74     0x244d ./drivers/fsl_uart.o
 .debug_info    0x000000000000a3c1      0x6b4 ./device/system_MK64F12.o
 .debug_info    0x000000000000aa75      0x670 ./board/board.o
 .debug_info    0x000000000000b0e5      0xd82 ./board/clock_config.o
 .debug_info    0x000000000000be67     0x13c4 ./board/fsl_phy.o
 .debug_info    0x000000000000d22b      0xecc ./board/pin_mux.o

.debug_abbrev   0x0000000000000000     0x1e4a
 .debug_abbrev  0x0000000000000000      0x1c0 ./startup/startup_mk64f12.o
 .debug_abbrev  0x00000000000001c0      0x2de ./source/enet_txrx_transfer.o
 .debug_abbrev  0x000000000000049e       0x2e ./source/semihost_hardfault.o
 .debug_abbrev  0x00000000000004cc      0x4ab ./drivers/fsl_clock.o
 .debug_abbrev  0x0000000000000977      0x47c ./drivers/fsl_enet.o
 .debug_abbrev  0x0000000000000df3      0x46f ./drivers/fsl_uart.o
 .debug_abbrev  0x0000000000001262      0x17b ./device/system_MK64F12.o
 .debug_abbrev  0x00000000000013dd      0x1b5 ./board/board.o
 .debug_abbrev  0x0000000000001592      0x2da ./board/clock_config.o
 .debug_abbrev  0x000000000000186c      0x34d ./board/fsl_phy.o
 .debug_abbrev  0x0000000000001bb9      0x291 ./board/pin_mux.o

.debug_loc      0x0000000000000000     0x57dc
 .debug_loc     0x0000000000000000      0x16a ./startup/startup_mk64f12.o
 .debug_loc     0x000000000000016a      0x100 ./source/enet_txrx_transfer.o
 .debug_loc     0x000000000000026a     0x15f0 ./drivers/fsl_clock.o
 .debug_loc     0x000000000000185a     0x17ca ./drivers/fsl_enet.o
 .debug_loc     0x0000000000003024     0x1666 ./drivers/fsl_uart.o
 .debug_loc     0x000000000000468a       0xe6 ./device/system_MK64F12.o
 .debug_loc     0x0000000000004770       0x7b ./board/clock_config.o
 .debug_loc     0x00000000000047eb      0x8d7 ./board/fsl_phy.o
 .debug_loc     0x00000000000050c2      0x71a ./board/pin_mux.o

.debug_aranges  0x0000000000000000      0x808
 .debug_aranges
                0x0000000000000000      0x308 ./startup/startup_mk64f12.o
 .debug_aranges
                0x0000000000000308       0x20 ./source/enet_txrx_transfer.o
 .debug_aranges
                0x0000000000000328       0x20 ./source/semihost_hardfault.o
 .debug_aranges
                0x0000000000000348      0x1a0 ./drivers/fsl_clock.o
 .debug_aranges
                0x00000000000004e8       0xf0 ./drivers/fsl_enet.o
 .debug_aranges
                0x00000000000005d8      0x148 ./drivers/fsl_uart.o
 .debug_aranges
                0x0000000000000720       0x30 ./device/system_MK64F12.o
 .debug_aranges
                0x0000000000000750       0x20 ./board/board.o
 .debug_aranges
                0x0000000000000770       0x30 ./board/clock_config.o
 .debug_aranges
                0x00000000000007a0       0x48 ./board/fsl_phy.o
 .debug_aranges
                0x00000000000007e8       0x20 ./board/pin_mux.o

.debug_ranges   0x0000000000000000      0xb70
 .debug_ranges  0x0000000000000000      0x2f8 ./startup/startup_mk64f12.o
 .debug_ranges  0x00000000000002f8       0x28 ./source/enet_txrx_transfer.o
 .debug_ranges  0x0000000000000320       0x10 ./source/semihost_hardfault.o
 .debug_ranges  0x0000000000000330      0x290 ./drivers/fsl_clock.o
 .debug_ranges  0x00000000000005c0      0x258 ./drivers/fsl_enet.o
 .debug_ranges  0x0000000000000818      0x198 ./drivers/fsl_uart.o
 .debug_ranges  0x00000000000009b0       0x20 ./device/system_MK64F12.o
 .debug_ranges  0x00000000000009d0       0x10 ./board/board.o
 .debug_ranges  0x00000000000009e0       0x88 ./board/clock_config.o
 .debug_ranges  0x0000000000000a68       0xb0 ./board/fsl_phy.o
 .debug_ranges  0x0000000000000b18       0x58 ./board/pin_mux.o

.debug_line     0x0000000000000000     0x6b86
 .debug_line    0x0000000000000000      0xc69 ./startup/startup_mk64f12.o
 .debug_line    0x0000000000000c69      0x4ef ./source/enet_txrx_transfer.o
 .debug_line    0x0000000000001158       0x5b ./source/semihost_hardfault.o
 .debug_line    0x00000000000011b3     0x19a2 ./drivers/fsl_clock.o
 .debug_line    0x0000000000002b55     0x1302 ./drivers/fsl_enet.o
 .debug_line    0x0000000000003e57     0x1610 ./drivers/fsl_uart.o
 .debug_line    0x0000000000005467      0x396 ./device/system_MK64F12.o
 .debug_line    0x00000000000057fd      0x332 ./board/board.o
 .debug_line    0x0000000000005b2f      0x3bf ./board/clock_config.o
 .debug_line    0x0000000000005eee      0x69b ./board/fsl_phy.o
 .debug_line    0x0000000000006589      0x5fd ./board/pin_mux.o

.debug_str      0x0000000000000000     0x5739
 .debug_str     0x0000000000000000      0x914 ./startup/startup_mk64f12.o
                                        0x93b (size before relaxing)
 .debug_str     0x0000000000000914     0x1aa7 ./source/enet_txrx_transfer.o
                                       0x1c66 (size before relaxing)
 .debug_str     0x00000000000023bb       0x1f ./source/semihost_hardfault.o
                                        0x14b (size before relaxing)
 .debug_str     0x00000000000023da      0xf35 ./drivers/fsl_clock.o
                                       0x1f53 (size before relaxing)
 .debug_str     0x000000000000330f      0xdfd ./drivers/fsl_enet.o
                                       0x25dc (size before relaxing)
 .debug_str     0x000000000000410c      0xd8a ./drivers/fsl_uart.o
                                       0x20d7 (size before relaxing)
 .debug_str     0x0000000000004e96      0x107 ./device/system_MK64F12.o
                                        0x3fb (size before relaxing)
 .debug_str     0x0000000000004f9d       0xbe ./board/board.o
                                        0x818 (size before relaxing)
 .debug_str     0x000000000000505b      0x24c ./board/clock_config.o
                                       0x11ad (size before relaxing)
 .debug_str     0x00000000000052a7      0x123 ./board/fsl_phy.o
                                        0xcfb (size before relaxing)
 .debug_str     0x00000000000053ca      0x36f ./board/pin_mux.o
                                        0x928 (size before relaxing)

.comment        0x0000000000000000       0x4c
 .comment       0x0000000000000000       0x4c ./startup/startup_mk64f12.o
                                         0x4d (size before relaxing)
 .comment       0x000000000000004c       0x4d ./source/enet_txrx_transfer.o
 .comment       0x000000000000004c       0x4d ./source/semihost_hardfault.o
 .comment       0x000000000000004c       0x4d ./drivers/fsl_clock.o
 .comment       0x000000000000004c       0x4d ./drivers/fsl_enet.o
 .comment       0x000000000000004c       0x4d ./drivers/fsl_uart.o
 .comment       0x000000000000004c       0x4d ./device/system_MK64F12.o
 .comment       0x000000000000004c       0x4d ./board/board.o
 .comment       0x000000000000004c       0x4d ./board/clock_config.o
 .comment       0x000000000000004c       0x4d ./board/fsl_phy.o
 .comment       0x000000000000004c       0x4d ./board/pin_mux.o
 .comment       0x000000000000004c       0x4d /usr/local/mcuxpressoide-11.3.1_5262/ide/plugins/com.nxp.mcuxpresso.tools.linux_11.3.0.202011031536/tools/bin/../lib/gcc/arm-none-eabi/9.3.1/../../../../arm-none-eabi/lib/thumb/v7e-m+fp/hard/libcr_semihost_nf.a(_cr__main.o)
 .comment       0x000000000000004c       0x4d /usr/local/mcuxpressoide-11.3.1_5262/ide/plugins/com.nxp.mcuxpresso.tools.linux_11.3.0.202011031536/tools/bin/../lib/gcc/arm-none-eabi/9.3.1/../../../../arm-none-eabi/lib/thumb/v7e-m+fp/hard/libcr_c.a(memcpy.o)
 .comment       0x000000000000004c       0x4d /usr/local/mcuxpressoide-11.3.1_5262/ide/plugins/com.nxp.mcuxpresso.tools.linux_11.3.0.202011031536/tools/bin/../lib/gcc/arm-none-eabi/9.3.1/../../../../arm-none-eabi/lib/thumb/v7e-m+fp/hard/libcr_c.a(memset.o)
 .comment       0x000000000000004c       0x4d /usr/local/mcuxpressoide-11.3.1_5262/ide/plugins/com.nxp.mcuxpresso.tools.linux_11.3.0.202011031536/tools/bin/../lib/gcc/arm-none-eabi/9.3.1/../../../../arm-none-eabi/lib/thumb/v7e-m+fp/hard/libcr_c.a(alloc.o)
 .comment       0x000000000000004c       0x4d /usr/local/mcuxpressoide-11.3.1_5262/ide/plugins/com.nxp.mcuxpresso.tools.linux_11.3.0.202011031536/tools/bin/../lib/gcc/arm-none-eabi/9.3.1/../../../../arm-none-eabi/lib/thumb/v7e-m+fp/hard/libcr_c.a(initio.o)
 .comment       0x000000000000004c       0x4d /usr/local/mcuxpressoide-11.3.1_5262/ide/plugins/com.nxp.mcuxpresso.tools.linux_11.3.0.202011031536/tools/bin/../lib/gcc/arm-none-eabi/9.3.1/../../../../arm-none-eabi/lib/thumb/v7e-m+fp/hard/libcr_c.a(setvbuf.o)
 .comment       0x000000000000004c       0x4d /usr/local/mcuxpressoide-11.3.1_5262/ide/plugins/com.nxp.mcuxpresso.tools.linux_11.3.0.202011031536/tools/bin/../lib/gcc/arm-none-eabi/9.3.1/../../../../arm-none-eabi/lib/thumb/v7e-m+fp/hard/libcr_c.a(strlen.o)
 .comment       0x000000000000004c       0x4d /usr/local/mcuxpressoide-11.3.1_5262/ide/plugins/com.nxp.mcuxpresso.tools.linux_11.3.0.202011031536/tools/bin/../lib/gcc/arm-none-eabi/9.3.1/../../../../arm-none-eabi/lib/thumb/v7e-m+fp/hard/libcr_c.a(__init_alloc.o)
 .comment       0x000000000000004c       0x4d /usr/local/mcuxpressoide-11.3.1_5262/ide/plugins/com.nxp.mcuxpresso.tools.linux_11.3.0.202011031536/tools/bin/../lib/gcc/arm-none-eabi/9.3.1/../../../../arm-none-eabi/lib/thumb/v7e-m+fp/hard/libcr_c.a(_cr_sbrk.o)
 .comment       0x000000000000004c       0x4d /usr/local/mcuxpressoide-11.3.1_5262/ide/plugins/com.nxp.mcuxpresso.tools.linux_11.3.0.202011031536/tools/bin/../lib/gcc/arm-none-eabi/9.3.1/../../../../arm-none-eabi/lib/thumb/v7e-m+fp/hard/libcr_c.a(_fdopen.o)
 .comment       0x000000000000004c       0x4d /usr/local/mcuxpressoide-11.3.1_5262/ide/plugins/com.nxp.mcuxpresso.tools.linux_11.3.0.202011031536/tools/bin/../lib/gcc/arm-none-eabi/9.3.1/../../../../arm-none-eabi/lib/thumb/v7e-m+fp/hard/libcr_c.a(errno.o)
 .comment       0x000000000000004c       0x4d /usr/local/mcuxpressoide-11.3.1_5262/ide/plugins/com.nxp.mcuxpresso.tools.linux_11.3.0.202011031536/tools/bin/../lib/gcc/arm-none-eabi/9.3.1/../../../../arm-none-eabi/lib/thumb/v7e-m+fp/hard/libcr_c.a(fclose.o)
 .comment       0x000000000000004c       0x4d /usr/local/mcuxpressoide-11.3.1_5262/ide/plugins/com.nxp.mcuxpresso.tools.linux_11.3.0.202011031536/tools/bin/../lib/gcc/arm-none-eabi/9.3.1/../../../../arm-none-eabi/lib/thumb/v7e-m+fp/hard/libcr_c.a(fflush.o)
 .comment       0x000000000000004c       0x4d /usr/local/mcuxpressoide-11.3.1_5262/ide/plugins/com.nxp.mcuxpresso.tools.linux_11.3.0.202011031536/tools/bin/../lib/gcc/arm-none-eabi/9.3.1/../../../../arm-none-eabi/lib/thumb/v7e-m+fp/hard/libcr_c.a(fseek.o)
 .comment       0x000000000000004c       0x4d /usr/local/mcuxpressoide-11.3.1_5262/ide/plugins/com.nxp.mcuxpresso.tools.linux_11.3.0.202011031536/tools/bin/../lib/gcc/arm-none-eabi/9.3.1/../../../../arm-none-eabi/lib/thumb/v7e-m+fp/hard/libcr_c.a(ftell.o)
 .comment       0x000000000000004c       0x4d /usr/local/mcuxpressoide-11.3.1_5262/ide/plugins/com.nxp.mcuxpresso.tools.linux_11.3.0.202011031536/tools/bin/../lib/gcc/arm-none-eabi/9.3.1/../../../../arm-none-eabi/lib/thumb/v7e-m+fp/hard/libcr_c.a(remove.o)
 .comment       0x000000000000004c       0x4d /usr/local/mcuxpressoide-11.3.1_5262/ide/plugins/com.nxp.mcuxpresso.tools.linux_11.3.0.202011031536/tools/bin/../lib/gcc/arm-none-eabi/9.3.1/../../../../arm-none-eabi/lib/thumb/v7e-m+fp/hard/libcr_c.a(_cr_check_heap.o)
 .comment       0x000000000000004c       0x4d /usr/local/mcuxpressoide-11.3.1_5262/ide/plugins/com.nxp.mcuxpresso.tools.linux_11.3.0.202011031536/tools/bin/../lib/gcc/arm-none-eabi/9.3.1/../../../../arm-none-eabi/lib/thumb/v7e-m+fp/hard/libcr_c.a(_do_fflush.o)
 .comment       0x000000000000004c       0x4d /usr/local/mcuxpressoide-11.3.1_5262/ide/plugins/com.nxp.mcuxpresso.tools.linux_11.3.0.202011031536/tools/bin/../lib/gcc/arm-none-eabi/9.3.1/../../../../arm-none-eabi/lib/thumb/v7e-m+fp/hard/libcr_c.a(_fflush.o)
 .comment       0x000000000000004c       0x4d /usr/local/mcuxpressoide-11.3.1_5262/ide/plugins/com.nxp.mcuxpresso.tools.linux_11.3.0.202011031536/tools/bin/../lib/gcc/arm-none-eabi/9.3.1/../../../../arm-none-eabi/lib/thumb/v7e-m+fp/hard/libcr_c.a(_writebuf.o)
 .comment       0x000000000000004c       0x4d /usr/local/mcuxpressoide-11.3.1_5262/ide/plugins/com.nxp.mcuxpresso.tools.linux_11.3.0.202011031536/tools/bin/../lib/gcc/arm-none-eabi/9.3.1/../../../../arm-none-eabi/lib/thumb/v7e-m+fp/hard/libcr_c.a(_deferredlazyseek.o)
 .comment       0x000000000000004c       0x4d /usr/local/mcuxpressoide-11.3.1_5262/ide/plugins/com.nxp.mcuxpresso.tools.linux_11.3.0.202011031536/tools/bin/../lib/gcc/arm-none-eabi/9.3.1/../../../../arm-none-eabi/lib/thumb/v7e-m+fp/hard/libcr_semihost_nf.a(__ciob.o)

.ARM.attributes
                0x0000000000000000       0x37
 .ARM.attributes
                0x0000000000000000       0x34 ./startup/startup_mk64f12.o
 .ARM.attributes
                0x0000000000000034       0x34 ./source/enet_txrx_transfer.o
 .ARM.attributes
                0x0000000000000068       0x34 ./source/semihost_hardfault.o
 .ARM.attributes
                0x000000000000009c       0x34 ./drivers/fsl_clock.o
 .ARM.attributes
                0x00000000000000d0       0x34 ./drivers/fsl_enet.o
 .ARM.attributes
                0x0000000000000104       0x34 ./drivers/fsl_uart.o
 .ARM.attributes
                0x0000000000000138       0x34 ./device/system_MK64F12.o
 .ARM.attributes
                0x000000000000016c       0x34 ./board/board.o
 .ARM.attributes
                0x00000000000001a0       0x34 ./board/clock_config.o
 .ARM.attributes
                0x00000000000001d4       0x34 ./board/fsl_phy.o
 .ARM.attributes
                0x0000000000000208       0x34 ./board/pin_mux.o
 .ARM.attributes
                0x000000000000023c       0x34 /usr/local/mcuxpressoide-11.3.1_5262/ide/plugins/com.nxp.mcuxpresso.tools.linux_11.3.0.202011031536/tools/bin/../lib/gcc/arm-none-eabi/9.3.1/../../../../arm-none-eabi/lib/thumb/v7e-m+fp/hard/libcr_semihost_nf.a(_cr__main.o)
 .ARM.attributes
                0x0000000000000270       0x34 /usr/local/mcuxpressoide-11.3.1_5262/ide/plugins/com.nxp.mcuxpresso.tools.linux_11.3.0.202011031536/tools/bin/../lib/gcc/arm-none-eabi/9.3.1/../../../../arm-none-eabi/lib/thumb/v7e-m+fp/hard/libcr_c.a(memcpy.o)
 .ARM.attributes
                0x00000000000002a4       0x34 /usr/local/mcuxpressoide-11.3.1_5262/ide/plugins/com.nxp.mcuxpresso.tools.linux_11.3.0.202011031536/tools/bin/../lib/gcc/arm-none-eabi/9.3.1/../../../../arm-none-eabi/lib/thumb/v7e-m+fp/hard/libcr_c.a(memset.o)
 .ARM.attributes
                0x00000000000002d8       0x34 /usr/local/mcuxpressoide-11.3.1_5262/ide/plugins/com.nxp.mcuxpresso.tools.linux_11.3.0.202011031536/tools/bin/../lib/gcc/arm-none-eabi/9.3.1/../../../../arm-none-eabi/lib/thumb/v7e-m+fp/hard/libcr_c.a(alloc.o)
 .ARM.attributes
                0x000000000000030c       0x34 /usr/local/mcuxpressoide-11.3.1_5262/ide/plugins/com.nxp.mcuxpresso.tools.linux_11.3.0.202011031536/tools/bin/../lib/gcc/arm-none-eabi/9.3.1/../../../../arm-none-eabi/lib/thumb/v7e-m+fp/hard/libcr_c.a(initio.o)
 .ARM.attributes
                0x0000000000000340       0x34 /usr/local/mcuxpressoide-11.3.1_5262/ide/plugins/com.nxp.mcuxpresso.tools.linux_11.3.0.202011031536/tools/bin/../lib/gcc/arm-none-eabi/9.3.1/../../../../arm-none-eabi/lib/thumb/v7e-m+fp/hard/libcr_c.a(setvbuf.o)
 .ARM.attributes
                0x0000000000000374       0x34 /usr/local/mcuxpressoide-11.3.1_5262/ide/plugins/com.nxp.mcuxpresso.tools.linux_11.3.0.202011031536/tools/bin/../lib/gcc/arm-none-eabi/9.3.1/../../../../arm-none-eabi/lib/thumb/v7e-m+fp/hard/libcr_c.a(strlen.o)
 .ARM.attributes
                0x00000000000003a8       0x34 /usr/local/mcuxpressoide-11.3.1_5262/ide/plugins/com.nxp.mcuxpresso.tools.linux_11.3.0.202011031536/tools/bin/../lib/gcc/arm-none-eabi/9.3.1/../../../../arm-none-eabi/lib/thumb/v7e-m+fp/hard/libcr_c.a(__init_alloc.o)
 .ARM.attributes
                0x00000000000003dc       0x34 /usr/local/mcuxpressoide-11.3.1_5262/ide/plugins/com.nxp.mcuxpresso.tools.linux_11.3.0.202011031536/tools/bin/../lib/gcc/arm-none-eabi/9.3.1/../../../../arm-none-eabi/lib/thumb/v7e-m+fp/hard/libcr_c.a(_cr_sbrk.o)
 .ARM.attributes
                0x0000000000000410       0x34 /usr/local/mcuxpressoide-11.3.1_5262/ide/plugins/com.nxp.mcuxpresso.tools.linux_11.3.0.202011031536/tools/bin/../lib/gcc/arm-none-eabi/9.3.1/../../../../arm-none-eabi/lib/thumb/v7e-m+fp/hard/libcr_c.a(_fdopen.o)
 .ARM.attributes
                0x0000000000000444       0x39 /usr/local/mcuxpressoide-11.3.1_5262/ide/plugins/com.nxp.mcuxpresso.tools.linux_11.3.0.202011031536/tools/bin/../lib/gcc/arm-none-eabi/9.3.1/../../../../arm-none-eabi/lib/thumb/v7e-m+fp/hard/libcr_c.a(errno.o)
 .ARM.attributes
                0x000000000000047d       0x34 /usr/local/mcuxpressoide-11.3.1_5262/ide/plugins/com.nxp.mcuxpresso.tools.linux_11.3.0.202011031536/tools/bin/../lib/gcc/arm-none-eabi/9.3.1/../../../../arm-none-eabi/lib/thumb/v7e-m+fp/hard/libcr_c.a(fclose.o)
 .ARM.attributes
                0x00000000000004b1       0x34 /usr/local/mcuxpressoide-11.3.1_5262/ide/plugins/com.nxp.mcuxpresso.tools.linux_11.3.0.202011031536/tools/bin/../lib/gcc/arm-none-eabi/9.3.1/../../../../arm-none-eabi/lib/thumb/v7e-m+fp/hard/libcr_c.a(fflush.o)
 .ARM.attributes
                0x00000000000004e5       0x34 /usr/local/mcuxpressoide-11.3.1_5262/ide/plugins/com.nxp.mcuxpresso.tools.linux_11.3.0.202011031536/tools/bin/../lib/gcc/arm-none-eabi/9.3.1/../../../../arm-none-eabi/lib/thumb/v7e-m+fp/hard/libcr_c.a(fseek.o)
 .ARM.attributes
                0x0000000000000519       0x34 /usr/local/mcuxpressoide-11.3.1_5262/ide/plugins/com.nxp.mcuxpresso.tools.linux_11.3.0.202011031536/tools/bin/../lib/gcc/arm-none-eabi/9.3.1/../../../../arm-none-eabi/lib/thumb/v7e-m+fp/hard/libcr_c.a(ftell.o)
 .ARM.attributes
                0x000000000000054d       0x34 /usr/local/mcuxpressoide-11.3.1_5262/ide/plugins/com.nxp.mcuxpresso.tools.linux_11.3.0.202011031536/tools/bin/../lib/gcc/arm-none-eabi/9.3.1/../../../../arm-none-eabi/lib/thumb/v7e-m+fp/hard/libcr_c.a(remove.o)
 .ARM.attributes
                0x0000000000000581       0x34 /usr/local/mcuxpressoide-11.3.1_5262/ide/plugins/com.nxp.mcuxpresso.tools.linux_11.3.0.202011031536/tools/bin/../lib/gcc/arm-none-eabi/9.3.1/../../../../arm-none-eabi/lib/thumb/v7e-m+fp/hard/libcr_c.a(_cr_check_heap.o)
 .ARM.attributes
                0x00000000000005b5       0x34 /usr/local/mcuxpressoide-11.3.1_5262/ide/plugins/com.nxp.mcuxpresso.tools.linux_11.3.0.202011031536/tools/bin/../lib/gcc/arm-none-eabi/9.3.1/../../../../arm-none-eabi/lib/thumb/v7e-m+fp/hard/libcr_c.a(_do_fflush.o)
 .ARM.attributes
                0x00000000000005e9       0x34 /usr/local/mcuxpressoide-11.3.1_5262/ide/plugins/com.nxp.mcuxpresso.tools.linux_11.3.0.202011031536/tools/bin/../lib/gcc/arm-none-eabi/9.3.1/../../../../arm-none-eabi/lib/thumb/v7e-m+fp/hard/libcr_c.a(_fflush.o)
 .ARM.attributes
                0x000000000000061d       0x34 /usr/local/mcuxpressoide-11.3.1_5262/ide/plugins/com.nxp.mcuxpresso.tools.linux_11.3.0.202011031536/tools/bin/../lib/gcc/arm-none-eabi/9.3.1/../../../../arm-none-eabi/lib/thumb/v7e-m+fp/hard/libcr_c.a(_writebuf.o)
 .ARM.attributes
                0x0000000000000651       0x34 /usr/local/mcuxpressoide-11.3.1_5262/ide/plugins/com.nxp.mcuxpresso.tools.linux_11.3.0.202011031536/tools/bin/../lib/gcc/arm-none-eabi/9.3.1/../../../../arm-none-eabi/lib/thumb/v7e-m+fp/hard/libcr_c.a(_deferredlazyseek.o)
 .ARM.attributes
                0x0000000000000685       0x20 /usr/local/mcuxpressoide-11.3.1_5262/ide/plugins/com.nxp.mcuxpresso.tools.linux_11.3.0.202011031536/tools/bin/../lib/gcc/arm-none-eabi/9.3.1/thumb/v7e-m+fp/hard/libcr_eabihelpers.a(memcpy.o)
 .ARM.attributes
                0x00000000000006a5       0x39 /usr/local/mcuxpressoide-11.3.1_5262/ide/plugins/com.nxp.mcuxpresso.tools.linux_11.3.0.202011031536/tools/bin/../lib/gcc/arm-none-eabi/9.3.1/../../../../arm-none-eabi/lib/thumb/v7e-m+fp/hard/libcr_semihost_nf.a(__ciob.o)
 .ARM.attributes
                0x00000000000006de       0x20 /usr/local/mcuxpressoide-11.3.1_5262/ide/plugins/com.nxp.mcuxpresso.tools.linux_11.3.0.202011031536/tools/bin/../lib/gcc/arm-none-eabi/9.3.1/../../../../arm-none-eabi/lib/thumb/v7e-m+fp/hard/libcr_semihost_nf.a(__sys_close.o)
 .ARM.attributes
                0x00000000000006fe       0x20 /usr/local/mcuxpressoide-11.3.1_5262/ide/plugins/com.nxp.mcuxpresso.tools.linux_11.3.0.202011031536/tools/bin/../lib/gcc/arm-none-eabi/9.3.1/../../../../arm-none-eabi/lib/thumb/v7e-m+fp/hard/libcr_semihost_nf.a(__sys_flen.o)
 .ARM.attributes
                0x000000000000071e       0x20 /usr/local/mcuxpressoide-11.3.1_5262/ide/plugins/com.nxp.mcuxpresso.tools.linux_11.3.0.202011031536/tools/bin/../lib/gcc/arm-none-eabi/9.3.1/../../../../arm-none-eabi/lib/thumb/v7e-m+fp/hard/libcr_semihost_nf.a(__sys_istty.o)
 .ARM.attributes
                0x000000000000073e       0x20 /usr/local/mcuxpressoide-11.3.1_5262/ide/plugins/com.nxp.mcuxpresso.tools.linux_11.3.0.202011031536/tools/bin/../lib/gcc/arm-none-eabi/9.3.1/../../../../arm-none-eabi/lib/thumb/v7e-m+fp/hard/libcr_semihost_nf.a(__sys_remove.o)
 .ARM.attributes
                0x000000000000075e       0x20 /usr/local/mcuxpressoide-11.3.1_5262/ide/plugins/com.nxp.mcuxpresso.tools.linux_11.3.0.202011031536/tools/bin/../lib/gcc/arm-none-eabi/9.3.1/../../../../arm-none-eabi/lib/thumb/v7e-m+fp/hard/libcr_semihost_nf.a(__sys_seek.o)
 .ARM.attributes
                0x000000000000077e       0x20 /usr/local/mcuxpressoide-11.3.1_5262/ide/plugins/com.nxp.mcuxpresso.tools.linux_11.3.0.202011031536/tools/bin/../lib/gcc/arm-none-eabi/9.3.1/../../../../arm-none-eabi/lib/thumb/v7e-m+fp/hard/libcr_semihost_nf.a(__sys_tmpnam.o)
 .ARM.attributes
                0x000000000000079e       0x20 /usr/local/mcuxpressoide-11.3.1_5262/ide/plugins/com.nxp.mcuxpresso.tools.linux_11.3.0.202011031536/tools/bin/../lib/gcc/arm-none-eabi/9.3.1/../../../../arm-none-eabi/lib/thumb/v7e-m+fp/hard/libcr_semihost_nf.a(__sys_write.o)

.debug_frame    0x0000000000000000     0x1624
 .debug_frame   0x0000000000000000      0x904 ./startup/startup_mk64f12.o
 .debug_frame   0x0000000000000904       0x38 ./source/enet_txrx_transfer.o
 .debug_frame   0x000000000000093c       0x20 ./source/semihost_hardfault.o
 .debug_frame   0x000000000000095c      0x4c0 ./drivers/fsl_clock.o
 .debug_frame   0x0000000000000e1c      0x2c0 ./drivers/fsl_enet.o
 .debug_frame   0x00000000000010dc      0x39c ./drivers/fsl_uart.o
 .debug_frame   0x0000000000001478       0x48 ./device/system_MK64F12.o
 .debug_frame   0x00000000000014c0       0x20 ./board/board.o
 .debug_frame   0x00000000000014e0       0x50 ./board/clock_config.o
 .debug_frame   0x0000000000001530       0xd4 ./board/fsl_phy.o
 .debug_frame   0x0000000000001604       0x20 ./board/pin_mux.o

Cross Reference Table

Symbol                                            File
ADC0_DriverIRQHandler                             ./startup/startup_mk64f12.o
ADC0_IRQHandler                                   ./startup/startup_mk64f12.o
ADC1_DriverIRQHandler                             ./startup/startup_mk64f12.o
ADC1_IRQHandler                                   ./startup/startup_mk64f12.o
BOARD_BootClockRUN                                ./board/clock_config.o
                                                  ./source/enet_txrx_transfer.o
BOARD_BootClockVLPR                               ./board/clock_config.o
BOARD_InitBootClocks                              ./board/clock_config.o
BOARD_InitDebugConsole                            ./board/board.o
                                                  ./source/enet_txrx_transfer.o
BOARD_InitPins                                    ./board/pin_mux.o
                                                  ./source/enet_txrx_transfer.o
BusFault_Handler                                  ./startup/startup_mk64f12.o
CAN0_Bus_Off_IRQHandler                           ./startup/startup_mk64f12.o
CAN0_DriverIRQHandler                             ./startup/startup_mk64f12.o
CAN0_Error_IRQHandler                             ./startup/startup_mk64f12.o
CAN0_ORed_Message_buffer_IRQHandler               ./startup/startup_mk64f12.o
CAN0_Rx_Warning_IRQHandler                        ./startup/startup_mk64f12.o
CAN0_Tx_Warning_IRQHandler                        ./startup/startup_mk64f12.o
CAN0_Wake_Up_IRQHandler                           ./startup/startup_mk64f12.o
CLOCK_BootToBlpeMode                              ./drivers/fsl_clock.o
CLOCK_BootToBlpiMode                              ./drivers/fsl_clock.o
                                                  ./board/clock_config.o
CLOCK_BootToFeeMode                               ./drivers/fsl_clock.o
CLOCK_BootToFeiMode                               ./drivers/fsl_clock.o
CLOCK_BootToPeeMode                               ./drivers/fsl_clock.o
                                                  ./board/clock_config.o
CLOCK_CalcPllDiv                                  ./drivers/fsl_clock.o
CLOCK_ClearStatusFlags                            ./drivers/fsl_clock.o
CLOCK_DeinitOsc0                                  ./drivers/fsl_clock.o
CLOCK_EnablePll0                                  ./drivers/fsl_clock.o
CLOCK_EnableUsbfs0Clock                           ./drivers/fsl_clock.o
CLOCK_ExternalModeToFbeModeQuick                  ./drivers/fsl_clock.o
CLOCK_GetBusClkFreq                               ./drivers/fsl_clock.o
CLOCK_GetCoreSysClkFreq                           ./drivers/fsl_clock.o
                                                  ./board/board.o
CLOCK_GetEr32kClkFreq                             ./drivers/fsl_clock.o
CLOCK_GetFixedFreqClkFreq                         ./drivers/fsl_clock.o
CLOCK_GetFlashClkFreq                             ./drivers/fsl_clock.o
CLOCK_GetFlexBusClkFreq                           ./drivers/fsl_clock.o
CLOCK_GetFllFreq                                  ./drivers/fsl_clock.o
CLOCK_GetFreq                                     ./drivers/fsl_clock.o
                                                  ./source/enet_txrx_transfer.o
CLOCK_GetInternalRefClkFreq                       ./drivers/fsl_clock.o
CLOCK_GetMode                                     ./drivers/fsl_clock.o
CLOCK_GetOsc0ErClkFreq                            ./drivers/fsl_clock.o
CLOCK_GetOutClkFreq                               ./drivers/fsl_clock.o
CLOCK_GetPlatClkFreq                              ./drivers/fsl_clock.o
CLOCK_GetPll0Freq                                 ./drivers/fsl_clock.o
CLOCK_GetPllFllSelClkFreq                         ./drivers/fsl_clock.o
CLOCK_GetStatusFlags                              ./drivers/fsl_clock.o
CLOCK_InitOsc0                                    ./drivers/fsl_clock.o
                                                  ./board/clock_config.o
CLOCK_InternalModeToFbiModeQuick                  ./drivers/fsl_clock.o
CLOCK_SetBlpeMode                                 ./drivers/fsl_clock.o
CLOCK_SetBlpiMode                                 ./drivers/fsl_clock.o
CLOCK_SetExternalRefClkConfig                     ./drivers/fsl_clock.o
CLOCK_SetFastIrcFreq                              ./drivers/fsl_clock.o
CLOCK_SetFbeMode                                  ./drivers/fsl_clock.o
CLOCK_SetFbiMode                                  ./drivers/fsl_clock.o
CLOCK_SetFeeMode                                  ./drivers/fsl_clock.o
CLOCK_SetFeiMode                                  ./drivers/fsl_clock.o
CLOCK_SetInternalRefClkConfig                     ./drivers/fsl_clock.o
                                                  ./board/clock_config.o
CLOCK_SetMcgConfig                                ./drivers/fsl_clock.o
CLOCK_SetOsc0MonitorMode                          ./drivers/fsl_clock.o
CLOCK_SetPbeMode                                  ./drivers/fsl_clock.o
CLOCK_SetPeeMode                                  ./drivers/fsl_clock.o
CLOCK_SetPll0MonitorMode                          ./drivers/fsl_clock.o
CLOCK_SetRtcOscMonitorMode                        ./drivers/fsl_clock.o
CLOCK_SetSimConfig                                ./drivers/fsl_clock.o
                                                  ./board/clock_config.o
CLOCK_SetSlowIrcFreq                              ./drivers/fsl_clock.o
CLOCK_TrimInternalRefClk                          ./drivers/fsl_clock.o
CMP0_DriverIRQHandler                             ./startup/startup_mk64f12.o
CMP0_IRQHandler                                   ./startup/startup_mk64f12.o
CMP1_DriverIRQHandler                             ./startup/startup_mk64f12.o
CMP1_IRQHandler                                   ./startup/startup_mk64f12.o
CMP2_DriverIRQHandler                             ./startup/startup_mk64f12.o
CMP2_IRQHandler                                   ./startup/startup_mk64f12.o
CMT_DriverIRQHandler                              ./startup/startup_mk64f12.o
CMT_IRQHandler                                    ./startup/startup_mk64f12.o
DAC0_DriverIRQHandler                             ./startup/startup_mk64f12.o
DAC0_IRQHandler                                   ./startup/startup_mk64f12.o
DAC1_DriverIRQHandler                             ./startup/startup_mk64f12.o
DAC1_IRQHandler                                   ./startup/startup_mk64f12.o
DMA0_DriverIRQHandler                             ./startup/startup_mk64f12.o
DMA0_IRQHandler                                   ./startup/startup_mk64f12.o
DMA10_DriverIRQHandler                            ./startup/startup_mk64f12.o
DMA10_IRQHandler                                  ./startup/startup_mk64f12.o
DMA11_DriverIRQHandler                            ./startup/startup_mk64f12.o
DMA11_IRQHandler                                  ./startup/startup_mk64f12.o
DMA12_DriverIRQHandler                            ./startup/startup_mk64f12.o
DMA12_IRQHandler                                  ./startup/startup_mk64f12.o
DMA13_DriverIRQHandler                            ./startup/startup_mk64f12.o
DMA13_IRQHandler                                  ./startup/startup_mk64f12.o
DMA14_DriverIRQHandler                            ./startup/startup_mk64f12.o
DMA14_IRQHandler                                  ./startup/startup_mk64f12.o
DMA15_DriverIRQHandler                            ./startup/startup_mk64f12.o
DMA15_IRQHandler                                  ./startup/startup_mk64f12.o
DMA1_DriverIRQHandler                             ./startup/startup_mk64f12.o
DMA1_IRQHandler                                   ./startup/startup_mk64f12.o
DMA2_DriverIRQHandler                             ./startup/startup_mk64f12.o
DMA2_IRQHandler                                   ./startup/startup_mk64f12.o
DMA3_DriverIRQHandler                             ./startup/startup_mk64f12.o
DMA3_IRQHandler                                   ./startup/startup_mk64f12.o
DMA4_DriverIRQHandler                             ./startup/startup_mk64f12.o
DMA4_IRQHandler                                   ./startup/startup_mk64f12.o
DMA5_DriverIRQHandler                             ./startup/startup_mk64f12.o
DMA5_IRQHandler                                   ./startup/startup_mk64f12.o
DMA6_DriverIRQHandler                             ./startup/startup_mk64f12.o
DMA6_IRQHandler                                   ./startup/startup_mk64f12.o
DMA7_DriverIRQHandler                             ./startup/startup_mk64f12.o
DMA7_IRQHandler                                   ./startup/startup_mk64f12.o
DMA8_DriverIRQHandler                             ./startup/startup_mk64f12.o
DMA8_IRQHandler                                   ./startup/startup_mk64f12.o
DMA9_DriverIRQHandler                             ./startup/startup_mk64f12.o
DMA9_IRQHandler                                   ./startup/startup_mk64f12.o
DMA_Error_DriverIRQHandler                        ./startup/startup_mk64f12.o
DMA_Error_IRQHandler                              ./startup/startup_mk64f12.o
DbgConsole_ReadCharacter                          ./utilities/fsl_debug_console.o
DbgConsole_ReadLine                               ./utilities/fsl_debug_console.o
DbgConsole_ReadOneCharacter                       ./utilities/fsl_debug_console.o
DbgConsole_SendData                               ./utilities/fsl_debug_console.o
DbgConsole_SendDataReliable                       ./utilities/fsl_debug_console.o
DebugMon_Handler                                  ./startup/startup_mk64f12.o
ENET_1588_Timer_DriverIRQHandler                  ./startup/startup_mk64f12.o
ENET_1588_Timer_IRQHandler                        ./drivers/fsl_enet.o
                                                  ./startup/startup_mk64f12.o
ENET_AddMulticastGroup                            ./drivers/fsl_enet.o
ENET_CommonFrame0IRQHandler                       ./drivers/fsl_enet.o
ENET_Deinit                                       ./drivers/fsl_enet.o
ENET_DriverIRQHandler                             ./drivers/fsl_enet.o
ENET_ErrorIRQHandler                              ./drivers/fsl_enet.o
ENET_Error_DriverIRQHandler                       ./startup/startup_mk64f12.o
ENET_Error_IRQHandler                             ./drivers/fsl_enet.o
                                                  ./startup/startup_mk64f12.o
ENET_GetDefaultConfig                             ./drivers/fsl_enet.o
                                                  ./source/enet_txrx_transfer.o
ENET_GetInstance                                  ./drivers/fsl_enet.o
                                                  ./board/fsl_phy.o
ENET_GetMacAddr                                   ./drivers/fsl_enet.o
ENET_GetRxErrBeforeReadFrame                      ./drivers/fsl_enet.o
                                                  ./source/enet_txrx_transfer.o
ENET_GetRxFrameSize                               ./drivers/fsl_enet.o